Archive member included because of file (symbol)

C:\Users\monkey\Documents\Archivos\Programas\arduino-1.5.6\hardware\arduino\sam\variants\arduino_due_x/libsam_sam3x8e_gcc_rel.a(startup_sam3xa.o)
                              (Reset_Handler)
C:\Users\monkey\Documents\Archivos\Programas\arduino-1.5.6\hardware\arduino\sam\variants\arduino_due_x/libsam_sam3x8e_gcc_rel.a(uotghs.o)
                              C:\Users\monkey\Documents\Archivos\Programas\arduino-1.5.6\hardware\arduino\sam\variants\arduino_due_x/libsam_sam3x8e_gcc_rel.a(startup_sam3xa.o) (UOTGHS_Handler)
C:\Users\monkey\AppData\Local\VMicro\Arduino\Builds\Arduino\arduino_due_x_dbg/core.a(cortex_handlers.c.o)
                              C:\Users\monkey\Documents\Archivos\Programas\arduino-1.5.6\hardware\arduino\sam\variants\arduino_due_x/libsam_sam3x8e_gcc_rel.a(startup_sam3xa.o) (SysTick_Handler)
C:\Users\monkey\AppData\Local\VMicro\Arduino\Builds\Arduino\arduino_due_x_dbg/core.a(hooks.c.o)
                              C:\Users\monkey\AppData\Local\VMicro\Arduino\Builds\Arduino\arduino_due_x_dbg/core.a(cortex_handlers.c.o) (sysTickHook)
C:\Users\monkey\AppData\Local\VMicro\Arduino\Builds\Arduino\arduino_due_x_dbg/core.a(wiring.c.o)
                              C:\Users\monkey\AppData\Local\VMicro\Arduino\Builds\Arduino\arduino_due_x_dbg\Arduino.cpp.o (delay)
C:\Users\monkey\AppData\Local\VMicro\Arduino\Builds\Arduino\arduino_due_x_dbg/core.a(wiring_analog.c.o)
                              C:\Users\monkey\AppData\Local\VMicro\Arduino\Builds\Arduino\arduino_due_x_dbg\Arduino.cpp.o (analogWriteResolution)
C:\Users\monkey\AppData\Local\VMicro\Arduino\Builds\Arduino\arduino_due_x_dbg/core.a(wiring_digital.c.o)
                              C:\Users\monkey\AppData\Local\VMicro\Arduino\Builds\Arduino\arduino_due_x_dbg\Arduino.cpp.o (digitalRead)
C:\Users\monkey\AppData\Local\VMicro\Arduino\Builds\Arduino\arduino_due_x_dbg/core.a(main.cpp.o)
                              C:\Users\monkey\Documents\Archivos\Programas\arduino-1.5.6\hardware\arduino\sam\variants\arduino_due_x/libsam_sam3x8e_gcc_rel.a(startup_sam3xa.o) (main)
C:\Users\monkey\AppData\Local\VMicro\Arduino\Builds\Arduino\arduino_due_x_dbg/core.a(Print.cpp.o)
                              C:\Users\monkey\AppData\Local\VMicro\Arduino\Builds\Arduino\arduino_due_x_dbg\Arduino.cpp.o (Print::println())
C:\Users\monkey\AppData\Local\VMicro\Arduino\Builds\Arduino\arduino_due_x_dbg/core.a(Reset.cpp.o)
                              C:\Users\monkey\AppData\Local\VMicro\Arduino\Builds\Arduino\arduino_due_x_dbg/core.a(cortex_handlers.c.o) (tickReset)
C:\Users\monkey\AppData\Local\VMicro\Arduino\Builds\Arduino\arduino_due_x_dbg/core.a(UARTClass.cpp.o)
                              C:\Users\monkey\AppData\Local\VMicro\Arduino\Builds\Arduino\arduino_due_x_dbg\Arduino.cpp.o (UARTClass::available())
C:\Users\monkey\AppData\Local\VMicro\Arduino\Builds\Arduino\arduino_due_x_dbg/core.a(WMath.cpp.o)
                              C:\Users\monkey\AppData\Local\VMicro\Arduino\Builds\Arduino\arduino_due_x_dbg\Arduino.cpp.o (map(long, long, long, long, long))
C:\Users\monkey\AppData\Local\VMicro\Arduino\Builds\Arduino\arduino_due_x_dbg/core.a(USBCore.cpp.o)
                              C:\Users\monkey\AppData\Local\VMicro\Arduino\Builds\Arduino\arduino_due_x_dbg/core.a(main.cpp.o) (USBDevice_::attach())
C:\Users\monkey\AppData\Local\VMicro\Arduino\Builds\Arduino\arduino_due_x_dbg/core.a(variant.cpp.o)
                              C:\Users\monkey\AppData\Local\VMicro\Arduino\Builds\Arduino\arduino_due_x_dbg/core.a(main.cpp.o) (init)
C:\Users\monkey\AppData\Local\VMicro\Arduino\Builds\Arduino\arduino_due_x_dbg/core.a(cxxabi-compat.cpp.o)
                              C:\Users\monkey\AppData\Local\VMicro\Arduino\Builds\Arduino\arduino_due_x_dbg/core.a(Print.cpp.o) (__cxa_pure_virtual)
C:\Users\monkey\AppData\Local\VMicro\Arduino\Builds\Arduino\arduino_due_x_dbg/core.a(RingBuffer.cpp.o)
                              C:\Users\monkey\AppData\Local\VMicro\Arduino\Builds\Arduino\arduino_due_x_dbg/core.a(UARTClass.cpp.o) (RingBuffer::store_char(unsigned char))
C:\Users\monkey\AppData\Local\VMicro\Arduino\Builds\Arduino\arduino_due_x_dbg/core.a(USARTClass.cpp.o)
                              C:\Users\monkey\AppData\Local\VMicro\Arduino\Builds\Arduino\arduino_due_x_dbg/core.a(variant.cpp.o) (USARTClass::USARTClass(Usart*, IRQn, unsigned long, RingBuffer*))
C:\Users\monkey\AppData\Local\VMicro\Arduino\Builds\Arduino\arduino_due_x_dbg/core.a(CDC.cpp.o)
                              C:\Users\monkey\AppData\Local\VMicro\Arduino\Builds\Arduino\arduino_due_x_dbg/core.a(USBCore.cpp.o) (Serial_::accept())
C:\Users\monkey\AppData\Local\VMicro\Arduino\Builds\Arduino\arduino_due_x_dbg/core.a(HID.cpp.o)
                              C:\Users\monkey\AppData\Local\VMicro\Arduino\Builds\Arduino\arduino_due_x_dbg/core.a(USBCore.cpp.o) (HID_Setup(Setup&))
[...]
Memory Configuration

Name             Origin             Length             Attributes
rom              0x00080000         0x00080000         xr
sram0            0x20000000         0x00010000         xrw
sram1            0x20080000         0x00008000         xrw
ram              0x20070000         0x00018000         xrw
*default*        0x00000000         0xffffffff

Linker script and memory map

LOAD c:/users/monkey/documents/archivos/programas/arduino-1.5.6/hardware/tools/g++_arm_none_eabi/bin/../lib/gcc/arm-none-eabi/4.4.1/thumb2/crti.o
LOAD c:/users/monkey/documents/archivos/programas/arduino-1.5.6/hardware/tools/g++_arm_none_eabi/bin/../lib/gcc/arm-none-eabi/4.4.1/thumb2/crtbegin.o
LOAD c:/users/monkey/documents/archivos/programas/arduino-1.5.6/hardware/tools/g++_arm_none_eabi/bin/../lib/gcc/arm-none-eabi/4.4.1/thumb2\libgcc.a
START GROUP
LOAD C:\Users\monkey\AppData\Local\VMicro\Arduino\Builds\Arduino\arduino_due_x_dbg/syscalls_sam3.c.o
LOAD C:\Users\monkey\AppData\Local\VMicro\Arduino\Builds\Arduino\arduino_due_x_dbg\Motors.c.o
LOAD C:\Users\monkey\AppData\Local\VMicro\Arduino\Builds\Arduino\arduino_due_x_dbg\Arduino.cpp.o
LOAD C:\Users\monkey\Documents\Archivos\Programas\arduino-1.5.6\hardware\arduino\sam\variants\arduino_due_x/libsam_sam3x8e_gcc_rel.a
LOAD C:\Users\monkey\AppData\Local\VMicro\Arduino\Builds\Arduino\arduino_due_x_dbg/core.a
END GROUP
LOAD c:/users/monkey/documents/archivos/programas/arduino-1.5.6/hardware/tools/g++_arm_none_eabi/bin/../lib/gcc/arm-none-eabi/4.4.1/../../../../arm-none-eabi/lib/thumb2\libstdc++.a
LOAD c:/users/monkey/documents/archivos/programas/arduino-1.5.6/hardware/tools/g++_arm_none_eabi/bin/../lib/gcc/arm-none-eabi/4.4.1/../../../../arm-none-eabi/lib/thumb2\libm.a
START GROUP
LOAD c:/users/monkey/documents/archivos/programas/arduino-1.5.6/hardware/tools/g++_arm_none_eabi/bin/../lib/gcc/arm-none-eabi/4.4.1/thumb2\libgcc.a
LOAD c:/users/monkey/documents/archivos/programas/arduino-1.5.6/hardware/tools/g++_arm_none_eabi/bin/../lib/gcc/arm-none-eabi/4.4.1/../../../../arm-none-eabi/lib/thumb2\libc.a
END GROUP
LOAD c:/users/monkey/documents/archivos/programas/arduino-1.5.6/hardware/tools/g++_arm_none_eabi/bin/../lib/gcc/arm-none-eabi/4.4.1/thumb2/crtend.o
LOAD c:/users/monkey/documents/archivos/programas/arduino-1.5.6/hardware/tools/g++_arm_none_eabi/bin/../lib/gcc/arm-none-eabi/4.4.1/thumb2/crtn.o

.text           0x00080000     0x6e0c
                0x00080000                . = ALIGN (0x4)
                0x00080000                _sfixed = .
 *(.vectors .vectors.*)
 .vectors       0x00080000       0xf4 C:\Users\monkey\Documents\Archivos\Programas\arduino-1.5.6\hardware\arduino\sam\variants\arduino_due_x/libsam_sam3x8e_gcc_rel.a(startup_sam3xa.o)
                0x00080000                exception_table
 *(.text .text.* .gnu.linkonce.t.*)
 .text          0x000800f4       0x30 c:/users/monkey/documents/archivos/programas/arduino-1.5.6/hardware/tools/g++_arm_none_eabi/bin/../lib/gcc/arm-none-eabi/4.4.1/thumb2/crtbegin.o
 .text._sbrk    0x00080124       0x20 C:\Users\monkey\AppData\Local\VMicro\Arduino\Builds\Arduino\arduino_due_x_dbg/syscalls_sam3.c.o
                0x00080124                _sbrk
 .text._close   0x00080144        0x6 C:\Users\monkey\AppData\Local\VMicro\Arduino\Builds\Arduino\arduino_due_x_dbg/syscalls_sam3.c.o
                0x00080144                _close
 .text._fstat   0x0008014a        0xa C:\Users\monkey\AppData\Local\VMicro\Arduino\Builds\Arduino\arduino_due_x_dbg/syscalls_sam3.c.o
                0x0008014a                _fstat
 .text._isatty  0x00080154        0x4 C:\Users\monkey\AppData\Local\VMicro\Arduino\Builds\Arduino\arduino_due_x_dbg/syscalls_sam3.c.o
                0x00080154                _isatty
 .text._lseek   0x00080158        0x4 C:\Users\monkey\AppData\Local\VMicro\Arduino\Builds\Arduino\arduino_due_x_dbg/syscalls_sam3.c.o
                0x00080158                _lseek
 .text._read    0x0008015c        0x4 C:\Users\monkey\AppData\Local\VMicro\Arduino\Builds\Arduino\arduino_due_x_dbg/syscalls_sam3.c.o
                0x0008015c                _read
 .text._write   0x00080160       0x20 C:\Users\monkey\AppData\Local\VMicro\Arduino\Builds\Arduino\arduino_due_x_dbg/syscalls_sam3.c.o
                0x00080160                _write
 .text._kill    0x00080180        0x2 C:\Users\monkey\AppData\Local\VMicro\Arduino\Builds\Arduino\arduino_due_x_dbg/syscalls_sam3.c.o
                0x00080180                _kill
 .text._getpid  0x00080182        0x6 C:\Users\monkey\AppData\Local\VMicro\Arduino\Builds\Arduino\arduino_due_x_dbg/syscalls_sam3.c.o
                0x00080182                _getpid
 .text._exit    0x00080188       0x10 C:\Users\monkey\AppData\Local\VMicro\Arduino\Builds\Arduino\arduino_due_x_dbg/syscalls_sam3.c.o
                0x00080188                _exit
 .text._Z4beepb
                0x00080198        0x8 C:\Users\monkey\AppData\Local\VMicro\Arduino\Builds\Arduino\arduino_due_x_dbg\Arduino.cpp.o
                0x00080198                beep(bool)
 .text._Z3ledhb
                0x000801a0       0x14 C:\Users\monkey\AppData\Local\VMicro\Arduino\Builds\Arduino\arduino_due_x_dbg\Arduino.cpp.o
                0x000801a0                led(unsigned char, bool)
 .text._Z10read_frontv
                0x000801b4       0xd0 C:\Users\monkey\AppData\Local\VMicro\Arduino\Builds\Arduino\arduino_due_x_dbg\Arduino.cpp.o
                0x000801b4                read_front()
 .text._Z11read_middlev
                0x00080284       0x40 C:\Users\monkey\AppData\Local\VMicro\Arduino\Builds\Arduino\arduino_due_x_dbg\Arduino.cpp.o
                0x00080284                read_middle()
 .text._Z10sendMiddlev
                0x000802c4       0x2c C:\Users\monkey\AppData\Local\VMicro\Arduino\Builds\Arduino\arduino_due_x_dbg\Arduino.cpp.o
                0x000802c4                sendMiddle()
 .text._Z9sendFrontv
                0x000802f0       0x2c C:\Users\monkey\AppData\Local\VMicro\Arduino\Builds\Arduino\arduino_due_x_dbg\Arduino.cpp.o
                0x000802f0                sendFront()
 .text._Z16sendSensorValuesv
                0x0008031c       0x48 C:\Users\monkey\AppData\Local\VMicro\Arduino\Builds\Arduino\arduino_due_x_dbg\Arduino.cpp.o
                0x0008031c                sendSensorValues()
 .text.setup    0x00080364       0xc8 C:\Users\monkey\AppData\Local\VMicro\Arduino\Builds\Arduino\arduino_due_x_dbg\Arduino.cpp.o
                0x00080364                setup
 .text._Z21setBackwardSpeedRighti
                0x0008042c       0x28 C:\Users\monkey\AppData\Local\VMicro\Arduino\Builds\Arduino\arduino_due_x_dbg\Arduino.cpp.o
                0x0008042c                setBackwardSpeedRight(int)
 .text._Z20setBackwardSpeedLefti
                0x00080454       0x28 C:\Users\monkey\AppData\Local\VMicro\Arduino\Builds\Arduino\arduino_due_x_dbg\Arduino.cpp.o
                0x00080454                setBackwardSpeedLeft(int)
 .text._Z12moveBackwardhh
                0x0008047c       0x3c C:\Users\monkey\AppData\Local\VMicro\Arduino\Builds\Arduino\arduino_due_x_dbg\Arduino.cpp.o
                0x0008047c                moveBackward(unsigned char, unsigned char)
 .text._Z19setForwardSpeedLefti
                0x000804b8       0x24 C:\Users\monkey\AppData\Local\VMicro\Arduino\Builds\Arduino\arduino_due_x_dbg\Arduino.cpp.o
                0x000804b8                setForwardSpeedLeft(int)
 .text._Z20setForwardSpeedRighti
                0x000804dc       0x24 C:\Users\monkey\AppData\Local\VMicro\Arduino\Builds\Arduino\arduino_due_x_dbg\Arduino.cpp.o
                0x000804dc                setForwardSpeedRight(int)
 .text._Z9turnRighth
                0x00080500       0x22 C:\Users\monkey\AppData\Local\VMicro\Arduino\Builds\Arduino\arduino_due_x_dbg\Arduino.cpp.o
                0x00080500                turnRight(unsigned char)
 .text._Z8turnLefth
                0x00080522       0x26 C:\Users\monkey\AppData\Local\VMicro\Arduino\Builds\Arduino\arduino_due_x_dbg\Arduino.cpp.o
                0x00080522                turnLeft(unsigned char)
 .text._Z9setMotorsii
                0x00080548       0x12 C:\Users\monkey\AppData\Local\VMicro\Arduino\Builds\Arduino\arduino_due_x_dbg\Arduino.cpp.o
                0x00080548                setMotors(int, int)
 .text._Z11moveForwardh
                0x0008055a       0x1e C:\Users\monkey\AppData\Local\VMicro\Arduino\Builds\Arduino\arduino_due_x_dbg\Arduino.cpp.o
                0x0008055a                moveForward(unsigned char)
 .text._Z12moveBalancedhh
                0x00080578       0x38 C:\Users\monkey\AppData\Local\VMicro\Arduino\Builds\Arduino\arduino_due_x_dbg\Arduino.cpp.o
                0x00080578                moveBalanced(unsigned char, unsigned char)
 .text._Z10stopMotorsv
                0x000805b0       0x2a C:\Users\monkey\AppData\Local\VMicro\Arduino\Builds\Arduino\arduino_due_x_dbg\Arduino.cpp.o
                0x000805b0                stopMotors()
 *fill*         0x000805da        0x2 00
 .text._Z23getAndRunCommandFromUSBv
                0x000805dc       0xbc C:\Users\monkey\AppData\Local\VMicro\Arduino\Builds\Arduino\arduino_due_x_dbg\Arduino.cpp.o
                0x000805dc                getAndRunCommandFromUSB()
 .text.loop     0x00080698        0x4 C:\Users\monkey\AppData\Local\VMicro\Arduino\Builds\Arduino\arduino_due_x_dbg\Arduino.cpp.o
                0x00080698                loop
 .text.Reset_Handler
                0x0008069c       0x70 C:\Users\monkey\Documents\Archivos\Programas\arduino-1.5.6\hardware\arduino\sam\variants\arduino_due_x/libsam_sam3x8e_gcc_rel.a(startup_sam3xa.o)
                0x0008069c                Reset_Handler
 .text.UOTGHS_Handler
                0x0008070c       0x10 C:\Users\monkey\Documents\Archivos\Programas\arduino-1.5.6\hardware\arduino\sam\variants\arduino_due_x/libsam_sam3x8e_gcc_rel.a(uotghs.o)
                0x0008070c                UOTGHS_Handler
 .text.__halt   0x0008071c        0x2 C:\Users\monkey\AppData\Local\VMicro\Arduino\Builds\Arduino\arduino_due_x_dbg/core.a(cortex_handlers.c.o)
                0x0008071c                DACC_Handler
                0x0008071c                DebugMon_Handler
                0x0008071c                DMAC_Handler
                0x0008071c                TRNG_Handler
                0x0008071c                HardFault_Handler
                0x0008071c                TC2_Handler
                0x0008071c                TWI1_Handler
                0x0008071c                NMI_Handler
                0x0008071c                TC7_Handler
                0x0008071c                ADC_Handler
                0x0008071c                SMC_Handler
                0x0008071c                RTT_Handler
                0x0008071c                EFC1_Handler
                0x0008071c                PIOB_Handler
                0x0008071c                RTC_Handler
                0x0008071c                UsageFault_Handler
                0x0008071c                TC6_Handler
                0x0008071c                WDT_Handler
                0x0008071c                CAN0_Handler
                0x0008071c                TC4_Handler
                0x0008071c                TC1_Handler
                0x0008071c                HSMCI_Handler
                0x0008071c                TC3_Handler
                0x0008071c                TWI0_Handler
                0x0008071c                PIOA_Handler
                0x0008071c                SSC_Handler
                0x0008071c                EFC0_Handler
                0x0008071c                PMC_Handler
                0x0008071c                PWM_Handler
                0x0008071c                CAN1_Handler
                0x0008071c                MemManage_Handler
                0x0008071c                SUPC_Handler
                0x0008071c                TC8_Handler
                0x0008071c                USART2_Handler
                0x0008071c                PIOD_Handler
                0x0008071c                EMAC_Handler
                0x0008071c                PIOC_Handler
                0x0008071c                BusFault_Handler
                0x0008071c                RSTC_Handler
                0x0008071c                TC0_Handler
                0x0008071c                TC5_Handler
                0x0008071c                SPI0_Handler
 .text.SysTick_Handler
                0x0008071e       0x16 C:\Users\monkey\AppData\Local\VMicro\Arduino\Builds\Arduino\arduino_due_x_dbg/core.a(cortex_handlers.c.o)
                0x0008071e                SysTick_Handler
 .text.PendSV_Handler
                0x00080734        0x4 C:\Users\monkey\AppData\Local\VMicro\Arduino\Builds\Arduino\arduino_due_x_dbg/core.a(cortex_handlers.c.o)
                0x00080734                PendSV_Handler
 .text.SVC_Handler
                0x00080738        0x4 C:\Users\monkey\AppData\Local\VMicro\Arduino\Builds\Arduino\arduino_due_x_dbg/core.a(cortex_handlers.c.o)
                0x00080738                SVC_Handler
 .text.__empty  0x0008073c        0x2 C:\Users\monkey\AppData\Local\VMicro\Arduino\Builds\Arduino\arduino_due_x_dbg/core.a(hooks.c.o)
                0x0008073c                yield
 .text.__false  0x0008073e        0x4 C:\Users\monkey\AppData\Local\VMicro\Arduino\Builds\Arduino\arduino_due_x_dbg/core.a(hooks.c.o)
                0x0008073e                sysTickHook
 .text.__halt   0x00080742        0x2 C:\Users\monkey\AppData\Local\VMicro\Arduino\Builds\Arduino\arduino_due_x_dbg/core.a(hooks.c.o)
                0x00080742                svcHook
                0x00080742                pendSVHook
 .text.delay    0x00080744       0x1c C:\Users\monkey\AppData\Local\VMicro\Arduino\Builds\Arduino\arduino_due_x_dbg/core.a(wiring.c.o)
                0x00080744                delay
 .text.analogWriteResolution
                0x00080760        0xc C:\Users\monkey\AppData\Local\VMicro\Arduino\Builds\Arduino\arduino_due_x_dbg/core.a(wiring_analog.c.o)
                0x00080760                analogWriteResolution
 .text.TC_SetCMR_ChannelA
                0x0008076c       0x12 C:\Users\monkey\AppData\Local\VMicro\Arduino\Builds\Arduino\arduino_due_x_dbg/core.a(wiring_analog.c.o)
 .text.TC_SetCMR_ChannelB
                0x0008077e       0x12 C:\Users\monkey\AppData\Local\VMicro\Arduino\Builds\Arduino\arduino_due_x_dbg/core.a(wiring_analog.c.o)
 .text.analogOutputInit
                0x00080790       0x14 C:\Users\monkey\AppData\Local\VMicro\Arduino\Builds\Arduino\arduino_due_x_dbg/core.a(wiring_analog.c.o)
                0x00080790                analogOutputInit
 .text.analogWrite
                0x000807a4      0x2bc C:\Users\monkey\AppData\Local\VMicro\Arduino\Builds\Arduino\arduino_due_x_dbg/core.a(wiring_analog.c.o)
                0x000807a4                analogWrite
 .text.digitalRead
                0x00080a60       0x28 C:\Users\monkey\AppData\Local\VMicro\Arduino\Builds\Arduino\arduino_due_x_dbg/core.a(wiring_digital.c.o)
                0x00080a60                digitalRead
 .text.digitalWrite
                0x00080a88       0x48 C:\Users\monkey\AppData\Local\VMicro\Arduino\Builds\Arduino\arduino_due_x_dbg/core.a(wiring_digital.c.o)
                0x00080a88                digitalWrite
 .text.pinMode  0x00080ad0       0x68 C:\Users\monkey\AppData\Local\VMicro\Arduino\Builds\Arduino\arduino_due_x_dbg/core.a(wiring_digital.c.o)
                0x00080ad0                pinMode
 .text.main     0x00080b38       0x30 C:\Users\monkey\AppData\Local\VMicro\Arduino\Builds\Arduino\arduino_due_x_dbg/core.a(main.cpp.o)
                0x00080b38                main
 .text._ZN5Print5writeEPKhj
                0x00080b68       0x2e C:\Users\monkey\AppData\Local\VMicro\Arduino\Builds\Arduino\arduino_due_x_dbg/core.a(Print.cpp.o)
                0x00080b68                Print::write(unsigned char const*, unsigned int)
 .text._ZN5Print5printEc
                0x00080b96        0xa C:\Users\monkey\AppData\Local\VMicro\Arduino\Builds\Arduino\arduino_due_x_dbg/core.a(Print.cpp.o)
                0x00080b96                Print::print(char)
 .text._ZN5Print7printlnEv
                0x00080ba0       0x18 C:\Users\monkey\AppData\Local\VMicro\Arduino\Builds\Arduino\arduino_due_x_dbg/core.a(Print.cpp.o)
                0x00080ba0                Print::println()
 .text._ZN5Print5writeEPKc
                0x00080bb8       0x20 C:\Users\monkey\AppData\Local\VMicro\Arduino\Builds\Arduino\arduino_due_x_dbg/core.a(Print.cpp.o)
                0x00080bb8                Print::write(char const*)
 .text._ZN5Print11printNumberEmh
                0x00080bd8       0x3e C:\Users\monkey\AppData\Local\VMicro\Arduino\Builds\Arduino\arduino_due_x_dbg/core.a(Print.cpp.o)
                0x00080bd8                Print::printNumber(unsigned long, unsigned char)
 .text._ZN5Print5printEli
                0x00080c16       0x42 C:\Users\monkey\AppData\Local\VMicro\Arduino\Builds\Arduino\arduino_due_x_dbg/core.a(Print.cpp.o)
                0x00080c16                Print::print(long, int)
 .text._ZN5Print5printEii
                0x00080c58        0x4 C:\Users\monkey\AppData\Local\VMicro\Arduino\Builds\Arduino\arduino_due_x_dbg/core.a(Print.cpp.o)
                0x00080c58                Print::print(int, int)
 .text.initiateReset
                0x00080c5c        0xc C:\Users\monkey\AppData\Local\VMicro\Arduino\Builds\Arduino\arduino_due_x_dbg/core.a(Reset.cpp.o)
                0x00080c5c                initiateReset
 .text.cancelReset
                0x00080c68       0x10 C:\Users\monkey\AppData\Local\VMicro\Arduino\Builds\Arduino\arduino_due_x_dbg/core.a(Reset.cpp.o)
                0x00080c68                cancelReset
 .text.tickReset
                0x00080c78       0x20 C:\Users\monkey\AppData\Local\VMicro\Arduino\Builds\Arduino\arduino_due_x_dbg/core.a(Reset.cpp.o)
                0x00080c78                tickReset
 .text._ZN9UARTClasscvbEv
                0x00080c98        0x4 C:\Users\monkey\AppData\Local\VMicro\Arduino\Builds\Arduino\arduino_due_x_dbg/core.a(UARTClass.cpp.o)
                0x00080c98                UARTClass::operator bool()
 .text._ZN9UARTClassC1EP4Uart4IRQnmP10RingBuffer
                0x00080c9c       0x24 C:\Users\monkey\AppData\Local\VMicro\Arduino\Builds\Arduino\arduino_due_x_dbg/core.a(UARTClass.cpp.o)
                0x00080c9c                UARTClass::UARTClass(Uart*, IRQn, unsigned long, RingBuffer*)
 .text._ZN9UARTClass9availableEv
                0x00080cc0        0xe C:\Users\monkey\AppData\Local\VMicro\Arduino\Builds\Arduino\arduino_due_x_dbg/core.a(UARTClass.cpp.o)
                0x00080cc0                UARTClass::available()
 .text._ZN9UARTClass4peekEv
                0x00080cce       0x12 C:\Users\monkey\AppData\Local\VMicro\Arduino\Builds\Arduino\arduino_due_x_dbg/core.a(UARTClass.cpp.o)
                0x00080cce                UARTClass::peek()
 .text._ZN9UARTClass4readEv
                0x00080ce0       0x1c C:\Users\monkey\AppData\Local\VMicro\Arduino\Builds\Arduino\arduino_due_x_dbg/core.a(UARTClass.cpp.o)
                0x00080ce0                UARTClass::read()
 .text._ZN9UARTClass5flushEv
                0x00080cfc        0xc C:\Users\monkey\AppData\Local\VMicro\Arduino\Builds\Arduino\arduino_due_x_dbg/core.a(UARTClass.cpp.o)
                0x00080cfc                UARTClass::flush()
 .text._ZN9UARTClass5writeEh
                0x00080d08       0x10 C:\Users\monkey\AppData\Local\VMicro\Arduino\Builds\Arduino\arduino_due_x_dbg/core.a(UARTClass.cpp.o)
                0x00080d08                UARTClass::write(unsigned char)
 .text._ZN9UARTClass10IrqHandlerEv
                0x00080d18       0x2a C:\Users\monkey\AppData\Local\VMicro\Arduino\Builds\Arduino\arduino_due_x_dbg/core.a(UARTClass.cpp.o)
                0x00080d18                UARTClass::IrqHandler()
 *fill*         0x00080d42        0x2 00
 .text._ZN9UARTClass3endEv
                0x00080d44       0x38 C:\Users\monkey\AppData\Local\VMicro\Arduino\Builds\Arduino\arduino_due_x_dbg/core.a(UARTClass.cpp.o)
                0x00080d44                UARTClass::end()
 .text._ZN9UARTClass5beginEm
                0x00080d7c       0x5c C:\Users\monkey\AppData\Local\VMicro\Arduino\Builds\Arduino\arduino_due_x_dbg/core.a(UARTClass.cpp.o)
                0x00080d7c                UARTClass::begin(unsigned long)
 .text._Z3maplllll
                0x00080dd8       0x1a C:\Users\monkey\AppData\Local\VMicro\Arduino\Builds\Arduino\arduino_due_x_dbg/core.a(WMath.cpp.o)
                0x00080dd8                map(long, long, long, long, long)
 *fill*         0x00080df2        0x2 00
 .text._Z16USBD_InitControli
                0x00080df4       0x14 C:\Users\monkey\AppData\Local\VMicro\Arduino\Builds\Arduino\arduino_due_x_dbg/core.a(USBCore.cpp.o)
                0x00080df4                USBD_InitControl(int)
 .text._ZL11USB_SendZlpv
                0x00080e08       0x24 C:\Users\monkey\AppData\Local\VMicro\Arduino\Builds\Arduino\arduino_due_x_dbg/core.a(USBCore.cpp.o)
 .text._ZN10USBDevice_6attachEv
                0x00080e2c       0x20 C:\Users\monkey\AppData\Local\VMicro\Arduino\Builds\Arduino\arduino_due_x_dbg/core.a(USBCore.cpp.o)
                0x00080e2c                USBDevice_::attach()
 .text._ZN10USBDevice_C1Ev
                0x00080e4c       0x24 C:\Users\monkey\AppData\Local\VMicro\Arduino\Builds\Arduino\arduino_due_x_dbg/core.a(USBCore.cpp.o)
                0x00080e4c                USBDevice_::USBDevice_()
 .text._Z14USBD_Availablem
                0x00080e70       0x2c C:\Users\monkey\AppData\Local\VMicro\Arduino\Builds\Arduino\arduino_due_x_dbg/core.a(USBCore.cpp.o)
                0x00080e70                USBD_Available(unsigned long)
 .text._Z10USBD_Flushm
                0x00080e9c       0x16 C:\Users\monkey\AppData\Local\VMicro\Arduino\Builds\Arduino\arduino_due_x_dbg/core.a(USBCore.cpp.o)
                0x00080e9c                USBD_Flush(unsigned long)
 .text._Z24USBD_SendOtherInterfacesv
                0x00080eb2       0x1c C:\Users\monkey\AppData\Local\VMicro\Arduino\Builds\Arduino\arduino_due_x_dbg/core.a(USBCore.cpp.o)
                0x00080eb2                USBD_SendOtherInterfaces()
 .text._Z19USBD_SendInterfacesv
                0x00080ece       0x1c C:\Users\monkey\AppData\Local\VMicro\Arduino\Builds\Arduino\arduino_due_x_dbg/core.a(USBCore.cpp.o)
                0x00080ece                USBD_SendInterfaces()
 .text._Z26USBD_ClassInterfaceRequestR5Setup
                0x00080eea       0x14 C:\Users\monkey\AppData\Local\VMicro\Arduino\Builds\Arduino\arduino_due_x_dbg/core.a(USBCore.cpp.o)
                0x00080eea                USBD_ClassInterfaceRequest(Setup&)
 .text._Z16USBD_RecvControlPvm
                0x00080efe       0x1c C:\Users\monkey\AppData\Local\VMicro\Arduino\Builds\Arduino\arduino_due_x_dbg/core.a(USBCore.cpp.o)
                0x00080efe                USBD_RecvControl(void*, unsigned long)
 *fill*         0x00080f1a        0x2 00
 .text._Z16USBD_SendControlhPKvm
                0x00080f1c       0x40 C:\Users\monkey\AppData\Local\VMicro\Arduino\Builds\Arduino\arduino_due_x_dbg/core.a(USBCore.cpp.o)
                0x00080f1c                USBD_SendControl(unsigned char, void const*, unsigned long)
 .text._ZL24USB_SendStringDescriptorPKhi
                0x00080f5c       0x42 C:\Users\monkey\AppData\Local\VMicro\Arduino\Builds\Arduino\arduino_due_x_dbg/core.a(USBCore.cpp.o)
 *fill*         0x00080f9e        0x2 00
 .text._ZL7USB_ISRv
                0x00080fa0      0x438 C:\Users\monkey\AppData\Local\VMicro\Arduino\Builds\Arduino\arduino_due_x_dbg/core.a(USBCore.cpp.o)
 .text._Z9USBD_SendmPKvm
                0x000813d8       0x4c C:\Users\monkey\AppData\Local\VMicro\Arduino\Builds\Arduino\arduino_due_x_dbg/core.a(USBCore.cpp.o)
                0x000813d8                USBD_Send(unsigned long, void const*, unsigned long)
 .text._Z9USBD_RecvmPvm
                0x00081424       0x7c C:\Users\monkey\AppData\Local\VMicro\Arduino\Builds\Arduino\arduino_due_x_dbg/core.a(USBCore.cpp.o)
                0x00081424                USBD_Recv(unsigned long, void*, unsigned long)
 .text._Z9USBD_Recvm
                0x000814a0       0x1e C:\Users\monkey\AppData\Local\VMicro\Arduino\Builds\Arduino\arduino_due_x_dbg/core.a(USBCore.cpp.o)
                0x000814a0                USBD_Recv(unsigned long)
 *fill*         0x000814be        0x2 00
 .text._GLOBAL__I_TxLEDPulse
                0x000814c0        0xc C:\Users\monkey\AppData\Local\VMicro\Arduino\Builds\Arduino\arduino_due_x_dbg/core.a(USBCore.cpp.o)
 .text._Z11serialEventv
                0x000814cc        0x2 C:\Users\monkey\AppData\Local\VMicro\Arduino\Builds\Arduino\arduino_due_x_dbg/core.a(variant.cpp.o)
                0x000814cc                serialEvent()
 .text._Z12serialEvent1v
                0x000814ce        0x2 C:\Users\monkey\AppData\Local\VMicro\Arduino\Builds\Arduino\arduino_due_x_dbg/core.a(variant.cpp.o)
                0x000814ce                serialEvent1()
 .text._Z12serialEvent2v
                0x000814d0        0x2 C:\Users\monkey\AppData\Local\VMicro\Arduino\Builds\Arduino\arduino_due_x_dbg/core.a(variant.cpp.o)
                0x000814d0                serialEvent2()
 .text._Z12serialEvent3v
                0x000814d2        0x2 C:\Users\monkey\AppData\Local\VMicro\Arduino\Builds\Arduino\arduino_due_x_dbg/core.a(variant.cpp.o)
                0x000814d2                serialEvent3()
 .text.init     0x000814d4      0x134 C:\Users\monkey\AppData\Local\VMicro\Arduino\Builds\Arduino\arduino_due_x_dbg/core.a(variant.cpp.o)
                0x000814d4                init
 .text._Z14serialEventRunv
                0x00081608       0x48 C:\Users\monkey\AppData\Local\VMicro\Arduino\Builds\Arduino\arduino_due_x_dbg/core.a(variant.cpp.o)
                0x00081608                serialEventRun()
 .text.USART3_Handler
                0x00081650        0xc C:\Users\monkey\AppData\Local\VMicro\Arduino\Builds\Arduino\arduino_due_x_dbg/core.a(variant.cpp.o)
                0x00081650                USART3_Handler
 .text.USART1_Handler
                0x0008165c        0xc C:\Users\monkey\AppData\Local\VMicro\Arduino\Builds\Arduino\arduino_due_x_dbg/core.a(variant.cpp.o)
                0x0008165c                USART1_Handler
 .text.USART0_Handler
                0x00081668        0xc C:\Users\monkey\AppData\Local\VMicro\Arduino\Builds\Arduino\arduino_due_x_dbg/core.a(variant.cpp.o)
                0x00081668                USART0_Handler
 .text.UART_Handler
                0x00081674        0xc C:\Users\monkey\AppData\Local\VMicro\Arduino\Builds\Arduino\arduino_due_x_dbg/core.a(variant.cpp.o)
                0x00081674                UART_Handler
 .text._GLOBAL__I_g_APinDescription
                0x00081680       0x8c C:\Users\monkey\AppData\Local\VMicro\Arduino\Builds\Arduino\arduino_due_x_dbg/core.a(variant.cpp.o)
 .text._ZN10RingBuffer10store_charEh
                0x0008170c       0x16 C:\Users\monkey\AppData\Local\VMicro\Arduino\Builds\Arduino\arduino_due_x_dbg/core.a(RingBuffer.cpp.o)
                0x0008170c                RingBuffer::store_char(unsigned char)
 .text._ZN10RingBufferC1Ev
                0x00081722       0x16 C:\Users\monkey\AppData\Local\VMicro\Arduino\Builds\Arduino\arduino_due_x_dbg/core.a(RingBuffer.cpp.o)
                0x00081722                RingBuffer::RingBuffer()
 .text._ZN10USARTClasscvbEv
                0x00081738        0x4 C:\Users\monkey\AppData\Local\VMicro\Arduino\Builds\Arduino\arduino_due_x_dbg/core.a(USARTClass.cpp.o)
                0x00081738                USARTClass::operator bool()
 .text._ZN10USARTClassC1EP5Usart4IRQnmP10RingBuffer
                0x0008173c       0x24 C:\Users\monkey\AppData\Local\VMicro\Arduino\Builds\Arduino\arduino_due_x_dbg/core.a(USARTClass.cpp.o)
                0x0008173c                USARTClass::USARTClass(Usart*, IRQn, unsigned long, RingBuffer*)
 .text._ZN10USARTClass9availableEv
                0x00081760        0xe C:\Users\monkey\AppData\Local\VMicro\Arduino\Builds\Arduino\arduino_due_x_dbg/core.a(USARTClass.cpp.o)
                0x00081760                USARTClass::available()
 .text._ZN10USARTClass4peekEv
                0x0008176e       0x12 C:\Users\monkey\AppData\Local\VMicro\Arduino\Builds\Arduino\arduino_due_x_dbg/core.a(USARTClass.cpp.o)
                0x0008176e                USARTClass::peek()
 .text._ZN10USARTClass4readEv
                0x00081780       0x1c C:\Users\monkey\AppData\Local\VMicro\Arduino\Builds\Arduino\arduino_due_x_dbg/core.a(USARTClass.cpp.o)
                0x00081780                USARTClass::read()
 .text._ZN10USARTClass5flushEv
                0x0008179c        0xc C:\Users\monkey\AppData\Local\VMicro\Arduino\Builds\Arduino\arduino_due_x_dbg/core.a(USARTClass.cpp.o)
                0x0008179c                USARTClass::flush()
 .text._ZN10USARTClass5writeEh
                0x000817a8       0x10 C:\Users\monkey\AppData\Local\VMicro\Arduino\Builds\Arduino\arduino_due_x_dbg/core.a(USARTClass.cpp.o)
                0x000817a8                USARTClass::write(unsigned char)
 .text._ZN10USARTClass10IrqHandlerEv
                0x000817b8       0x2a C:\Users\monkey\AppData\Local\VMicro\Arduino\Builds\Arduino\arduino_due_x_dbg/core.a(USARTClass.cpp.o)
                0x000817b8                USARTClass::IrqHandler()
 *fill*         0x000817e2        0x2 00
 .text._ZN10USARTClass3endEv
                0x000817e4       0x38 C:\Users\monkey\AppData\Local\VMicro\Arduino\Builds\Arduino\arduino_due_x_dbg/core.a(USARTClass.cpp.o)
                0x000817e4                USARTClass::end()
 .text._ZN10USARTClass5beginEm
                0x0008181c       0x5c C:\Users\monkey\AppData\Local\VMicro\Arduino\Builds\Arduino\arduino_due_x_dbg/core.a(USARTClass.cpp.o)
                0x0008181c                USARTClass::begin(unsigned long)
 .text._ZN7Serial_9availableEv
                0x00081878       0x18 C:\Users\monkey\AppData\Local\VMicro\Arduino\Builds\Arduino\arduino_due_x_dbg/core.a(CDC.cpp.o)
                0x00081878                Serial_::available()
 .text._ZN7Serial_4peekEv
                0x00081890       0x20 C:\Users\monkey\AppData\Local\VMicro\Arduino\Builds\Arduino\arduino_due_x_dbg/core.a(CDC.cpp.o)
                0x00081890                Serial_::peek()
 .text._ZN7Serial_5writeEh
                0x000818b0       0x14 C:\Users\monkey\AppData\Local\VMicro\Arduino\Builds\Arduino\arduino_due_x_dbg/core.a(CDC.cpp.o)
                0x000818b0                Serial_::write(unsigned char)
 .text._ZN7Serial_5writeEPKhj
                0x000818c4       0x28 C:\Users\monkey\AppData\Local\VMicro\Arduino\Builds\Arduino\arduino_due_x_dbg/core.a(CDC.cpp.o)
                0x000818c4                Serial_::write(unsigned char const*, unsigned int)
 .text._ZN7Serial_5flushEv
                0x000818ec        0x6 C:\Users\monkey\AppData\Local\VMicro\Arduino\Builds\Arduino\arduino_due_x_dbg/core.a(CDC.cpp.o)
                0x000818ec                Serial_::flush()
 *fill*         0x000818f2        0x2 00
 .text._ZN7Serial_4readEv
                0x000818f4       0x44 C:\Users\monkey\AppData\Local\VMicro\Arduino\Builds\Arduino\arduino_due_x_dbg/core.a(CDC.cpp.o)
                0x000818f4                Serial_::read()
 .text._ZN7Serial_6acceptEv
                0x00081938       0x6c C:\Users\monkey\AppData\Local\VMicro\Arduino\Builds\Arduino\arduino_due_x_dbg/core.a(CDC.cpp.o)
                0x00081938                Serial_::accept()
 .text._Z21CDC_GetOtherInterfacePh
                0x000819a4       0x14 C:\Users\monkey\AppData\Local\VMicro\Arduino\Builds\Arduino\arduino_due_x_dbg/core.a(CDC.cpp.o)
                0x000819a4                CDC_GetOtherInterface(unsigned char*)
 .text._Z16CDC_GetInterfacePh
                0x000819b8       0x14 C:\Users\monkey\AppData\Local\VMicro\Arduino\Builds\Arduino\arduino_due_x_dbg/core.a(CDC.cpp.o)
                0x000819b8                CDC_GetInterface(unsigned char*)
 .text._Z9CDC_SetupR5Setup
                0x000819cc       0x60 C:\Users\monkey\AppData\Local\VMicro\Arduino\Builds\Arduino\arduino_due_x_dbg/core.a(CDC.cpp.o)
                0x000819cc                CDC_Setup(Setup&)
 .text._GLOBAL__I_cdc_rx_buffer
                0x00081a2c       0x1c C:\Users\monkey\AppData\Local\VMicro\Arduino\Builds\Arduino\arduino_due_x_dbg/core.a(CDC.cpp.o)
 .text._Z9HID_SetupR5Setup
                0x00081a48       0x44 C:\Users\monkey\AppData\Local\VMicro\Arduino\Builds\Arduino\arduino_due_x_dbg/core.a(HID.cpp.o)
                0x00081a48                HID_Setup(Setup&)
 .text._ZN6Mouse_C1Ev
                0x00081a8c        0x6 C:\Users\monkey\AppData\Local\VMicro\Arduino\Builds\Arduino\arduino_due_x_dbg/core.a(HID.cpp.o)
                0x00081a8c                Mouse_::Mouse_()
 *fill*         0x00081a92        0x2 00
 .text._ZN9Keyboard_C1Ev
                0x00081a94       0x10 C:\Users\monkey\AppData\Local\VMicro\Arduino\Builds\Arduino\arduino_due_x_dbg/core.a(HID.cpp.o)
                0x00081a94                Keyboard_::Keyboard_()
 .text._ZN9Keyboard_5writeEh
                0x00081aa4       0x1c C:\Users\monkey\AppData\Local\VMicro\Arduino\Builds\Arduino\arduino_due_x_dbg/core.a(HID.cpp.o)
                0x00081aa4                Keyboard_::write(unsigned char)
 .text._Z14HID_SendReporthPKvm
                0x00081ac0       0x2c C:\Users\monkey\AppData\Local\VMicro\Arduino\Builds\Arduino\arduino_due_x_dbg/core.a(HID.cpp.o)
                0x00081ac0                HID_SendReport(unsigned char, void const*, unsigned long)
 .text._ZN9Keyboard_10sendReportEP9KeyReport
                0x00081aec        0x8 C:\Users\monkey\AppData\Local\VMicro\Arduino\Builds\Arduino\arduino_due_x_dbg/core.a(HID.cpp.o)
                0x00081aec                Keyboard_::sendReport(KeyReport*)
 .text._ZN9Keyboard_10releaseAllEv
                0x00081af4       0x18 C:\Users\monkey\AppData\Local\VMicro\Arduino\Builds\Arduino\arduino_due_x_dbg/core.a(HID.cpp.o)
                0x00081af4                Keyboard_::releaseAll()
 .text._ZN9Keyboard_7releaseEh
                0x00081b0c       0x74 C:\Users\monkey\AppData\Local\VMicro\Arduino\Builds\Arduino\arduino_due_x_dbg/core.a(HID.cpp.o)
                0x00081b0c                Keyboard_::release(unsigned char)
 .text._ZN9Keyboard_5pressEh
                0x00081b80       0x9c C:\Users\monkey\AppData\Local\VMicro\Arduino\Builds\Arduino\arduino_due_x_dbg/core.a(HID.cpp.o)
                0x00081b80                Keyboard_::press(unsigned char)
 .text._Z17HID_GetDescriptori
                0x00081c1c       0x10 C:\Users\monkey\AppData\Local\VMicro\Arduino\Builds\Arduino\arduino_due_x_dbg/core.a(HID.cpp.o)
                0x00081c1c                HID_GetDescriptor(int)
 .text._Z16HID_GetInterfacePh
                0x00081c2c       0x14 C:\Users\monkey\AppData\Local\VMicro\Arduino\Builds\Arduino\arduino_due_x_dbg/core.a(HID.cpp.o)
                0x00081c2c                HID_GetInterface(unsigned char*)
 .text._GLOBAL__I_Mouse
                0x00081c40       0x1c C:\Users\monkey\AppData\Local\VMicro\Arduino\Builds\Arduino\arduino_due_x_dbg/core.a(HID.cpp.o)
 .text.PIO_DisableInterrupt
                0x00081c5c        0x4 C:\Users\monkey\Documents\Archivos\Programas\arduino-1.5.6\hardware\arduino\sam\variants\arduino_due_x/libsam_sam3x8e_gcc_rel.a(pio.o)
                0x00081c5c                PIO_DisableInterrupt
 .text.PIO_PullUp
                0x00081c60        0xa C:\Users\monkey\Documents\Archivos\Programas\arduino-1.5.6\hardware\arduino\sam\variants\arduino_due_x/libsam_sam3x8e_gcc_rel.a(pio.o)
                0x00081c60                PIO_PullUp
 .text.PIO_Get  0x00081c6a       0x16 C:\Users\monkey\Documents\Archivos\Programas\arduino-1.5.6\hardware\arduino\sam\variants\arduino_due_x/libsam_sam3x8e_gcc_rel.a(pio.o)
                0x00081c6a                PIO_Get
 .text.PIO_SetPeripheral
                0x00081c80       0x2a C:\Users\monkey\Documents\Archivos\Programas\arduino-1.5.6\hardware\arduino\sam\variants\arduino_due_x/libsam_sam3x8e_gcc_rel.a(pio.o)
                0x00081c80                PIO_SetPeripheral
 *fill*         0x00081caa        0x2 00
 .text.PIO_SetInput
                0x00081cac       0x40 C:\Users\monkey\Documents\Archivos\Programas\arduino-1.5.6\hardware\arduino\sam\variants\arduino_due_x/libsam_sam3x8e_gcc_rel.a(pio.o)
                0x00081cac                PIO_SetInput
 .text.PIO_SetOutput
                0x00081cec       0x38 C:\Users\monkey\Documents\Archivos\Programas\arduino-1.5.6\hardware\arduino\sam\variants\arduino_due_x/libsam_sam3x8e_gcc_rel.a(pio.o)
                0x00081cec                PIO_SetOutput
 .text.PIO_Configure
                0x00081d24       0x74 C:\Users\monkey\Documents\Archivos\Programas\arduino-1.5.6\hardware\arduino\sam\variants\arduino_due_x/libsam_sam3x8e_gcc_rel.a(pio.o)
                0x00081d24                PIO_Configure
 .text.PIO_GetOutputDataStatus
                0x00081d98       0x16 C:\Users\monkey\Documents\Archivos\Programas\arduino-1.5.6\hardware\arduino\sam\variants\arduino_due_x/libsam_sam3x8e_gcc_rel.a(pio.o)
                0x00081d98                PIO_GetOutputDataStatus
 *fill*         0x00081dae        0x2 00
 .text.pmc_enable_upll_clock
                0x00081db0       0x18 C:\Users\monkey\Documents\Archivos\Programas\arduino-1.5.6\hardware\arduino\sam\variants\arduino_due_x/libsam_sam3x8e_gcc_rel.a(pmc.o)
                0x00081db0                pmc_enable_upll_clock
 .text.pmc_enable_periph_clk
                0x00081dc8       0x48 C:\Users\monkey\Documents\Archivos\Programas\arduino-1.5.6\hardware\arduino\sam\variants\arduino_due_x/libsam_sam3x8e_gcc_rel.a(pmc.o)
                0x00081dc8                pmc_enable_periph_clk
 .text.pmc_disable_periph_clk
                0x00081e10       0x48 C:\Users\monkey\Documents\Archivos\Programas\arduino-1.5.6\hardware\arduino\sam\variants\arduino_due_x/libsam_sam3x8e_gcc_rel.a(pmc.o)
                0x00081e10                pmc_disable_periph_clk
 .text.pmc_switch_udpck_to_upllck
                0x00081e58       0x14 C:\Users\monkey\Documents\Archivos\Programas\arduino-1.5.6\hardware\arduino\sam\variants\arduino_due_x/libsam_sam3x8e_gcc_rel.a(pmc.o)
                0x00081e58                pmc_switch_udpck_to_upllck
 .text.pmc_enable_udpck
                0x00081e6c        0xc C:\Users\monkey\Documents\Archivos\Programas\arduino-1.5.6\hardware\arduino\sam\variants\arduino_due_x/libsam_sam3x8e_gcc_rel.a(pmc.o)
                0x00081e6c                pmc_enable_udpck
 .text.FindClockConfiguration
                0x00081e78       0x7c C:\Users\monkey\Documents\Archivos\Programas\arduino-1.5.6\hardware\arduino\sam\variants\arduino_due_x/libsam_sam3x8e_gcc_rel.a(pwmc.o)
 .text.PWMC_ConfigureChannel
                0x00081ef4       0x60 C:\Users\monkey\Documents\Archivos\Programas\arduino-1.5.6\hardware\arduino\sam\variants\arduino_due_x/libsam_sam3x8e_gcc_rel.a(pwmc.o)
                0x00081ef4                PWMC_ConfigureChannel
 .text.PWMC_ConfigureClocks
                0x00081f54       0x54 C:\Users\monkey\Documents\Archivos\Programas\arduino-1.5.6\hardware\arduino\sam\variants\arduino_due_x/libsam_sam3x8e_gcc_rel.a(pwmc.o)
                0x00081f54                PWMC_ConfigureClocks
 .text.PWMC_SetPeriod
                0x00081fa8       0x1a C:\Users\monkey\Documents\Archivos\Programas\arduino-1.5.6\hardware\arduino\sam\variants\arduino_due_x/libsam_sam3x8e_gcc_rel.a(pwmc.o)
                0x00081fa8                PWMC_SetPeriod
 *fill*         0x00081fc2        0x2 00
 .text.PWMC_SetDutyCycle
                0x00081fc4       0x48 C:\Users\monkey\Documents\Archivos\Programas\arduino-1.5.6\hardware\arduino\sam\variants\arduino_due_x/libsam_sam3x8e_gcc_rel.a(pwmc.o)
                0x00081fc4                PWMC_SetDutyCycle
 .text.PWMC_EnableChannel
                0x0008200c        0x8 C:\Users\monkey\Documents\Archivos\Programas\arduino-1.5.6\hardware\arduino\sam\variants\arduino_due_x/libsam_sam3x8e_gcc_rel.a(pwmc.o)
                0x0008200c                PWMC_EnableChannel
 .text.TC_Configure
                0x00082014       0x38 C:\Users\monkey\Documents\Archivos\Programas\arduino-1.5.6\hardware\arduino\sam\variants\arduino_due_x/libsam_sam3x8e_gcc_rel.a(tc.o)
                0x00082014                TC_Configure
 .text.TC_Start
                0x0008204c       0x2c C:\Users\monkey\Documents\Archivos\Programas\arduino-1.5.6\hardware\arduino\sam\variants\arduino_due_x/libsam_sam3x8e_gcc_rel.a(tc.o)
                0x0008204c                TC_Start
 .text.TC_SetRA
                0x00082078        0x8 C:\Users\monkey\Documents\Archivos\Programas\arduino-1.5.6\hardware\arduino\sam\variants\arduino_due_x/libsam_sam3x8e_gcc_rel.a(tc.o)
                0x00082078                TC_SetRA
 .text.TC_SetRB
                0x00082080        0x8 C:\Users\monkey\Documents\Archivos\Programas\arduino-1.5.6\hardware\arduino\sam\variants\arduino_due_x/libsam_sam3x8e_gcc_rel.a(tc.o)
                0x00082080                TC_SetRB
 .text.TC_SetRC
                0x00082088        0x8 C:\Users\monkey\Documents\Archivos\Programas\arduino-1.5.6\hardware\arduino\sam\variants\arduino_due_x/libsam_sam3x8e_gcc_rel.a(tc.o)
                0x00082088                TC_SetRC
 .text.TimeTick_Increment
                0x00082090       0x10 C:\Users\monkey\Documents\Archivos\Programas\arduino-1.5.6\hardware\arduino\sam\variants\arduino_due_x/libsam_sam3x8e_gcc_rel.a(timetick.o)
                0x00082090                TimeTick_Increment
 .text.GetTickCount
                0x000820a0        0xc C:\Users\monkey\Documents\Archivos\Programas\arduino-1.5.6\hardware\arduino\sam\variants\arduino_due_x/libsam_sam3x8e_gcc_rel.a(timetick.o)
                0x000820a0                GetTickCount
 .text.WDT_Disable
                0x000820ac        0x8 C:\Users\monkey\Documents\Archivos\Programas\arduino-1.5.6\hardware\arduino\sam\variants\arduino_due_x/libsam_sam3x8e_gcc_rel.a(wdt.o)
                0x000820ac                WDT_Disable
 .text.SystemInit
                0x000820b4       0x9c C:\Users\monkey\Documents\Archivos\Programas\arduino-1.5.6\hardware\arduino\sam\variants\arduino_due_x/libsam_sam3x8e_gcc_rel.a(system_sam3xa.o)
                0x000820b4                SystemInit
 .text.adc_init
                0x00082150       0xa0 C:\Users\monkey\Documents\Archivos\Programas\arduino-1.5.6\hardware\arduino\sam\variants\arduino_due_x/libsam_sam3x8e_gcc_rel.a(adc.o)
                0x00082150                adc_init
 .text.adc_configure_trigger
                0x000821f0       0x10 C:\Users\monkey\Documents\Archivos\Programas\arduino-1.5.6\hardware\arduino\sam\variants\arduino_due_x/libsam_sam3x8e_gcc_rel.a(adc.o)
                0x000821f0                adc_configure_trigger
 .text.adc_configure_timing
                0x00082200       0x1a C:\Users\monkey\Documents\Archivos\Programas\arduino-1.5.6\hardware\arduino\sam\variants\arduino_due_x/libsam_sam3x8e_gcc_rel.a(adc.o)
                0x00082200                adc_configure_timing
 .text.adc_disable_all_channel
                0x0008221a        0x8 C:\Users\monkey\Documents\Archivos\Programas\arduino-1.5.6\hardware\arduino\sam\variants\arduino_due_x/libsam_sam3x8e_gcc_rel.a(adc.o)
                0x0008221a                adc_disable_all_channel
 .text.adc_disable_interrupt
                0x00082222        0x4 C:\Users\monkey\Documents\Archivos\Programas\arduino-1.5.6\hardware\arduino\sam\variants\arduino_due_x/libsam_sam3x8e_gcc_rel.a(adc.o)
                0x00082222                adc_disable_interrupt
 *fill*         0x00082226        0x2 00
 .text.UDD_SetStack
                0x00082228        0xc C:\Users\monkey\Documents\Archivos\Programas\arduino-1.5.6\hardware\arduino\sam\variants\arduino_due_x/libsam_sam3x8e_gcc_rel.a(uotghs_device.o)
                0x00082228                UDD_SetStack
 .text.UDD_Init
                0x00082234       0xd0 C:\Users\monkey\Documents\Archivos\Programas\arduino-1.5.6\hardware\arduino\sam\variants\arduino_due_x/libsam_sam3x8e_gcc_rel.a(uotghs_device.o)
                0x00082234                UDD_Init
 .text.UDD_Attach
                0x00082304       0x4c C:\Users\monkey\Documents\Archivos\Programas\arduino-1.5.6\hardware\arduino\sam\variants\arduino_due_x/libsam_sam3x8e_gcc_rel.a(uotghs_device.o)
                0x00082304                UDD_Attach
 .text.UDD_InitEP
                0x00082350       0x30 C:\Users\monkey\Documents\Archivos\Programas\arduino-1.5.6\hardware\arduino\sam\variants\arduino_due_x/libsam_sam3x8e_gcc_rel.a(uotghs_device.o)
                0x00082350                UDD_InitEP
 .text.UDD_InitEndpoints
                0x00082380       0x3c C:\Users\monkey\Documents\Archivos\Programas\arduino-1.5.6\hardware\arduino\sam\variants\arduino_due_x/libsam_sam3x8e_gcc_rel.a(uotghs_device.o)
                0x00082380                UDD_InitEndpoints
 .text.UDD_WaitIN
                0x000823bc       0x14 C:\Users\monkey\Documents\Archivos\Programas\arduino-1.5.6\hardware\arduino\sam\variants\arduino_due_x/libsam_sam3x8e_gcc_rel.a(uotghs_device.o)
                0x000823bc                UDD_WaitIN
 .text.UDD_WaitOUT
                0x000823d0       0x14 C:\Users\monkey\Documents\Archivos\Programas\arduino-1.5.6\hardware\arduino\sam\variants\arduino_due_x/libsam_sam3x8e_gcc_rel.a(uotghs_device.o)
                0x000823d0                UDD_WaitOUT
 .text.UDD_ClearIN
                0x000823e4       0x18 C:\Users\monkey\Documents\Archivos\Programas\arduino-1.5.6\hardware\arduino\sam\variants\arduino_due_x/libsam_sam3x8e_gcc_rel.a(uotghs_device.o)
                0x000823e4                UDD_ClearIN
 .text.UDD_ClearOUT
                0x000823fc       0x18 C:\Users\monkey\Documents\Archivos\Programas\arduino-1.5.6\hardware\arduino\sam\variants\arduino_due_x/libsam_sam3x8e_gcc_rel.a(uotghs_device.o)
                0x000823fc                UDD_ClearOUT
 .text.UDD_ReceivedSetupInt
                0x00082414       0x10 C:\Users\monkey\Documents\Archivos\Programas\arduino-1.5.6\hardware\arduino\sam\variants\arduino_due_x/libsam_sam3x8e_gcc_rel.a(uotghs_device.o)
                0x00082414                UDD_ReceivedSetupInt
 .text.UDD_ClearSetupInt
                0x00082424       0x10 C:\Users\monkey\Documents\Archivos\Programas\arduino-1.5.6\hardware\arduino\sam\variants\arduino_due_x/libsam_sam3x8e_gcc_rel.a(uotghs_device.o)
                0x00082424                UDD_ClearSetupInt
 .text.UDD_Send
                0x00082434       0x90 C:\Users\monkey\Documents\Archivos\Programas\arduino-1.5.6\hardware\arduino\sam\variants\arduino_due_x/libsam_sam3x8e_gcc_rel.a(uotghs_device.o)
                0x00082434                UDD_Send
 .text.UDD_Send8
                0x000824c4       0x28 C:\Users\monkey\Documents\Archivos\Programas\arduino-1.5.6\hardware\arduino\sam\variants\arduino_due_x/libsam_sam3x8e_gcc_rel.a(uotghs_device.o)
                0x000824c4                UDD_Send8
 .text.UDD_Recv8
                0x000824ec       0x28 C:\Users\monkey\Documents\Archivos\Programas\arduino-1.5.6\hardware\arduino\sam\variants\arduino_due_x/libsam_sam3x8e_gcc_rel.a(uotghs_device.o)
                0x000824ec                UDD_Recv8
 .text.UDD_Recv
                0x00082514       0x34 C:\Users\monkey\Documents\Archivos\Programas\arduino-1.5.6\hardware\arduino\sam\variants\arduino_due_x/libsam_sam3x8e_gcc_rel.a(uotghs_device.o)
                0x00082514                UDD_Recv
 .text.UDD_Stall
                0x00082548       0x14 C:\Users\monkey\Documents\Archivos\Programas\arduino-1.5.6\hardware\arduino\sam\variants\arduino_due_x/libsam_sam3x8e_gcc_rel.a(uotghs_device.o)
                0x00082548                UDD_Stall
 .text.UDD_FifoByteCount
                0x0008255c       0x1c C:\Users\monkey\Documents\Archivos\Programas\arduino-1.5.6\hardware\arduino\sam\variants\arduino_due_x/libsam_sam3x8e_gcc_rel.a(uotghs_device.o)
                0x0008255c                UDD_FifoByteCount
 .text.UDD_ReleaseRX
                0x00082578       0x2c C:\Users\monkey\Documents\Archivos\Programas\arduino-1.5.6\hardware\arduino\sam\variants\arduino_due_x/libsam_sam3x8e_gcc_rel.a(uotghs_device.o)
                0x00082578                UDD_ReleaseRX
 .text.UDD_ReleaseTX
                0x000825a4       0x2c C:\Users\monkey\Documents\Archivos\Programas\arduino-1.5.6\hardware\arduino\sam\variants\arduino_due_x/libsam_sam3x8e_gcc_rel.a(uotghs_device.o)
                0x000825a4                UDD_ReleaseTX
 .text.UDD_SetAddress
                0x000825d0       0x20 C:\Users\monkey\Documents\Archivos\Programas\arduino-1.5.6\hardware\arduino\sam\variants\arduino_due_x/libsam_sam3x8e_gcc_rel.a(uotghs_device.o)
                0x000825d0                UDD_SetAddress
 .text.dacc_reset
                0x000825f0        0x6 C:\Users\monkey\Documents\Archivos\Programas\arduino-1.5.6\hardware\arduino\sam\variants\arduino_due_x/libsam_sam3x8e_gcc_rel.a(dacc.o)
                0x000825f0                dacc_reset
 .text.dacc_set_transfer_mode
                0x000825f6       0x16 C:\Users\monkey\Documents\Archivos\Programas\arduino-1.5.6\hardware\arduino\sam\variants\arduino_due_x/libsam_sam3x8e_gcc_rel.a(dacc.o)
                0x000825f6                dacc_set_transfer_mode
 .text.dacc_get_interrupt_status
                0x0008260c        0x4 C:\Users\monkey\Documents\Archivos\Programas\arduino-1.5.6\hardware\arduino\sam\variants\arduino_due_x/libsam_sam3x8e_gcc_rel.a(dacc.o)
                0x0008260c                dacc_get_interrupt_status
 .text.dacc_write_conversion_data
                0x00082610        0x4 C:\Users\monkey\Documents\Archivos\Programas\arduino-1.5.6\hardware\arduino\sam\variants\arduino_due_x/libsam_sam3x8e_gcc_rel.a(dacc.o)
                0x00082610                dacc_write_conversion_data
 .text.dacc_set_channel_selection
                0x00082614       0x18 C:\Users\monkey\Documents\Archivos\Programas\arduino-1.5.6\hardware\arduino\sam\variants\arduino_due_x/libsam_sam3x8e_gcc_rel.a(dacc.o)
                0x00082614                dacc_set_channel_selection
 .text.dacc_set_power_save
                0x0008262c       0x28 C:\Users\monkey\Documents\Archivos\Programas\arduino-1.5.6\hardware\arduino\sam\variants\arduino_due_x/libsam_sam3x8e_gcc_rel.a(dacc.o)
                0x0008262c                dacc_set_power_save
 .text.dacc_set_timing
                0x00082654       0x30 C:\Users\monkey\Documents\Archivos\Programas\arduino-1.5.6\hardware\arduino\sam\variants\arduino_due_x/libsam_sam3x8e_gcc_rel.a(dacc.o)
                0x00082654                dacc_set_timing
 .text.dacc_enable_channel
                0x00082684       0x14 C:\Users\monkey\Documents\Archivos\Programas\arduino-1.5.6\hardware\arduino\sam\variants\arduino_due_x/libsam_sam3x8e_gcc_rel.a(dacc.o)
                0x00082684                dacc_enable_channel
 .text.dacc_get_channel_status
                0x00082698        0x4 C:\Users\monkey\Documents\Archivos\Programas\arduino-1.5.6\hardware\arduino\sam\variants\arduino_due_x/libsam_sam3x8e_gcc_rel.a(dacc.o)
                0x00082698                dacc_get_channel_status
 .text.dacc_set_analog_control
                0x0008269c        0x8 C:\Users\monkey\Documents\Archivos\Programas\arduino-1.5.6\hardware\arduino\sam\variants\arduino_due_x/libsam_sam3x8e_gcc_rel.a(dacc.o)
                0x0008269c                dacc_set_analog_control
 .text          0x000826a4       0x54 c:/users/monkey/documents/archivos/programas/arduino-1.5.6/hardware/tools/g++_arm_none_eabi/bin/../lib/gcc/arm-none-eabi/4.4.1/../../../../arm-none-eabi/lib/thumb2\libc.a(lib_a-assert.o)
                0x000826a4                __assert_func
                0x000826ec                __assert
 .text          0x000826f8       0x4c c:/users/monkey/documents/archivos/programas/arduino-1.5.6/hardware/tools/g++_arm_none_eabi/bin/../lib/gcc/arm-none-eabi/4.4.1/../../../../arm-none-eabi/lib/thumb2\libc.a(lib_a-fiprintf.o)
                0x000826f8                fiprintf
                0x00082724                _fiprintf_r
 .text          0x00082744       0x50 c:/users/monkey/documents/archivos/programas/arduino-1.5.6/hardware/tools/g++_arm_none_eabi/bin/../lib/gcc/arm-none-eabi/4.4.1/../../../../arm-none-eabi/lib/thumb2\libc.a(lib_a-init.o)
                0x00082744                __libc_init_array
 .text          0x00082794       0x64 c:/users/monkey/documents/archivos/programas/arduino-1.5.6/hardware/tools/g++_arm_none_eabi/bin/../lib/gcc/arm-none-eabi/4.4.1/../../../../arm-none-eabi/lib/thumb2\libc.a(lib_a-iprintf.o)
                0x00082794                _iprintf_r
                0x000827c0                iprintf
 .text          0x000827f8       0xd4 c:/users/monkey/documents/archivos/programas/arduino-1.5.6/hardware/tools/g++_arm_none_eabi/bin/../lib/gcc/arm-none-eabi/4.4.1/../../../../arm-none-eabi/lib/thumb2\libc.a(lib_a-memset.o)
                0x000827f8                memset
 .text          0x000828cc       0x60 c:/users/monkey/documents/archivos/programas/arduino-1.5.6/hardware/tools/g++_arm_none_eabi/bin/../lib/gcc/arm-none-eabi/4.4.1/../../../../arm-none-eabi/lib/thumb2\libc.a(lib_a-strlen.o)
                0x000828cc                strlen
 .text          0x0008292c      0xd38 c:/users/monkey/documents/archivos/programas/arduino-1.5.6/hardware/tools/g++_arm_none_eabi/bin/../lib/gcc/arm-none-eabi/4.4.1/../../../../arm-none-eabi/lib/thumb2\libc.a(lib_a-vfiprintf.o)
                0x00082948                _vfiprintf_r
                0x00083648                vfiprintf
 .text          0x00083664      0x104 c:/users/monkey/documents/archivos/programas/arduino-1.5.6/hardware/tools/g++_arm_none_eabi/bin/../lib/gcc/arm-none-eabi/4.4.1/../../../../arm-none-eabi/lib/thumb2\libc.a(lib_a-wsetup.o)
                0x00083664                __swsetup_r
 .text          0x00083768       0x10 c:/users/monkey/documents/archivos/programas/arduino-1.5.6/hardware/tools/g++_arm_none_eabi/bin/../lib/gcc/arm-none-eabi/4.4.1/../../../../arm-none-eabi/lib/thumb2\libc.a(lib_a-abort.o)
                0x00083768                abort
 .text          0x00083778      0x178 c:/users/monkey/documents/archivos/programas/arduino-1.5.6/hardware/tools/g++_arm_none_eabi/bin/../lib/gcc/arm-none-eabi/4.4.1/../../../../arm-none-eabi/lib/thumb2\libc.a(lib_a-fflush.o)
                0x00083778                _fflush_r
                0x000838c8                fflush
 .text          0x000838f0      0x1c8 c:/users/monkey/documents/archivos/programas/arduino-1.5.6/hardware/tools/g++_arm_none_eabi/bin/../lib/gcc/arm-none-eabi/4.4.1/../../../../arm-none-eabi/lib/thumb2\libc.a(lib_a-findfp.o)
                0x000838f0                __sfp_lock_acquire
                0x000838f4                __sfp_lock_release
                0x000838f8                __sinit_lock_acquire
                0x000838fc                __sinit_lock_release
                0x00083908                __fp_unlock_all
                0x00083920                __fp_lock_all
                0x00083938                _cleanup_r
                0x00083944                _cleanup
                0x000839a0                __sfmoreglue
                0x000839d0                __sfp
                0x00083a58                __sinit
 .text          0x00083ab8      0x268 c:/users/monkey/documents/archivos/programas/arduino-1.5.6/hardware/tools/g++_arm_none_eabi/bin/../lib/gcc/arm-none-eabi/4.4.1/../../../../arm-none-eabi/lib/thumb2\libc.a(lib_a-freer.o)
                0x00083ab8                _malloc_trim_r
                0x00083b60                _free_r
 .text          0x00083d20      0x334 c:/users/monkey/documents/archivos/programas/arduino-1.5.6/hardware/tools/g++_arm_none_eabi/bin/../lib/gcc/arm-none-eabi/4.4.1/../../../../arm-none-eabi/lib/thumb2\libc.a(lib_a-fvwrite.o)
                0x00083d20                __sfvwrite_r
 .text          0x00084054       0xa0 c:/users/monkey/documents/archivos/programas/arduino-1.5.6/hardware/tools/g++_arm_none_eabi/bin/../lib/gcc/arm-none-eabi/4.4.1/../../../../arm-none-eabi/lib/thumb2\libc.a(lib_a-fwalk.o)
                0x00084054                _fwalk_reent
                0x000840a8                _fwalk
 .text          0x000840f4       0xdc c:/users/monkey/documents/archivos/programas/arduino-1.5.6/hardware/tools/g++_arm_none_eabi/bin/../lib/gcc/arm-none-eabi/4.4.1/../../../../arm-none-eabi/lib/thumb2\libc.a(lib_a-makebuf.o)
                0x000840f4                __smakebuf_r
 .text          0x000841d0      0x5a4 c:/users/monkey/documents/archivos/programas/arduino-1.5.6/hardware/tools/g++_arm_none_eabi/bin/../lib/gcc/arm-none-eabi/4.4.1/../../../../arm-none-eabi/lib/thumb2\libc.a(lib_a-mallocr.o)
                0x000841d0                _malloc_r
 .text          0x00084774       0x74 c:/users/monkey/documents/archivos/programas/arduino-1.5.6/hardware/tools/g++_arm_none_eabi/bin/../lib/gcc/arm-none-eabi/4.4.1/../../../../arm-none-eabi/lib/thumb2\libc.a(lib_a-memchr.o)
                0x00084774                memchr
 .text          0x000847e8      0x190 c:/users/monkey/documents/archivos/programas/arduino-1.5.6/hardware/tools/g++_arm_none_eabi/bin/../lib/gcc/arm-none-eabi/4.4.1/../../../../arm-none-eabi/lib/thumb2\libc.a(lib_a-memcpy.o)
                0x000847e8                memcpy
 .text          0x00084978       0xb8 c:/users/monkey/documents/archivos/programas/arduino-1.5.6/hardware/tools/g++_arm_none_eabi/bin/../lib/gcc/arm-none-eabi/4.4.1/../../../../arm-none-eabi/lib/thumb2\libc.a(lib_a-memmove.o)
                0x00084978                memmove
 .text          0x00084a30        0x8 c:/users/monkey/documents/archivos/programas/arduino-1.5.6/hardware/tools/g++_arm_none_eabi/bin/../lib/gcc/arm-none-eabi/4.4.1/../../../../arm-none-eabi/lib/thumb2\libc.a(lib_a-mlock.o)
                0x00084a30                __malloc_lock
                0x00084a34                __malloc_unlock
 .text          0x00084a38      0x3b4 c:/users/monkey/documents/archivos/programas/arduino-1.5.6/hardware/tools/g++_arm_none_eabi/bin/../lib/gcc/arm-none-eabi/4.4.1/../../../../arm-none-eabi/lib/thumb2\libc.a(lib_a-reallocr.o)
                0x00084a38                _realloc_r
 .text          0x00084dec       0x28 c:/users/monkey/documents/archivos/programas/arduino-1.5.6/hardware/tools/g++_arm_none_eabi/bin/../lib/gcc/arm-none-eabi/4.4.1/../../../../arm-none-eabi/lib/thumb2\libc.a(lib_a-sbrkr.o)
                0x00084dec                _sbrk_r
 .text          0x00084e14      0x14c c:/users/monkey/documents/archivos/programas/arduino-1.5.6/hardware/tools/g++_arm_none_eabi/bin/../lib/gcc/arm-none-eabi/4.4.1/../../../../arm-none-eabi/lib/thumb2\libc.a(lib_a-signal.o)
                0x00084e14                _raise_r
                0x00084e6c                raise
                0x00084e7c                _init_signal_r
                0x00084ea4                _init_signal
                0x00084eb0                __sigtramp_r
                0x00084f04                __sigtramp
                0x00084f14                _signal_r
                0x00084f50                signal
 .text          0x00084f60       0x30 c:/users/monkey/documents/archivos/programas/arduino-1.5.6/hardware/tools/g++_arm_none_eabi/bin/../lib/gcc/arm-none-eabi/4.4.1/../../../../arm-none-eabi/lib/thumb2\libc.a(lib_a-signalr.o)
                0x00084f60                _getpid_r
                0x00084f64                _kill_r
 .text          0x00084f90       0x90 c:/users/monkey/documents/archivos/programas/arduino-1.5.6/hardware/tools/g++_arm_none_eabi/bin/../lib/gcc/arm-none-eabi/4.4.1/../../../../arm-none-eabi/lib/thumb2\libc.a(lib_a-stdio.o)
                0x00084f90                __sclose
                0x00084f98                __sseek
                0x00084fc0                __swrite
                0x00084ffc                __sread
 .text          0x00085020       0x2c c:/users/monkey/documents/archivos/programas/arduino-1.5.6/hardware/tools/g++_arm_none_eabi/bin/../lib/gcc/arm-none-eabi/4.4.1/../../../../arm-none-eabi/lib/thumb2\libc.a(lib_a-writer.o)
                0x00085020                _write_r
 .text          0x0008504c       0x28 c:/users/monkey/documents/archivos/programas/arduino-1.5.6/hardware/tools/g++_arm_none_eabi/bin/../lib/gcc/arm-none-eabi/4.4.1/../../../../arm-none-eabi/lib/thumb2\libc.a(lib_a-closer.o)
                0x0008504c                _close_r
 .text          0x00085074       0xcc c:/users/monkey/documents/archivos/programas/arduino-1.5.6/hardware/tools/g++_arm_none_eabi/bin/../lib/gcc/arm-none-eabi/4.4.1/../../../../arm-none-eabi/lib/thumb2\libc.a(lib_a-fclose.o)
                0x00085074                _fclose_r
                0x00085130                fclose
 .text          0x00085140       0x2c c:/users/monkey/documents/archivos/programas/arduino-1.5.6/hardware/tools/g++_arm_none_eabi/bin/../lib/gcc/arm-none-eabi/4.4.1/../../../../arm-none-eabi/lib/thumb2\libc.a(lib_a-fstatr.o)
                0x00085140                _fstat_r
 .text          0x0008516c       0x28 c:/users/monkey/documents/archivos/programas/arduino-1.5.6/hardware/tools/g++_arm_none_eabi/bin/../lib/gcc/arm-none-eabi/4.4.1/../../../../arm-none-eabi/lib/thumb2\libc.a(lib_a-isattyr.o)
                0x0008516c                _isatty_r
 .text          0x00085194       0x2c c:/users/monkey/documents/archivos/programas/arduino-1.5.6/hardware/tools/g++_arm_none_eabi/bin/../lib/gcc/arm-none-eabi/4.4.1/../../../../arm-none-eabi/lib/thumb2\libc.a(lib_a-lseekr.o)
                0x00085194                _lseek_r
 .text          0x000851c0       0x2c c:/users/monkey/documents/archivos/programas/arduino-1.5.6/hardware/tools/g++_arm_none_eabi/bin/../lib/gcc/arm-none-eabi/4.4.1/../../../../arm-none-eabi/lib/thumb2\libc.a(lib_a-readr.o)
                0x000851c0                _read_r
 .text          0x000851ec       0x2c c:/users/monkey/documents/archivos/programas/arduino-1.5.6/hardware/tools/g++_arm_none_eabi/bin/../lib/gcc/arm-none-eabi/4.4.1/thumb2\libgcc.a(_aeabi_uldivmod.o)
                0x000851ec                __aeabi_uldivmod
 .text          0x00085218       0x58 c:/users/monkey/documents/archivos/programas/arduino-1.5.6/hardware/tools/g++_arm_none_eabi/bin/../lib/gcc/arm-none-eabi/4.4.1/thumb2\libgcc.a(bpabi.o)
                0x00085218                __gnu_uldivmod_helper
                0x00085244                __gnu_ldivmod_helper
 .text          0x00085270        0x4 c:/users/monkey/documents/archivos/programas/arduino-1.5.6/hardware/tools/g++_arm_none_eabi/bin/../lib/gcc/arm-none-eabi/4.4.1/thumb2\libgcc.a(_dvmd_tls.o)
                0x00085270                __aeabi_idiv0
                0x00085270                __aeabi_ldiv0
 .text          0x00085274      0x364 c:/users/monkey/documents/archivos/programas/arduino-1.5.6/hardware/tools/g++_arm_none_eabi/bin/../lib/gcc/arm-none-eabi/4.4.1/thumb2\libgcc.a(_divdi3.o)
                0x00085274                __divdi3
 .text          0x000855d8      0x300 c:/users/monkey/documents/archivos/programas/arduino-1.5.6/hardware/tools/g++_arm_none_eabi/bin/../lib/gcc/arm-none-eabi/4.4.1/thumb2\libgcc.a(_udivdi3.o)
                0x000855d8                __udivdi3
 .text          0x000858d8      0x278 c:/users/monkey/documents/archivos/programas/arduino-1.5.6/hardware/tools/g++_arm_none_eabi/bin/../lib/gcc/arm-none-eabi/4.4.1/thumb2\libgcc.a(_udivsi3.o)
                0x000858d8                __aeabi_uidiv
                0x000858d8                __udivsi3
                0x00085b34                __aeabi_uidivmod
 *(.glue_7t)
 .glue_7t       0x00000000        0x0 linker stubs
 *(.glue_7)
 .glue_7        0x00000000        0x0 linker stubs
 *(.rodata .rodata* .gnu.linkonce.r.*)
 .rodata.str1.1
                0x00085b50       0x19 C:\Users\monkey\AppData\Local\VMicro\Arduino\Builds\Arduino\arduino_due_x_dbg/syscalls_sam3.c.o
 *fill*         0x00085b69        0x3 00
 .rodata._ZZ5setupE4C.43
                0x00085b6c       0x18 C:\Users\monkey\AppData\Local\VMicro\Arduino\Builds\Arduino\arduino_due_x_dbg\Arduino.cpp.o
 .rodata._ZZ5setupE4C.40
                0x00085b84        0xc C:\Users\monkey\AppData\Local\VMicro\Arduino\Builds\Arduino\arduino_due_x_dbg\Arduino.cpp.o
 .rodata._ZZ5setupE4C.41
                0x00085b90       0x18 C:\Users\monkey\AppData\Local\VMicro\Arduino\Builds\Arduino\arduino_due_x_dbg\Arduino.cpp.o
 .rodata._ZZ5setupE4C.38
                0x00085ba8       0x10 C:\Users\monkey\AppData\Local\VMicro\Arduino\Builds\Arduino\arduino_due_x_dbg\Arduino.cpp.o
 .rodata._ZZ5setupE4C.39
                0x00085bb8        0xc C:\Users\monkey\AppData\Local\VMicro\Arduino\Builds\Arduino\arduino_due_x_dbg\Arduino.cpp.o
 .rodata.channelToChNo.6905
                0x00085bc4       0x48 C:\Users\monkey\AppData\Local\VMicro\Arduino\Builds\Arduino\arduino_due_x_dbg/core.a(wiring_analog.c.o)
 .rodata.channelToId.6908
                0x00085c0c       0x48 C:\Users\monkey\AppData\Local\VMicro\Arduino\Builds\Arduino\arduino_due_x_dbg/core.a(wiring_analog.c.o)
 .rodata.channelToTC.6907
                0x00085c54       0x48 C:\Users\monkey\AppData\Local\VMicro\Arduino\Builds\Arduino\arduino_due_x_dbg/core.a(wiring_analog.c.o)
 .rodata.channelToAB.6906
                0x00085c9c       0x48 C:\Users\monkey\AppData\Local\VMicro\Arduino\Builds\Arduino\arduino_due_x_dbg/core.a(wiring_analog.c.o)
 *fill*         0x00085ce4        0x4 00
 .rodata._ZTV9UARTClass
                0x00085ce8       0x30 C:\Users\monkey\AppData\Local\VMicro\Arduino\Builds\Arduino\arduino_due_x_dbg/core.a(UARTClass.cpp.o)
                0x00085ce8                vtable for UARTClass
 .rodata.USB_DeviceDescriptorA
                0x00085d18       0x14 C:\Users\monkey\AppData\Local\VMicro\Arduino\Builds\Arduino\arduino_due_x_dbg/core.a(USBCore.cpp.o)
                0x00085d18                USB_DeviceDescriptorA
 .rodata.USB_DeviceDescriptor
                0x00085d2c       0x14 C:\Users\monkey\AppData\Local\VMicro\Arduino\Builds\Arduino\arduino_due_x_dbg/core.a(USBCore.cpp.o)
                0x00085d2c                USB_DeviceDescriptor
 .rodata._ZL9EndPoints
                0x00085d40       0x14 C:\Users\monkey\AppData\Local\VMicro\Arduino\Builds\Arduino\arduino_due_x_dbg/core.a(USBCore.cpp.o)
 .rodata.STRING_LANGUAGE
                0x00085d54        0x4 C:\Users\monkey\AppData\Local\VMicro\Arduino\Builds\Arduino\arduino_due_x_dbg/core.a(USBCore.cpp.o)
                0x00085d54                STRING_LANGUAGE
 .rodata._ZL18test_packet_buffer
                0x00085d58       0x38 C:\Users\monkey\AppData\Local\VMicro\Arduino\Builds\Arduino\arduino_due_x_dbg/core.a(USBCore.cpp.o)
 .rodata.STRING_PRODUCT
                0x00085d90        0xc C:\Users\monkey\AppData\Local\VMicro\Arduino\Builds\Arduino\arduino_due_x_dbg/core.a(USBCore.cpp.o)
                0x00085d90                STRING_PRODUCT
 .rodata.STRING_MANUFACTURER
                0x00085d9c        0xc C:\Users\monkey\AppData\Local\VMicro\Arduino\Builds\Arduino\arduino_due_x_dbg/core.a(USBCore.cpp.o)
                0x00085d9c                STRING_MANUFACTURER
 .rodata._ZL19USB_DeviceQualifier
                0x00085da8       0x14 C:\Users\monkey\AppData\Local\VMicro\Arduino\Builds\Arduino\arduino_due_x_dbg/core.a(USBCore.cpp.o)
 .rodata.g_APinDescription
                0x00085dbc      0xa2c C:\Users\monkey\AppData\Local\VMicro\Arduino\Builds\Arduino\arduino_due_x_dbg/core.a(variant.cpp.o)
                0x00085dbc                g_APinDescription
 .rodata._ZTV10USARTClass
                0x000867e8       0x30 C:\Users\monkey\AppData\Local\VMicro\Arduino\Builds\Arduino\arduino_due_x_dbg/core.a(USARTClass.cpp.o)
                0x000867e8                vtable for USARTClass
 .rodata._ZTV7Serial_
                0x00086818       0x28 C:\Users\monkey\AppData\Local\VMicro\Arduino\Builds\Arduino\arduino_due_x_dbg/core.a(CDC.cpp.o)
                0x00086818                vtable for Serial_
 .rodata._ZL18_cdcOtherInterface
                0x00086840       0x44 C:\Users\monkey\AppData\Local\VMicro\Arduino\Builds\Arduino\arduino_due_x_dbg/core.a(CDC.cpp.o)
 .rodata._ZL13_cdcInterface
                0x00086884       0x44 C:\Users\monkey\AppData\Local\VMicro\Arduino\Builds\Arduino\arduino_due_x_dbg/core.a(CDC.cpp.o)
 .rodata._ZTV9Keyboard_
                0x000868c8       0x20 C:\Users\monkey\AppData\Local\VMicro\Arduino\Builds\Arduino\arduino_due_x_dbg/core.a(HID.cpp.o)
                0x000868c8                vtable for Keyboard_
 .rodata._asciimap
                0x000868e8       0x80 C:\Users\monkey\AppData\Local\VMicro\Arduino\Builds\Arduino\arduino_due_x_dbg/core.a(HID.cpp.o)
                0x000868e8                _asciimap
 .rodata._hidInterface
                0x00086968       0x1c C:\Users\monkey\AppData\Local\VMicro\Arduino\Builds\Arduino\arduino_due_x_dbg/core.a(HID.cpp.o)
                0x00086968                _hidInterface
 .rodata._hidReportDescriptor
                0x00086984       0x68 C:\Users\monkey\AppData\Local\VMicro\Arduino\Builds\Arduino\arduino_due_x_dbg/core.a(HID.cpp.o)
                0x00086984                _hidReportDescriptor
 .rodata.__func__.6668
                0x000869ec       0x15 C:\Users\monkey\Documents\Archivos\Programas\arduino-1.5.6\hardware\arduino\sam\variants\arduino_due_x/libsam_sam3x8e_gcc_rel.a(pwmc.o)
 .rodata.str1.1
                0x00086a01      0x1cc C:\Users\monkey\Documents\Archivos\Programas\arduino-1.5.6\hardware\arduino\sam\variants\arduino_due_x/libsam_sam3x8e_gcc_rel.a(pwmc.o)
 .rodata.__func__.6679
                0x00086bcd       0x12 C:\Users\monkey\Documents\Archivos\Programas\arduino-1.5.6\hardware\arduino\sam\variants\arduino_due_x/libsam_sam3x8e_gcc_rel.a(pwmc.o)
 .rodata.__func__.6631
                0x00086bdf       0x17 C:\Users\monkey\Documents\Archivos\Programas\arduino-1.5.6\hardware\arduino\sam\variants\arduino_due_x/libsam_sam3x8e_gcc_rel.a(pwmc.o)
 *fill*         0x00086bf6        0x2 00
 .rodata.C.9.8049
                0x00086bf8       0x2c C:\Users\monkey\Documents\Archivos\Programas\arduino-1.5.6\hardware\arduino\sam\variants\arduino_due_x/libsam_sam3x8e_gcc_rel.a(pwmc.o)
 .rodata.__func__.6642
                0x00086c24       0x16 C:\Users\monkey\Documents\Archivos\Programas\arduino-1.5.6\hardware\arduino\sam\variants\arduino_due_x/libsam_sam3x8e_gcc_rel.a(pwmc.o)
 .rodata.str1.1
                0x00086c3a       0x54 C:\Users\monkey\Documents\Archivos\Programas\arduino-1.5.6\hardware\arduino\sam\variants\arduino_due_x/libsam_sam3x8e_gcc_rel.a(tc.o)
 .rodata.__func__.6630
                0x00086c8e        0xd C:\Users\monkey\Documents\Archivos\Programas\arduino-1.5.6\hardware\arduino\sam\variants\arduino_due_x/libsam_sam3x8e_gcc_rel.a(tc.o)
 .rodata.__func__.6636
                0x00086c9b        0x9 C:\Users\monkey\Documents\Archivos\Programas\arduino-1.5.6\hardware\arduino\sam\variants\arduino_due_x/libsam_sam3x8e_gcc_rel.a(tc.o)
 .rodata.C.0.8141
                0x00086ca4       0x40 C:\Users\monkey\Documents\Archivos\Programas\arduino-1.5.6\hardware\arduino\sam\variants\arduino_due_x/libsam_sam3x8e_gcc_rel.a(adc.o)
 .rodata.str1.4
                0x00086ce4       0x3f c:/users/monkey/documents/archivos/programas/arduino-1.5.6/hardware/tools/g++_arm_none_eabi/bin/../lib/gcc/arm-none-eabi/4.4.1/../../../../arm-none-eabi/lib/thumb2\libc.a(lib_a-assert.o)
                                 0x44 (size before relaxing)
 *fill*         0x00086d23        0x1 00
 .rodata        0x00086d24        0x4 c:/users/monkey/documents/archivos/programas/arduino-1.5.6/hardware/tools/g++_arm_none_eabi/bin/../lib/gcc/arm-none-eabi/4.4.1/../../../../arm-none-eabi/lib/thumb2\libc.a(lib_a-impure.o)
                0x00086d24                _global_impure_ptr
 .rodata.str1.4
                0x00086d28        0x2 c:/users/monkey/documents/archivos/programas/arduino-1.5.6/hardware/tools/g++_arm_none_eabi/bin/../lib/gcc/arm-none-eabi/4.4.1/../../../../arm-none-eabi/lib/thumb2\libc.a(lib_a-impure.o)
                                  0x4 (size before relaxing)
 *fill*         0x00086d2a        0x2 00
 .rodata        0x00086d2c       0x20 c:/users/monkey/documents/archivos/programas/arduino-1.5.6/hardware/tools/g++_arm_none_eabi/bin/../lib/gcc/arm-none-eabi/4.4.1/../../../../arm-none-eabi/lib/thumb2\libc.a(lib_a-vfiprintf.o)
 .rodata.str1.4
                0x00086d4c       0x30 c:/users/monkey/documents/archivos/programas/arduino-1.5.6/hardware/tools/g++_arm_none_eabi/bin/../lib/gcc/arm-none-eabi/4.4.1/../../../../arm-none-eabi/lib/thumb2\libc.a(lib_a-vfiprintf.o)
 .rodata        0x00086d7c       0x60 c:/users/monkey/documents/archivos/programas/arduino-1.5.6/hardware/tools/g++_arm_none_eabi/bin/../lib/gcc/arm-none-eabi/4.4.1/../../../../arm-none-eabi/lib/thumb2\libc.a(lib_a-findfp.o)
                0x00086d7c                __sf_fake_stdin
                0x00086d9c                __sf_fake_stdout
                0x00086dbc                __sf_fake_stderr
 *(.ARM.extab* .gnu.linkonce.armextab.*)
                0x00086ddc                . = ALIGN (0x4)
 *(.init)
 .init          0x00086ddc        0x4 c:/users/monkey/documents/archivos/programas/arduino-1.5.6/hardware/tools/g++_arm_none_eabi/bin/../lib/gcc/arm-none-eabi/4.4.1/thumb2/crti.o
                0x00086ddc                _init
 .init          0x00086de0        0x8 c:/users/monkey/documents/archivos/programas/arduino-1.5.6/hardware/tools/g++_arm_none_eabi/bin/../lib/gcc/arm-none-eabi/4.4.1/thumb2/crtn.o
                0x00086de8                . = ALIGN (0x4)
                0x00086de8                __preinit_array_start = .
 *(.preinit_array)
                0x00086de8                __preinit_array_end = .
                0x00086de8                . = ALIGN (0x4)
                0x00086de8                __init_array_start = .
 *(SORT(.init_array.*))
 *(.init_array)
 .init_array    0x00086de8        0x4 c:/users/monkey/documents/archivos/programas/arduino-1.5.6/hardware/tools/g++_arm_none_eabi/bin/../lib/gcc/arm-none-eabi/4.4.1/thumb2/crtbegin.o
 .init_array    0x00086dec        0x4 C:\Users\monkey\AppData\Local\VMicro\Arduino\Builds\Arduino\arduino_due_x_dbg/core.a(USBCore.cpp.o)
 .init_array    0x00086df0        0x4 C:\Users\monkey\AppData\Local\VMicro\Arduino\Builds\Arduino\arduino_due_x_dbg/core.a(variant.cpp.o)
 .init_array    0x00086df4        0x4 C:\Users\monkey\AppData\Local\VMicro\Arduino\Builds\Arduino\arduino_due_x_dbg/core.a(CDC.cpp.o)
 .init_array    0x00086df8        0x4 C:\Users\monkey\AppData\Local\VMicro\Arduino\Builds\Arduino\arduino_due_x_dbg/core.a(HID.cpp.o)
                0x00086dfc                __init_array_end = .
                0x00086dfc                . = ALIGN (0x4)
 *crtbegin.o(.ctors)
 *(EXCLUDE_FILE(*crtend.o) .ctors)
 *(SORT(.ctors.*))
 *crtend.o(.ctors)
                0x00086dfc                . = ALIGN (0x4)
 *(.fini)
 .fini          0x00086dfc        0x4 c:/users/monkey/documents/archivos/programas/arduino-1.5.6/hardware/tools/g++_arm_none_eabi/bin/../lib/gcc/arm-none-eabi/4.4.1/thumb2/crti.o
                0x00086dfc                _fini
 .fini          0x00086e00        0x8 c:/users/monkey/documents/archivos/programas/arduino-1.5.6/hardware/tools/g++_arm_none_eabi/bin/../lib/gcc/arm-none-eabi/4.4.1/thumb2/crtn.o
                0x00086e08                . = ALIGN (0x4)
                0x00086e08                __fini_array_start = .
 *(.fini_array)
 .fini_array    0x00086e08        0x4 c:/users/monkey/documents/archivos/programas/arduino-1.5.6/hardware/tools/g++_arm_none_eabi/bin/../lib/gcc/arm-none-eabi/4.4.1/thumb2/crtbegin.o
 *(SORT(.fini_array.*))
                0x00086e0c                __fini_array_end = .
 *crtbegin.o(.dtors)
 *(EXCLUDE_FILE(*crtend.o) .dtors)
 *(SORT(.dtors.*))
 *crtend.o(.dtors)
                0x00086e0c                . = ALIGN (0x4)
                0x00086e0c                _efixed = .
                0x00086e0c                PROVIDE (__exidx_start, .)

.jcr            0x00086e0c        0x0
 .jcr           0x00086e0c        0x0 c:/users/monkey/documents/archivos/programas/arduino-1.5.6/hardware/tools/g++_arm_none_eabi/bin/../lib/gcc/arm-none-eabi/4.4.1/thumb2/crtbegin.o

.vfp11_veneer   0x00086e0c        0x0
 .vfp11_veneer  0x00000000        0x0 linker stubs

.v4_bx          0x00086e0c        0x0
 .v4_bx         0x00000000        0x0 linker stubs

.ARM.exidx      0x00086e0c        0x8
 *(.ARM.exidx* .gnu.linkonce.armexidx.*)
 .ARM.exidx     0x00086e0c        0x8 c:/users/monkey/documents/archivos/programas/arduino-1.5.6/hardware/tools/g++_arm_none_eabi/bin/../lib/gcc/arm-none-eabi/4.4.1/thumb2\libgcc.a(_divdi3.o)
 .ARM.exidx     0x00086e14        0x0 c:/users/monkey/documents/archivos/programas/arduino-1.5.6/hardware/tools/g++_arm_none_eabi/bin/../lib/gcc/arm-none-eabi/4.4.1/thumb2\libgcc.a(_udivdi3.o)
                                  0x8 (size before relaxing)
                0x00086e14                PROVIDE (__exidx_end, .)
                0x00086e14                . = ALIGN (0x4)
                0x00086e14                _etext = .

.relocate       0x20070000      0x554 load address 0x00086e14
                0x20070000                . = ALIGN (0x4)
                0x20070000                _srelocate = .
 *(.ramfunc .ramfunc.*)
 .ramfunc       0x20070000       0x34 C:\Users\monkey\AppData\Local\VMicro\Arduino\Builds\Arduino\arduino_due_x_dbg/core.a(Reset.cpp.o)
                0x20070000                banzai
 *(.data .data.*)
 .data._writeResolution
                0x20070034        0x4 C:\Users\monkey\AppData\Local\VMicro\Arduino\Builds\Arduino\arduino_due_x_dbg/core.a(wiring_analog.c.o)
 .data._ZL5ticks
                0x20070038        0x4 C:\Users\monkey\AppData\Local\VMicro\Arduino\Builds\Arduino\arduino_due_x_dbg/core.a(Reset.cpp.o)
 .data._ZL12_usbLineInfo
                0x2007003c        0x8 C:\Users\monkey\AppData\Local\VMicro\Arduino\Builds\Arduino\arduino_due_x_dbg/core.a(CDC.cpp.o)
 .data._hid_protocol
                0x20070044        0x1 C:\Users\monkey\AppData\Local\VMicro\Arduino\Builds\Arduino\arduino_due_x_dbg/core.a(HID.cpp.o)
                0x20070044                _hid_protocol
 .data._hid_idle
                0x20070045        0x1 C:\Users\monkey\AppData\Local\VMicro\Arduino\Builds\Arduino\arduino_due_x_dbg/core.a(HID.cpp.o)
                0x20070045                _hid_idle
 *fill*         0x20070046        0x2 00
 .data.SystemCoreClock
                0x20070048        0x4 C:\Users\monkey\Documents\Archivos\Programas\arduino-1.5.6\hardware\arduino\sam\variants\arduino_due_x/libsam_sam3x8e_gcc_rel.a(system_sam3xa.o)
                0x20070048                SystemCoreClock
 .data.g_interrupt_enabled
                0x2007004c        0x4 C:\Users\monkey\Documents\Archivos\Programas\arduino-1.5.6\hardware\arduino\sam\variants\arduino_due_x/libsam_sam3x8e_gcc_rel.a(interrupt_sam_nvic.o)
                0x2007004c                g_interrupt_enabled
 .data          0x20070050       0xf4 c:/users/monkey/documents/archivos/programas/arduino-1.5.6/hardware/tools/g++_arm_none_eabi/bin/../lib/gcc/arm-none-eabi/4.4.1/../../../../arm-none-eabi/lib/thumb2\libc.a(lib_a-impure.o)
                0x20070050                _impure_ptr
 .data          0x20070144      0x410 c:/users/monkey/documents/archivos/programas/arduino-1.5.6/hardware/tools/g++_arm_none_eabi/bin/../lib/gcc/arm-none-eabi/4.4.1/../../../../arm-none-eabi/lib/thumb2\libc.a(lib_a-mallocr.o)
                0x20070144                __malloc_av_
                0x2007054c                __malloc_sbrk_base
                0x20070550                __malloc_trim_threshold
                0x20070554                . = ALIGN (0x4)
                0x20070554                _erelocate = .

.bss            0x20070554      0x56c load address 0x00087368
                0x20070554                . = ALIGN (0x4)
                0x20070554                _sbss = .
                0x20070554                _szero = .
 *(.bss .bss.*)
 .bss           0x20070554        0x1 c:/users/monkey/documents/archivos/programas/arduino-1.5.6/hardware/tools/g++_arm_none_eabi/bin/../lib/gcc/arm-none-eabi/4.4.1/thumb2/crtbegin.o
 *fill*         0x20070555        0x3 00
 .bss.heap.3798
                0x20070558        0x4 C:\Users\monkey\AppData\Local\VMicro\Arduino\Builds\Arduino\arduino_due_x_dbg/syscalls_sam3.c.o
 .bss.middleSensor
                0x2007055c        0xc C:\Users\monkey\AppData\Local\VMicro\Arduino\Builds\Arduino\arduino_due_x_dbg\Arduino.cpp.o
                0x2007055c                middleSensor
 .bss.leds      0x20070568       0x10 C:\Users\monkey\AppData\Local\VMicro\Arduino\Builds\Arduino\arduino_due_x_dbg\Arduino.cpp.o
                0x20070568                leds
 .bss.frontSensorValue
                0x20070578       0x30 C:\Users\monkey\AppData\Local\VMicro\Arduino\Builds\Arduino\arduino_due_x_dbg\Arduino.cpp.o
                0x20070578                frontSensorValue
 .bss.sensorLeido
                0x200705a8        0xc C:\Users\monkey\AppData\Local\VMicro\Arduino\Builds\Arduino\arduino_due_x_dbg\Arduino.cpp.o
                0x200705a8                sensorLeido
 .bss.frontSensorBool
                0x200705b4        0xc C:\Users\monkey\AppData\Local\VMicro\Arduino\Builds\Arduino\arduino_due_x_dbg\Arduino.cpp.o
                0x200705b4                frontSensorBool
 .bss.frontSensor
                0x200705c0        0xc C:\Users\monkey\AppData\Local\VMicro\Arduino\Builds\Arduino\arduino_due_x_dbg\Arduino.cpp.o
                0x200705c0                frontSensor
 .bss.middleSensorValue
                0x200705cc        0xc C:\Users\monkey\AppData\Local\VMicro\Arduino\Builds\Arduino\arduino_due_x_dbg\Arduino.cpp.o
                0x200705cc                middleSensorValue
 .bss.gpf_isr   0x200705d8        0x4 C:\Users\monkey\Documents\Archivos\Programas\arduino-1.5.6\hardware\arduino\sam\variants\arduino_due_x/libsam_sam3x8e_gcc_rel.a(uotghs.o)
                0x200705d8                gpf_isr
 .bss.PWMEnabled
                0x200705dc        0x1 C:\Users\monkey\AppData\Local\VMicro\Arduino\Builds\Arduino\arduino_due_x_dbg/core.a(wiring_analog.c.o)
 *fill*         0x200705dd        0x3 00
 .bss.pinEnabled
                0x200705e0       0x50 C:\Users\monkey\AppData\Local\VMicro\Arduino\Builds\Arduino\arduino_due_x_dbg/core.a(wiring_analog.c.o)
 .bss.TCChanEnabled
                0x20070630        0xc C:\Users\monkey\AppData\Local\VMicro\Arduino\Builds\Arduino\arduino_due_x_dbg/core.a(wiring_analog.c.o)
 .bss._ZL14isEndpointHalt
                0x2007063c        0x1 C:\Users\monkey\AppData\Local\VMicro\Arduino\Builds\Arduino\arduino_due_x_dbg/core.a(USBCore.cpp.o)
 *fill*         0x2007063d        0x3 00
 .bss._cmark    0x20070640        0x4 C:\Users\monkey\AppData\Local\VMicro\Arduino\Builds\Arduino\arduino_due_x_dbg/core.a(USBCore.cpp.o)
                0x20070640                _cmark
 .bss._cend     0x20070644        0x4 C:\Users\monkey\AppData\Local\VMicro\Arduino\Builds\Arduino\arduino_due_x_dbg/core.a(USBCore.cpp.o)
                0x20070644                _cend
 .bss._cdcComposite
                0x20070648        0x4 C:\Users\monkey\AppData\Local\VMicro\Arduino\Builds\Arduino\arduino_due_x_dbg/core.a(USBCore.cpp.o)
                0x20070648                _cdcComposite
 .bss._usbInitialized
                0x2007064c        0x4 C:\Users\monkey\AppData\Local\VMicro\Arduino\Builds\Arduino\arduino_due_x_dbg/core.a(USBCore.cpp.o)
                0x2007064c                _usbInitialized
 .bss.USBDevice
                0x20070650        0x4 C:\Users\monkey\AppData\Local\VMicro\Arduino\Builds\Arduino\arduino_due_x_dbg/core.a(USBCore.cpp.o)
                0x20070650                USBDevice
 .bss._usbSetInterface
                0x20070654        0x4 C:\Users\monkey\AppData\Local\VMicro\Arduino\Builds\Arduino\arduino_due_x_dbg/core.a(USBCore.cpp.o)
                0x20070654                _usbSetInterface
 .bss._ZL21isRemoteWakeUpEnabled
                0x20070658        0x1 C:\Users\monkey\AppData\Local\VMicro\Arduino\Builds\Arduino\arduino_due_x_dbg/core.a(USBCore.cpp.o)
 *fill*         0x20070659        0x3 00
 .bss._usbConfiguration
                0x2007065c        0x4 C:\Users\monkey\AppData\Local\VMicro\Arduino\Builds\Arduino\arduino_due_x_dbg/core.a(USBCore.cpp.o)
                0x2007065c                _usbConfiguration
 .bss.Serial    0x20070660       0x20 C:\Users\monkey\AppData\Local\VMicro\Arduino\Builds\Arduino\arduino_due_x_dbg/core.a(variant.cpp.o)
                0x20070660                Serial
 .bss.rx_buffer1
                0x20070680       0x48 C:\Users\monkey\AppData\Local\VMicro\Arduino\Builds\Arduino\arduino_due_x_dbg/core.a(variant.cpp.o)
                0x20070680                rx_buffer1
 .bss.Serial1   0x200706c8       0x20 C:\Users\monkey\AppData\Local\VMicro\Arduino\Builds\Arduino\arduino_due_x_dbg/core.a(variant.cpp.o)
                0x200706c8                Serial1
 .bss.Serial2   0x200706e8       0x20 C:\Users\monkey\AppData\Local\VMicro\Arduino\Builds\Arduino\arduino_due_x_dbg/core.a(variant.cpp.o)
                0x200706e8                Serial2
 .bss.Serial3   0x20070708       0x20 C:\Users\monkey\AppData\Local\VMicro\Arduino\Builds\Arduino\arduino_due_x_dbg/core.a(variant.cpp.o)
                0x20070708                Serial3
 .bss.rx_buffer2
                0x20070728       0x48 C:\Users\monkey\AppData\Local\VMicro\Arduino\Builds\Arduino\arduino_due_x_dbg/core.a(variant.cpp.o)
                0x20070728                rx_buffer2
 .bss.rx_buffer3
                0x20070770       0x48 C:\Users\monkey\AppData\Local\VMicro\Arduino\Builds\Arduino\arduino_due_x_dbg/core.a(variant.cpp.o)
                0x20070770                rx_buffer3
 .bss.rx_buffer4
                0x200707b8       0x48 C:\Users\monkey\AppData\Local\VMicro\Arduino\Builds\Arduino\arduino_due_x_dbg/core.a(variant.cpp.o)
                0x200707b8                rx_buffer4
 .bss.cdc_rx_buffer
                0x20070800      0x208 C:\Users\monkey\AppData\Local\VMicro\Arduino\Builds\Arduino\arduino_due_x_dbg/core.a(CDC.cpp.o)
                0x20070800                cdc_rx_buffer
 .bss._ZZN7Serial_6acceptEvE5guard
                0x20070a08        0x4 C:\Users\monkey\AppData\Local\VMicro\Arduino\Builds\Arduino\arduino_due_x_dbg/core.a(CDC.cpp.o)
 .bss.SerialUSB
                0x20070a0c       0x14 C:\Users\monkey\AppData\Local\VMicro\Arduino\Builds\Arduino\arduino_due_x_dbg/core.a(CDC.cpp.o)
                0x20070a0c                SerialUSB
 .bss.Mouse     0x20070a20        0x4 C:\Users\monkey\AppData\Local\VMicro\Arduino\Builds\Arduino\arduino_due_x_dbg/core.a(HID.cpp.o)
                0x20070a20                Mouse
 .bss.Keyboard  0x20070a24       0x10 C:\Users\monkey\AppData\Local\VMicro\Arduino\Builds\Arduino\arduino_due_x_dbg/core.a(HID.cpp.o)
                0x20070a24                Keyboard
 .bss._dwTickCount
                0x20070a34        0x4 C:\Users\monkey\Documents\Archivos\Programas\arduino-1.5.6\hardware\arduino\sam\variants\arduino_due_x/libsam_sam3x8e_gcc_rel.a(timetick.o)
 .bss.ul_recv_fifo_ptr
                0x20070a38       0x28 C:\Users\monkey\Documents\Archivos\Programas\arduino-1.5.6\hardware\arduino\sam\variants\arduino_due_x/libsam_sam3x8e_gcc_rel.a(uotghs_device.o)
 .bss.ul_send_fifo_ptr
                0x20070a60       0x28 C:\Users\monkey\Documents\Archivos\Programas\arduino-1.5.6\hardware\arduino\sam\variants\arduino_due_x/libsam_sam3x8e_gcc_rel.a(uotghs_device.o)
 .bss           0x20070a88       0x34 c:/users/monkey/documents/archivos/programas/arduino-1.5.6/hardware/tools/g++_arm_none_eabi/bin/../lib/gcc/arm-none-eabi/4.4.1/../../../../arm-none-eabi/lib/thumb2\libc.a(lib_a-mallocr.o)
                0x20070a88                __malloc_top_pad
                0x20070a8c                __malloc_current_mallinfo
                0x20070ab4                __malloc_max_sbrked_mem
                0x20070ab8                __malloc_max_total_mem
 *(COMMON)
 COMMON         0x20070abc        0x4 c:/users/monkey/documents/archivos/programas/arduino-1.5.6/hardware/tools/g++_arm_none_eabi/bin/../lib/gcc/arm-none-eabi/4.4.1/../../../../arm-none-eabi/lib/thumb2\libc.a(lib_a-reent.o)
                0x20070abc                errno
                0x20070ac0                . = ALIGN (0x4)
                0x20070ac0                _ebss = .
                0x20070ac0                _ezero = .
                0x20070ac0                . = ALIGN (0x4)
                0x20070ac0                _end = .

.stack_dummy    0x20070ac0        0x0
 *(.stack*)
                0x20088000                __StackTop = 0x20088000
                0x20088000                __StackLimit = (__StackTop - SIZEOF (.stack_dummy))
                0x20088000                PROVIDE (_sstack, __StackLimit)
                0x20088000                PROVIDE (_estack, __StackTop)
OUTPUT(C:\Users\monkey\AppData\Local\VMicro\Arduino\Builds\Arduino\arduino_due_x_dbg/Arduino.elf elf32-littlearm)

.ARM.attributes
                0x00000000       0x25
 .ARM.attributes
                0x00000000       0x19 c:/users/monkey/documents/archivos/programas/arduino-1.5.6/hardware/tools/g++_arm_none_eabi/bin/../lib/gcc/arm-none-eabi/4.4.1/thumb2/crti.o
 .ARM.attributes
                0x00000019       0x29 c:/users/monkey/documents/archivos/programas/arduino-1.5.6/hardware/tools/g++_arm_none_eabi/bin/../lib/gcc/arm-none-eabi/4.4.1/thumb2/crtbegin.o
 .ARM.attributes
                0x00000042       0x31 C:\Users\monkey\AppData\Local\VMicro\Arduino\Builds\Arduino\arduino_due_x_dbg/syscalls_sam3.c.o
 .ARM.attributes
                0x00000073       0x31 C:\Users\monkey\AppData\Local\VMicro\Arduino\Builds\Arduino\arduino_due_x_dbg\Motors.c.o
 .ARM.attributes
                0x000000a4       0x31 C:\Users\monkey\AppData\Local\VMicro\Arduino\Builds\Arduino\arduino_due_x_dbg\Arduino.cpp.o
 .ARM.attributes
                0x000000d5       0x31 C:\Users\monkey\Documents\Archivos\Programas\arduino-1.5.6\hardware\arduino\sam\variants\arduino_due_x/libsam_sam3x8e_gcc_rel.a(startup_sam3xa.o)
 .ARM.attributes
                0x00000106       0x31 C:\Users\monkey\Documents\Archivos\Programas\arduino-1.5.6\hardware\arduino\sam\variants\arduino_due_x/libsam_sam3x8e_gcc_rel.a(uotghs.o)
 .ARM.attributes
                0x00000137       0x31 C:\Users\monkey\AppData\Local\VMicro\Arduino\Builds\Arduino\arduino_due_x_dbg/core.a(cortex_handlers.c.o)
 .ARM.attributes
                0x00000168       0x31 C:\Users\monkey\AppData\Local\VMicro\Arduino\Builds\Arduino\arduino_due_x_dbg/core.a(hooks.c.o)
 .ARM.attributes
                0x00000199       0x31 C:\Users\monkey\AppData\Local\VMicro\Arduino\Builds\Arduino\arduino_due_x_dbg/core.a(wiring.c.o)
 .ARM.attributes
                0x000001ca       0x31 C:\Users\monkey\AppData\Local\VMicro\Arduino\Builds\Arduino\arduino_due_x_dbg/core.a(wiring_analog.c.o)
 .ARM.attributes
                0x000001fb       0x31 C:\Users\monkey\AppData\Local\VMicro\Arduino\Builds\Arduino\arduino_due_x_dbg/core.a(wiring_digital.c.o)
 .ARM.attributes
                0x0000022c       0x31 C:\Users\monkey\AppData\Local\VMicro\Arduino\Builds\Arduino\arduino_due_x_dbg/core.a(main.cpp.o)
 .ARM.attributes
                0x0000025d       0x31 C:\Users\monkey\AppData\Local\VMicro\Arduino\Builds\Arduino\arduino_due_x_dbg/core.a(Print.cpp.o)
 .ARM.attributes
                0x0000028e       0x31 C:\Users\monkey\AppData\Local\VMicro\Arduino\Builds\Arduino\arduino_due_x_dbg/core.a(Reset.cpp.o)
 .ARM.attributes
                0x000002bf       0x31 C:\Users\monkey\AppData\Local\VMicro\Arduino\Builds\Arduino\arduino_due_x_dbg/core.a(UARTClass.cpp.o)
 .ARM.attributes
                0x000002f0       0x31 C:\Users\monkey\AppData\Local\VMicro\Arduino\Builds\Arduino\arduino_due_x_dbg/core.a(WMath.cpp.o)
 .ARM.attributes
                0x00000321       0x31 C:\Users\monkey\AppData\Local\VMicro\Arduino\Builds\Arduino\arduino_due_x_dbg/core.a(USBCore.cpp.o)
 .ARM.attributes
                0x00000352       0x31 C:\Users\monkey\AppData\Local\VMicro\Arduino\Builds\Arduino\arduino_due_x_dbg/core.a(variant.cpp.o)
 .ARM.attributes
                0x00000383       0x31 C:\Users\monkey\AppData\Local\VMicro\Arduino\Builds\Arduino\arduino_due_x_dbg/core.a(cxxabi-compat.cpp.o)
 .ARM.attributes
                0x000003b4       0x31 C:\Users\monkey\AppData\Local\VMicro\Arduino\Builds\Arduino\arduino_due_x_dbg/core.a(RingBuffer.cpp.o)
 .ARM.attributes
                0x000003e5       0x31 C:\Users\monkey\AppData\Local\VMicro\Arduino\Builds\Arduino\arduino_due_x_dbg/core.a(USARTClass.cpp.o)
 .ARM.attributes
                0x00000416       0x31 C:\Users\monkey\AppData\Local\VMicro\Arduino\Builds\Arduino\arduino_due_x_dbg/core.a(CDC.cpp.o)
 .ARM.attributes
                0x00000447       0x31 C:\Users\monkey\AppData\Local\VMicro\Arduino\Builds\Arduino\arduino_due_x_dbg/core.a(HID.cpp.o)
 .ARM.attributes
                0x00000478       0x31 C:\Users\monkey\Documents\Archivos\Programas\arduino-1.5.6\hardware\arduino\sam\variants\arduino_due_x/libsam_sam3x8e_gcc_rel.a(pio.o)
 .ARM.attributes
                0x000004a9       0x31 C:\Users\monkey\Documents\Archivos\Programas\arduino-1.5.6\hardware\arduino\sam\variants\arduino_due_x/libsam_sam3x8e_gcc_rel.a(pmc.o)
 .ARM.attributes
                0x000004da       0x31 C:\Users\monkey\Documents\Archivos\Programas\arduino-1.5.6\hardware\arduino\sam\variants\arduino_due_x/libsam_sam3x8e_gcc_rel.a(pwmc.o)
 .ARM.attributes
                0x0000050b       0x31 C:\Users\monkey\Documents\Archivos\Programas\arduino-1.5.6\hardware\arduino\sam\variants\arduino_due_x/libsam_sam3x8e_gcc_rel.a(tc.o)
 .ARM.attributes
                0x0000053c       0x31 C:\Users\monkey\Documents\Archivos\Programas\arduino-1.5.6\hardware\arduino\sam\variants\arduino_due_x/libsam_sam3x8e_gcc_rel.a(timetick.o)
 .ARM.attributes
                0x0000056d       0x31 C:\Users\monkey\Documents\Archivos\Programas\arduino-1.5.6\hardware\arduino\sam\variants\arduino_due_x/libsam_sam3x8e_gcc_rel.a(wdt.o)
 .ARM.attributes
                0x0000059e       0x31 C:\Users\monkey\Documents\Archivos\Programas\arduino-1.5.6\hardware\arduino\sam\variants\arduino_due_x/libsam_sam3x8e_gcc_rel.a(system_sam3xa.o)
 .ARM.attributes
                0x000005cf       0x31 C:\Users\monkey\Documents\Archivos\Programas\arduino-1.5.6\hardware\arduino\sam\variants\arduino_due_x/libsam_sam3x8e_gcc_rel.a(adc.o)
 .ARM.attributes
                0x00000600       0x31 C:\Users\monkey\Documents\Archivos\Programas\arduino-1.5.6\hardware\arduino\sam\variants\arduino_due_x/libsam_sam3x8e_gcc_rel.a(interrupt_sam_nvic.o)
 .ARM.attributes