Archive member included because of file (symbol)

C:\Users\monkey\Documents\Archivos\Programas\arduino-1.5.6\hardware\arduino\sam\variants\arduino_due_x/libsam_sam3x8e_gcc_rel.a(startup_sam3xa.o)
                              (Reset_Handler)
C:\Users\monkey\Documents\Archivos\Programas\arduino-1.5.6\hardware\arduino\sam\variants\arduino_due_x/libsam_sam3x8e_gcc_rel.a(uotghs.o)
                              C:\Users\monkey\Documents\Archivos\Programas\arduino-1.5.6\hardware\arduino\sam\variants\arduino_due_x/libsam_sam3x8e_gcc_rel.a(startup_sam3xa.o) (UOTGHS_Handler)
C:\Users\monkey\AppData\Local\VMicro\Arduino\Builds\Arduino\arduino_due_x_dbg/core.a(cortex_handlers.c.o)
                              C:\Users\monkey\Documents\Archivos\Programas\arduino-1.5.6\hardware\arduino\sam\variants\arduino_due_x/libsam_sam3x8e_gcc_rel.a(startup_sam3xa.o) (SysTick_Handler)
C:\Users\monkey\AppData\Local\VMicro\Arduino\Builds\Arduino\arduino_due_x_dbg/core.a(hooks.c.o)
                              C:\Users\monkey\AppData\Local\VMicro\Arduino\Builds\Arduino\arduino_due_x_dbg/core.a(cortex_handlers.c.o) (sysTickHook)
C:\Users\monkey\AppData\Local\VMicro\Arduino\Builds\Arduino\arduino_due_x_dbg/core.a(wiring.c.o)
                              C:\Users\monkey\AppData\Local\VMicro\Arduino\Builds\Arduino\arduino_due_x_dbg\Arduino.cpp.o (delay)
C:\Users\monkey\AppData\Local\VMicro\Arduino\Builds\Arduino\arduino_due_x_dbg/core.a(wiring_analog.c.o)
                              C:\Users\monkey\AppData\Local\VMicro\Arduino\Builds\Arduino\arduino_due_x_dbg\Arduino.cpp.o (analogWriteResolution)
C:\Users\monkey\AppData\Local\VMicro\Arduino\Builds\Arduino\arduino_due_x_dbg/core.a(wiring_digital.c.o)
                              C:\Users\monkey\AppData\Local\VMicro\Arduino\Builds\Arduino\arduino_due_x_dbg\Arduino.cpp.o (digitalRead)
C:\Users\monkey\AppData\Local\VMicro\Arduino\Builds\Arduino\arduino_due_x_dbg/core.a(main.cpp.o)
                              C:\Users\monkey\Documents\Archivos\Programas\arduino-1.5.6\hardware\arduino\sam\variants\arduino_due_x/libsam_sam3x8e_gcc_rel.a(startup_sam3xa.o) (main)
C:\Users\monkey\AppData\Local\VMicro\Arduino\Builds\Arduino\arduino_due_x_dbg/core.a(Print.cpp.o)
                              C:\Users\monkey\AppData\Local\VMicro\Arduino\Builds\Arduino\arduino_due_x_dbg\Arduino.cpp.o (Print::println())
C:\Users\monkey\AppData\Local\VMicro\Arduino\Builds\Arduino\arduino_due_x_dbg/core.a(Reset.cpp.o)
                              C:\Users\monkey\AppData\Local\VMicro\Arduino\Builds\Arduino\arduino_due_x_dbg/core.a(cortex_handlers.c.o) (tickReset)
C:\Users\monkey\AppData\Local\VMicro\Arduino\Builds\Arduino\arduino_due_x_dbg/core.a(UARTClass.cpp.o)
                              C:\Users\monkey\AppData\Local\VMicro\Arduino\Builds\Arduino\arduino_due_x_dbg\Arduino.cpp.o (UARTClass::available())
C:\Users\monkey\AppData\Local\VMicro\Arduino\Builds\Arduino\arduino_due_x_dbg/core.a(WMath.cpp.o)
                              C:\Users\monkey\AppData\Local\VMicro\Arduino\Builds\Arduino\arduino_due_x_dbg\Arduino.cpp.o (map(long, long, long, long, long))
C:\Users\monkey\AppData\Local\VMicro\Arduino\Builds\Arduino\arduino_due_x_dbg/core.a(USBCore.cpp.o)
                              C:\Users\monkey\AppData\Local\VMicro\Arduino\Builds\Arduino\arduino_due_x_dbg/core.a(main.cpp.o) (USBDevice_::attach())
C:\Users\monkey\AppData\Local\VMicro\Arduino\Builds\Arduino\arduino_due_x_dbg/core.a(variant.cpp.o)
                              C:\Users\monkey\AppData\Local\VMicro\Arduino\Builds\Arduino\arduino_due_x_dbg/core.a(main.cpp.o) (init)
C:\Users\monkey\AppData\Local\VMicro\Arduino\Builds\Arduino\arduino_due_x_dbg/core.a(cxxabi-compat.cpp.o)
                              C:\Users\monkey\AppData\Local\VMicro\Arduino\Builds\Arduino\arduino_due_x_dbg/core.a(Print.cpp.o) (__cxa_pure_virtual)
C:\Users\monkey\AppData\Local\VMicro\Arduino\Builds\Arduino\arduino_due_x_dbg/core.a(RingBuffer.cpp.o)
                              C:\Users\monkey\AppData\Local\VMicro\Arduino\Builds\Arduino\arduino_due_x_dbg/core.a(UARTClass.cpp.o) (RingBuffer::store_char(unsigned char))
C:\Users\monkey\AppData\Local\VMicro\Arduino\Builds\Arduino\arduino_due_x_dbg/core.a(USARTClass.cpp.o)
                              C:\Users\monkey\AppData\Local\VMicro\Arduino\Builds\Arduino\arduino_due_x_dbg/core.a(variant.cpp.o) (USARTClass::USARTClass(Usart*, IRQn, unsigned long, RingBuffer*))
C:\Users\monkey\AppData\Local\VMicro\Arduino\Builds\Arduino\arduino_due_x_dbg/core.a(CDC.cpp.o)
                              C:\Users\monkey\AppData\Local\VMicro\Arduino\Builds\Arduino\arduino_due_x_dbg/core.a(USBCore.cpp.o) (Serial_::accept())
C:\Users\monkey\AppData\Local\VMicro\Arduino\Builds\Arduino\arduino_due_x_dbg/core.a(HID.cpp.o)
                              C:\Users\monkey\AppData\Local\VMicro\Arduino\Builds\Arduino\arduino_due_x_dbg/core.a(USBCore.cpp.o) (HID_Setup(Setup&))
[...]
Memory Configuration

Name             Origin             Length             Attributes
rom              0x00080000         0x00080000         xr
sram0            0x20000000         0x00010000         xrw
sram1            0x20080000         0x00008000         xrw
ram              0x20070000         0x00018000         xrw
*default*        0x00000000         0xffffffff

Linker script and memory map

LOAD c:/users/monkey/documents/archivos/programas/arduino-1.5.6/hardware/tools/g++_arm_none_eabi/bin/../lib/gcc/arm-none-eabi/4.4.1/thumb2/crti.o
LOAD c:/users/monkey/documents/archivos/programas/arduino-1.5.6/hardware/tools/g++_arm_none_eabi/bin/../lib/gcc/arm-none-eabi/4.4.1/thumb2/crtbegin.o
LOAD c:/users/monkey/documents/archivos/programas/arduino-1.5.6/hardware/tools/g++_arm_none_eabi/bin/../lib/gcc/arm-none-eabi/4.4.1/thumb2\libgcc.a
START GROUP
LOAD C:\Users\monkey\AppData\Local\VMicro\Arduino\Builds\Arduino\arduino_due_x_dbg/syscalls_sam3.c.o
LOAD C:\Users\monkey\AppData\Local\VMicro\Arduino\Builds\Arduino\arduino_due_x_dbg\Motors.c.o
LOAD C:\Users\monkey\AppData\Local\VMicro\Arduino\Builds\Arduino\arduino_due_x_dbg\Arduino.cpp.o
LOAD C:\Users\monkey\Documents\Archivos\Programas\arduino-1.5.6\hardware\arduino\sam\variants\arduino_due_x/libsam_sam3x8e_gcc_rel.a
LOAD C:\Users\monkey\AppData\Local\VMicro\Arduino\Builds\Arduino\arduino_due_x_dbg/core.a
END GROUP
LOAD c:/users/monkey/documents/archivos/programas/arduino-1.5.6/hardware/tools/g++_arm_none_eabi/bin/../lib/gcc/arm-none-eabi/4.4.1/../../../../arm-none-eabi/lib/thumb2\libstdc++.a
LOAD c:/users/monkey/documents/archivos/programas/arduino-1.5.6/hardware/tools/g++_arm_none_eabi/bin/../lib/gcc/arm-none-eabi/4.4.1/../../../../arm-none-eabi/lib/thumb2\libm.a
START GROUP
LOAD c:/users/monkey/documents/archivos/programas/arduino-1.5.6/hardware/tools/g++_arm_none_eabi/bin/../lib/gcc/arm-none-eabi/4.4.1/thumb2\libgcc.a
LOAD c:/users/monkey/documents/archivos/programas/arduino-1.5.6/hardware/tools/g++_arm_none_eabi/bin/../lib/gcc/arm-none-eabi/4.4.1/../../../../arm-none-eabi/lib/thumb2\libc.a
END GROUP
LOAD c:/users/monkey/documents/archivos/programas/arduino-1.5.6/hardware/tools/g++_arm_none_eabi/bin/../lib/gcc/arm-none-eabi/4.4.1/thumb2/crtend.o
LOAD c:/users/monkey/documents/archivos/programas/arduino-1.5.6/hardware/tools/g++_arm_none_eabi/bin/../lib/gcc/arm-none-eabi/4.4.1/thumb2/crtn.o

.text           0x00080000     0x6ee4
                0x00080000                . = ALIGN (0x4)
                0x00080000                _sfixed = .
 *(.vectors .vectors.*)
 .vectors       0x00080000       0xf4 C:\Users\monkey\Documents\Archivos\Programas\arduino-1.5.6\hardware\arduino\sam\variants\arduino_due_x/libsam_sam3x8e_gcc_rel.a(startup_sam3xa.o)
                0x00080000                exception_table
 *(.text .text.* .gnu.linkonce.t.*)
 .text          0x000800f4       0x30 c:/users/monkey/documents/archivos/programas/arduino-1.5.6/hardware/tools/g++_arm_none_eabi/bin/../lib/gcc/arm-none-eabi/4.4.1/thumb2/crtbegin.o
 .text._sbrk    0x00080124       0x20 C:\Users\monkey\AppData\Local\VMicro\Arduino\Builds\Arduino\arduino_due_x_dbg/syscalls_sam3.c.o
                0x00080124                _sbrk
 .text._close   0x00080144        0x6 C:\Users\monkey\AppData\Local\VMicro\Arduino\Builds\Arduino\arduino_due_x_dbg/syscalls_sam3.c.o
                0x00080144                _close
 .text._fstat   0x0008014a        0xa C:\Users\monkey\AppData\Local\VMicro\Arduino\Builds\Arduino\arduino_due_x_dbg/syscalls_sam3.c.o
                0x0008014a                _fstat
 .text._isatty  0x00080154        0x4 C:\Users\monkey\AppData\Local\VMicro\Arduino\Builds\Arduino\arduino_due_x_dbg/syscalls_sam3.c.o
                0x00080154                _isatty
 .text._lseek   0x00080158        0x4 C:\Users\monkey\AppData\Local\VMicro\Arduino\Builds\Arduino\arduino_due_x_dbg/syscalls_sam3.c.o
                0x00080158                _lseek
 .text._read    0x0008015c        0x4 C:\Users\monkey\AppData\Local\VMicro\Arduino\Builds\Arduino\arduino_due_x_dbg/syscalls_sam3.c.o
                0x0008015c                _read
 .text._write   0x00080160       0x20 C:\Users\monkey\AppData\Local\VMicro\Arduino\Builds\Arduino\arduino_due_x_dbg/syscalls_sam3.c.o
                0x00080160                _write
 .text._kill    0x00080180        0x2 C:\Users\monkey\AppData\Local\VMicro\Arduino\Builds\Arduino\arduino_due_x_dbg/syscalls_sam3.c.o
                0x00080180                _kill
 .text._getpid  0x00080182        0x6 C:\Users\monkey\AppData\Local\VMicro\Arduino\Builds\Arduino\arduino_due_x_dbg/syscalls_sam3.c.o
                0x00080182                _getpid
 .text._exit    0x00080188       0x10 C:\Users\monkey\AppData\Local\VMicro\Arduino\Builds\Arduino\arduino_due_x_dbg/syscalls_sam3.c.o
                0x00080188                _exit
 .text._Z4beepb
                0x00080198        0x8 C:\Users\monkey\AppData\Local\VMicro\Arduino\Builds\Arduino\arduino_due_x_dbg\Arduino.cpp.o
                0x00080198                beep(bool)
 .text._Z3ledhb
                0x000801a0       0x14 C:\Users\monkey\AppData\Local\VMicro\Arduino\Builds\Arduino\arduino_due_x_dbg\Arduino.cpp.o
                0x000801a0                led(unsigned char, bool)
 .text._Z10read_frontv
                0x000801b4       0xd0 C:\Users\monkey\AppData\Local\VMicro\Arduino\Builds\Arduino\arduino_due_x_dbg\Arduino.cpp.o
                0x000801b4                read_front()
 .text._Z11read_middlev
                0x00080284       0x40 C:\Users\monkey\AppData\Local\VMicro\Arduino\Builds\Arduino\arduino_due_x_dbg\Arduino.cpp.o
                0x00080284                read_middle()
 .text._Z10sendMiddlev
                0x000802c4       0x2c C:\Users\monkey\AppData\Local\VMicro\Arduino\Builds\Arduino\arduino_due_x_dbg\Arduino.cpp.o
                0x000802c4                sendMiddle()
 .text._Z9sendFrontv
                0x000802f0       0x2c C:\Users\monkey\AppData\Local\VMicro\Arduino\Builds\Arduino\arduino_due_x_dbg\Arduino.cpp.o
                0x000802f0                sendFront()
 .text._Z16sendSensorValuesv
                0x0008031c       0x48 C:\Users\monkey\AppData\Local\VMicro\Arduino\Builds\Arduino\arduino_due_x_dbg\Arduino.cpp.o
                0x0008031c                sendSensorValues()
 .text.setup    0x00080364       0xc8 C:\Users\monkey\AppData\Local\VMicro\Arduino\Builds\Arduino\arduino_due_x_dbg\Arduino.cpp.o
                0x00080364                setup
 .text._Z21setBackwardSpeedRighti
                0x0008042c       0x2a C:\Users\monkey\AppData\Local\VMicro\Arduino\Builds\Arduino\arduino_due_x_dbg\Arduino.cpp.o
                0x0008042c                setBackwardSpeedRight(int)
 .text._Z13moveBackRighth
                0x00080456       0x1c C:\Users\monkey\AppData\Local\VMicro\Arduino\Builds\Arduino\arduino_due_x_dbg\Arduino.cpp.o
                0x00080456                moveBackRight(unsigned char)
 .text._Z20setBackwardSpeedLefti
                0x00080472       0x2a C:\Users\monkey\AppData\Local\VMicro\Arduino\Builds\Arduino\arduino_due_x_dbg\Arduino.cpp.o
                0x00080472                setBackwardSpeedLeft(int)
 .text._Z12moveBackLefth
                0x0008049c       0x1c C:\Users\monkey\AppData\Local\VMicro\Arduino\Builds\Arduino\arduino_due_x_dbg\Arduino.cpp.o
                0x0008049c                moveBackLeft(unsigned char)
 .text._Z12moveBackBothh
                0x000804b8       0x24 C:\Users\monkey\AppData\Local\VMicro\Arduino\Builds\Arduino\arduino_due_x_dbg\Arduino.cpp.o
                0x000804b8                moveBackBoth(unsigned char)
 .text._Z12moveBackwardhh
                0x000804dc       0x3c C:\Users\monkey\AppData\Local\VMicro\Arduino\Builds\Arduino\arduino_due_x_dbg\Arduino.cpp.o
                0x000804dc                moveBackward(unsigned char, unsigned char)
 .text._Z19setForwardSpeedLefti
                0x00080518       0x24 C:\Users\monkey\AppData\Local\VMicro\Arduino\Builds\Arduino\arduino_due_x_dbg\Arduino.cpp.o
                0x00080518                setForwardSpeedLeft(int)
 .text._Z12setLeftSpeedh
                0x0008053c       0x1c C:\Users\monkey\AppData\Local\VMicro\Arduino\Builds\Arduino\arduino_due_x_dbg\Arduino.cpp.o
                0x0008053c                setLeftSpeed(unsigned char)
 .text._Z20setForwardSpeedRighti
                0x00080558       0x24 C:\Users\monkey\AppData\Local\VMicro\Arduino\Builds\Arduino\arduino_due_x_dbg\Arduino.cpp.o
                0x00080558                setForwardSpeedRight(int)
 .text._Z13setRightSpeedh
                0x0008057c       0x1c C:\Users\monkey\AppData\Local\VMicro\Arduino\Builds\Arduino\arduino_due_x_dbg\Arduino.cpp.o
                0x0008057c                setRightSpeed(unsigned char)
 .text._Z9turnRighth
                0x00080598       0x22 C:\Users\monkey\AppData\Local\VMicro\Arduino\Builds\Arduino\arduino_due_x_dbg\Arduino.cpp.o
                0x00080598                turnRight(unsigned char)
 .text._Z8turnLefth
                0x000805ba       0x26 C:\Users\monkey\AppData\Local\VMicro\Arduino\Builds\Arduino\arduino_due_x_dbg\Arduino.cpp.o
                0x000805ba                turnLeft(unsigned char)
 .text._Z9setMotorsii
                0x000805e0       0x12 C:\Users\monkey\AppData\Local\VMicro\Arduino\Builds\Arduino\arduino_due_x_dbg\Arduino.cpp.o
                0x000805e0                setMotors(int, int)
 .text._Z11moveForwardh
                0x000805f2       0x1e C:\Users\monkey\AppData\Local\VMicro\Arduino\Builds\Arduino\arduino_due_x_dbg\Arduino.cpp.o
                0x000805f2                moveForward(unsigned char)
 .text._Z12moveBalancedhh
                0x00080610       0x38 C:\Users\monkey\AppData\Local\VMicro\Arduino\Builds\Arduino\arduino_due_x_dbg\Arduino.cpp.o
                0x00080610                moveBalanced(unsigned char, unsigned char)
 .text._Z10stopMotorsv
                0x00080648       0x2a C:\Users\monkey\AppData\Local\VMicro\Arduino\Builds\Arduino\arduino_due_x_dbg\Arduino.cpp.o
                0x00080648                stopMotors()
 *fill*         0x00080672        0x2 00
 .text._Z23getAndRunCommandFromUSBv
                0x00080674       0xf8 C:\Users\monkey\AppData\Local\VMicro\Arduino\Builds\Arduino\arduino_due_x_dbg\Arduino.cpp.o
                0x00080674                getAndRunCommandFromUSB()
 .text.loop     0x0008076c        0x4 C:\Users\monkey\AppData\Local\VMicro\Arduino\Builds\Arduino\arduino_due_x_dbg\Arduino.cpp.o
                0x0008076c                loop
 .text.Reset_Handler
                0x00080770       0x70 C:\Users\monkey\Documents\Archivos\Programas\arduino-1.5.6\hardware\arduino\sam\variants\arduino_due_x/libsam_sam3x8e_gcc_rel.a(startup_sam3xa.o)
                0x00080770                Reset_Handler
 .text.UOTGHS_Handler
                0x000807e0       0x10 C:\Users\monkey\Documents\Archivos\Programas\arduino-1.5.6\hardware\arduino\sam\variants\arduino_due_x/libsam_sam3x8e_gcc_rel.a(uotghs.o)
                0x000807e0                UOTGHS_Handler
 .text.__halt   0x000807f0        0x2 C:\Users\monkey\AppData\Local\VMicro\Arduino\Builds\Arduino\arduino_due_x_dbg/core.a(cortex_handlers.c.o)
                0x000807f0                DACC_Handler
                0x000807f0                DebugMon_Handler
                0x000807f0                DMAC_Handler
                0x000807f0                TRNG_Handler
                0x000807f0                HardFault_Handler
                0x000807f0                TC2_Handler
                0x000807f0                TWI1_Handler
                0x000807f0                NMI_Handler
                0x000807f0                TC7_Handler
                0x000807f0                ADC_Handler
                0x000807f0                SMC_Handler
                0x000807f0                RTT_Handler
                0x000807f0                EFC1_Handler
                0x000807f0                PIOB_Handler
                0x000807f0                RTC_Handler
                0x000807f0                UsageFault_Handler
                0x000807f0                TC6_Handler
                0x000807f0                WDT_Handler
                0x000807f0                CAN0_Handler
                0x000807f0                TC4_Handler
                0x000807f0                TC1_Handler
                0x000807f0                HSMCI_Handler
                0x000807f0                TC3_Handler
                0x000807f0                TWI0_Handler
                0x000807f0                PIOA_Handler
                0x000807f0                SSC_Handler
                0x000807f0                EFC0_Handler
                0x000807f0                PMC_Handler
                0x000807f0                PWM_Handler
                0x000807f0                CAN1_Handler
                0x000807f0                MemManage_Handler
                0x000807f0                SUPC_Handler
                0x000807f0                TC8_Handler
                0x000807f0                USART2_Handler
                0x000807f0                PIOD_Handler
                0x000807f0                EMAC_Handler
                0x000807f0                PIOC_Handler
                0x000807f0                BusFault_Handler
                0x000807f0                RSTC_Handler
                0x000807f0                TC0_Handler
                0x000807f0                TC5_Handler
                0x000807f0                SPI0_Handler
 .text.SysTick_Handler
                0x000807f2       0x16 C:\Users\monkey\AppData\Local\VMicro\Arduino\Builds\Arduino\arduino_due_x_dbg/core.a(cortex_handlers.c.o)
                0x000807f2                SysTick_Handler
 .text.PendSV_Handler
                0x00080808        0x4 C:\Users\monkey\AppData\Local\VMicro\Arduino\Builds\Arduino\arduino_due_x_dbg/core.a(cortex_handlers.c.o)
                0x00080808                PendSV_Handler
 .text.SVC_Handler
                0x0008080c        0x4 C:\Users\monkey\AppData\Local\VMicro\Arduino\Builds\Arduino\arduino_due_x_dbg/core.a(cortex_handlers.c.o)
                0x0008080c                SVC_Handler
 .text.__empty  0x00080810        0x2 C:\Users\monkey\AppData\Local\VMicro\Arduino\Builds\Arduino\arduino_due_x_dbg/core.a(hooks.c.o)
                0x00080810                yield
 .text.__false  0x00080812        0x4 C:\Users\monkey\AppData\Local\VMicro\Arduino\Builds\Arduino\arduino_due_x_dbg/core.a(hooks.c.o)
                0x00080812                sysTickHook
 .text.__halt   0x00080816        0x2 C:\Users\monkey\AppData\Local\VMicro\Arduino\Builds\Arduino\arduino_due_x_dbg/core.a(hooks.c.o)
                0x00080816                svcHook
                0x00080816                pendSVHook
 .text.delay    0x00080818       0x1c C:\Users\monkey\AppData\Local\VMicro\Arduino\Builds\Arduino\arduino_due_x_dbg/core.a(wiring.c.o)
                0x00080818                delay
 .text.analogWriteResolution
                0x00080834        0xc C:\Users\monkey\AppData\Local\VMicro\Arduino\Builds\Arduino\arduino_due_x_dbg/core.a(wiring_analog.c.o)
                0x00080834                analogWriteResolution
 .text.TC_SetCMR_ChannelA
                0x00080840       0x12 C:\Users\monkey\AppData\Local\VMicro\Arduino\Builds\Arduino\arduino_due_x_dbg/core.a(wiring_analog.c.o)
 .text.TC_SetCMR_ChannelB
                0x00080852       0x12 C:\Users\monkey\AppData\Local\VMicro\Arduino\Builds\Arduino\arduino_due_x_dbg/core.a(wiring_analog.c.o)
 .text.analogOutputInit
                0x00080864       0x14 C:\Users\monkey\AppData\Local\VMicro\Arduino\Builds\Arduino\arduino_due_x_dbg/core.a(wiring_analog.c.o)
                0x00080864                analogOutputInit
 .text.analogWrite
                0x00080878      0x2bc C:\Users\monkey\AppData\Local\VMicro\Arduino\Builds\Arduino\arduino_due_x_dbg/core.a(wiring_analog.c.o)
                0x00080878                analogWrite
 .text.digitalRead
                0x00080b34       0x28 C:\Users\monkey\AppData\Local\VMicro\Arduino\Builds\Arduino\arduino_due_x_dbg/core.a(wiring_digital.c.o)
                0x00080b34                digitalRead
 .text.digitalWrite
                0x00080b5c       0x48 C:\Users\monkey\AppData\Local\VMicro\Arduino\Builds\Arduino\arduino_due_x_dbg/core.a(wiring_digital.c.o)
                0x00080b5c                digitalWrite
 .text.pinMode  0x00080ba4       0x68 C:\Users\monkey\AppData\Local\VMicro\Arduino\Builds\Arduino\arduino_due_x_dbg/core.a(wiring_digital.c.o)
                0x00080ba4                pinMode
 .text.main     0x00080c0c       0x30 C:\Users\monkey\AppData\Local\VMicro\Arduino\Builds\Arduino\arduino_due_x_dbg/core.a(main.cpp.o)
                0x00080c0c                main
 .text._ZN5Print5writeEPKhj
                0x00080c3c       0x2e C:\Users\monkey\AppData\Local\VMicro\Arduino\Builds\Arduino\arduino_due_x_dbg/core.a(Print.cpp.o)
                0x00080c3c                Print::write(unsigned char const*, unsigned int)
 .text._ZN5Print5printEc
                0x00080c6a        0xa C:\Users\monkey\AppData\Local\VMicro\Arduino\Builds\Arduino\arduino_due_x_dbg/core.a(Print.cpp.o)
                0x00080c6a                Print::print(char)
 .text._ZN5Print7printlnEv
                0x00080c74       0x18 C:\Users\monkey\AppData\Local\VMicro\Arduino\Builds\Arduino\arduino_due_x_dbg/core.a(Print.cpp.o)
                0x00080c74                Print::println()
 .text._ZN5Print5writeEPKc
                0x00080c8c       0x20 C:\Users\monkey\AppData\Local\VMicro\Arduino\Builds\Arduino\arduino_due_x_dbg/core.a(Print.cpp.o)
                0x00080c8c                Print::write(char const*)
 .text._ZN5Print11printNumberEmh
                0x00080cac       0x3e C:\Users\monkey\AppData\Local\VMicro\Arduino\Builds\Arduino\arduino_due_x_dbg/core.a(Print.cpp.o)
                0x00080cac                Print::printNumber(unsigned long, unsigned char)
 .text._ZN5Print5printEli
                0x00080cea       0x42 C:\Users\monkey\AppData\Local\VMicro\Arduino\Builds\Arduino\arduino_due_x_dbg/core.a(Print.cpp.o)
                0x00080cea                Print::print(long, int)
 .text._ZN5Print5printEii
                0x00080d2c        0x4 C:\Users\monkey\AppData\Local\VMicro\Arduino\Builds\Arduino\arduino_due_x_dbg/core.a(Print.cpp.o)
                0x00080d2c                Print::print(int, int)
 .text.initiateReset
                0x00080d30        0xc C:\Users\monkey\AppData\Local\VMicro\Arduino\Builds\Arduino\arduino_due_x_dbg/core.a(Reset.cpp.o)
                0x00080d30                initiateReset
 .text.cancelReset
                0x00080d3c       0x10 C:\Users\monkey\AppData\Local\VMicro\Arduino\Builds\Arduino\arduino_due_x_dbg/core.a(Reset.cpp.o)
                0x00080d3c                cancelReset
 .text.tickReset
                0x00080d4c       0x20 C:\Users\monkey\AppData\Local\VMicro\Arduino\Builds\Arduino\arduino_due_x_dbg/core.a(Reset.cpp.o)
                0x00080d4c                tickReset
 .text._ZN9UARTClasscvbEv
                0x00080d6c        0x4 C:\Users\monkey\AppData\Local\VMicro\Arduino\Builds\Arduino\arduino_due_x_dbg/core.a(UARTClass.cpp.o)
                0x00080d6c                UARTClass::operator bool()
 .text._ZN9UARTClassC1EP4Uart4IRQnmP10RingBuffer
                0x00080d70       0x24 C:\Users\monkey\AppData\Local\VMicro\Arduino\Builds\Arduino\arduino_due_x_dbg/core.a(UARTClass.cpp.o)
                0x00080d70                UARTClass::UARTClass(Uart*, IRQn, unsigned long, RingBuffer*)
 .text._ZN9UARTClass9availableEv
                0x00080d94        0xe C:\Users\monkey\AppData\Local\VMicro\Arduino\Builds\Arduino\arduino_due_x_dbg/core.a(UARTClass.cpp.o)
                0x00080d94                UARTClass::available()
 .text._ZN9UARTClass4peekEv
                0x00080da2       0x12 C:\Users\monkey\AppData\Local\VMicro\Arduino\Builds\Arduino\arduino_due_x_dbg/core.a(UARTClass.cpp.o)
                0x00080da2                UARTClass::peek()
 .text._ZN9UARTClass4readEv
                0x00080db4       0x1c C:\Users\monkey\AppData\Local\VMicro\Arduino\Builds\Arduino\arduino_due_x_dbg/core.a(UARTClass.cpp.o)
                0x00080db4                UARTClass::read()
 .text._ZN9UARTClass5flushEv
                0x00080dd0        0xc C:\Users\monkey\AppData\Local\VMicro\Arduino\Builds\Arduino\arduino_due_x_dbg/core.a(UARTClass.cpp.o)
                0x00080dd0                UARTClass::flush()
 .text._ZN9UARTClass5writeEh
                0x00080ddc       0x10 C:\Users\monkey\AppData\Local\VMicro\Arduino\Builds\Arduino\arduino_due_x_dbg/core.a(UARTClass.cpp.o)
                0x00080ddc                UARTClass::write(unsigned char)
 .text._ZN9UARTClass10IrqHandlerEv
                0x00080dec       0x2a C:\Users\monkey\AppData\Local\VMicro\Arduino\Builds\Arduino\arduino_due_x_dbg/core.a(UARTClass.cpp.o)
                0x00080dec                UARTClass::IrqHandler()
 *fill*         0x00080e16        0x2 00
 .text._ZN9UARTClass3endEv
                0x00080e18       0x38 C:\Users\monkey\AppData\Local\VMicro\Arduino\Builds\Arduino\arduino_due_x_dbg/core.a(UARTClass.cpp.o)
                0x00080e18                UARTClass::end()
 .text._ZN9UARTClass5beginEm
                0x00080e50       0x5c C:\Users\monkey\AppData\Local\VMicro\Arduino\Builds\Arduino\arduino_due_x_dbg/core.a(UARTClass.cpp.o)
                0x00080e50                UARTClass::begin(unsigned long)
 .text._Z3maplllll
                0x00080eac       0x1a C:\Users\monkey\AppData\Local\VMicro\Arduino\Builds\Arduino\arduino_due_x_dbg/core.a(WMath.cpp.o)
                0x00080eac                map(long, long, long, long, long)
 *fill*         0x00080ec6        0x2 00
 .text._Z16USBD_InitControli
                0x00080ec8       0x14 C:\Users\monkey\AppData\Local\VMicro\Arduino\Builds\Arduino\arduino_due_x_dbg/core.a(USBCore.cpp.o)
                0x00080ec8                USBD_InitControl(int)
 .text._ZL11USB_SendZlpv
                0x00080edc       0x24 C:\Users\monkey\AppData\Local\VMicro\Arduino\Builds\Arduino\arduino_due_x_dbg/core.a(USBCore.cpp.o)
 .text._ZN10USBDevice_6attachEv
                0x00080f00       0x20 C:\Users\monkey\AppData\Local\VMicro\Arduino\Builds\Arduino\arduino_due_x_dbg/core.a(USBCore.cpp.o)
                0x00080f00                USBDevice_::attach()
 .text._ZN10USBDevice_C1Ev
                0x00080f20       0x24 C:\Users\monkey\AppData\Local\VMicro\Arduino\Builds\Arduino\arduino_due_x_dbg/core.a(USBCore.cpp.o)
                0x00080f20                USBDevice_::USBDevice_()
 .text._Z14USBD_Availablem
                0x00080f44       0x2c C:\Users\monkey\AppData\Local\VMicro\Arduino\Builds\Arduino\arduino_due_x_dbg/core.a(USBCore.cpp.o)
                0x00080f44                USBD_Available(unsigned long)
 .text._Z10USBD_Flushm
                0x00080f70       0x16 C:\Users\monkey\AppData\Local\VMicro\Arduino\Builds\Arduino\arduino_due_x_dbg/core.a(USBCore.cpp.o)
                0x00080f70                USBD_Flush(unsigned long)
 .text._Z24USBD_SendOtherInterfacesv
                0x00080f86       0x1c C:\Users\monkey\AppData\Local\VMicro\Arduino\Builds\Arduino\arduino_due_x_dbg/core.a(USBCore.cpp.o)
                0x00080f86                USBD_SendOtherInterfaces()
 .text._Z19USBD_SendInterfacesv
                0x00080fa2       0x1c C:\Users\monkey\AppData\Local\VMicro\Arduino\Builds\Arduino\arduino_due_x_dbg/core.a(USBCore.cpp.o)
                0x00080fa2                USBD_SendInterfaces()
 .text._Z26USBD_ClassInterfaceRequestR5Setup
                0x00080fbe       0x14 C:\Users\monkey\AppData\Local\VMicro\Arduino\Builds\Arduino\arduino_due_x_dbg/core.a(USBCore.cpp.o)
                0x00080fbe                USBD_ClassInterfaceRequest(Setup&)
 .text._Z16USBD_RecvControlPvm
                0x00080fd2       0x1c C:\Users\monkey\AppData\Local\VMicro\Arduino\Builds\Arduino\arduino_due_x_dbg/core.a(USBCore.cpp.o)
                0x00080fd2                USBD_RecvControl(void*, unsigned long)
 *fill*         0x00080fee        0x2 00
 .text._Z16USBD_SendControlhPKvm
                0x00080ff0       0x40 C:\Users\monkey\AppData\Local\VMicro\Arduino\Builds\Arduino\arduino_due_x_dbg/core.a(USBCore.cpp.o)
                0x00080ff0                USBD_SendControl(unsigned char, void const*, unsigned long)
 .text._ZL24USB_SendStringDescriptorPKhi
                0x00081030       0x42 C:\Users\monkey\AppData\Local\VMicro\Arduino\Builds\Arduino\arduino_due_x_dbg/core.a(USBCore.cpp.o)
 *fill*         0x00081072        0x2 00
 .text._ZL7USB_ISRv
                0x00081074      0x438 C:\Users\monkey\AppData\Local\VMicro\Arduino\Builds\Arduino\arduino_due_x_dbg/core.a(USBCore.cpp.o)
 .text._Z9USBD_SendmPKvm
                0x000814ac       0x4c C:\Users\monkey\AppData\Local\VMicro\Arduino\Builds\Arduino\arduino_due_x_dbg/core.a(USBCore.cpp.o)
                0x000814ac                USBD_Send(unsigned long, void const*, unsigned long)
 .text._Z9USBD_RecvmPvm
                0x000814f8       0x7c C:\Users\monkey\AppData\Local\VMicro\Arduino\Builds\Arduino\arduino_due_x_dbg/core.a(USBCore.cpp.o)
                0x000814f8                USBD_Recv(unsigned long, void*, unsigned long)
 .text._Z9USBD_Recvm
                0x00081574       0x1e C:\Users\monkey\AppData\Local\VMicro\Arduino\Builds\Arduino\arduino_due_x_dbg/core.a(USBCore.cpp.o)
                0x00081574                USBD_Recv(unsigned long)
 *fill*         0x00081592        0x2 00
 .text._GLOBAL__I_TxLEDPulse
                0x00081594        0xc C:\Users\monkey\AppData\Local\VMicro\Arduino\Builds\Arduino\arduino_due_x_dbg/core.a(USBCore.cpp.o)
 .text._Z11serialEventv
                0x000815a0        0x2 C:\Users\monkey\AppData\Local\VMicro\Arduino\Builds\Arduino\arduino_due_x_dbg/core.a(variant.cpp.o)
                0x000815a0                serialEvent()
 .text._Z12serialEvent1v
                0x000815a2        0x2 C:\Users\monkey\AppData\Local\VMicro\Arduino\Builds\Arduino\arduino_due_x_dbg/core.a(variant.cpp.o)
                0x000815a2                serialEvent1()
 .text._Z12serialEvent2v
                0x000815a4        0x2 C:\Users\monkey\AppData\Local\VMicro\Arduino\Builds\Arduino\arduino_due_x_dbg/core.a(variant.cpp.o)
                0x000815a4                serialEvent2()
 .text._Z12serialEvent3v
                0x000815a6        0x2 C:\Users\monkey\AppData\Local\VMicro\Arduino\Builds\Arduino\arduino_due_x_dbg/core.a(variant.cpp.o)
                0x000815a6                serialEvent3()
 .text.init     0x000815a8      0x134 C:\Users\monkey\AppData\Local\VMicro\Arduino\Builds\Arduino\arduino_due_x_dbg/core.a(variant.cpp.o)
                0x000815a8                init
 .text._Z14serialEventRunv
                0x000816dc       0x48 C:\Users\monkey\AppData\Local\VMicro\Arduino\Builds\Arduino\arduino_due_x_dbg/core.a(variant.cpp.o)
                0x000816dc                serialEventRun()
 .text.USART3_Handler
                0x00081724        0xc C:\Users\monkey\AppData\Local\VMicro\Arduino\Builds\Arduino\arduino_due_x_dbg/core.a(variant.cpp.o)
                0x00081724                USART3_Handler
 .text.USART1_Handler
                0x00081730        0xc C:\Users\monkey\AppData\Local\VMicro\Arduino\Builds\Arduino\arduino_due_x_dbg/core.a(variant.cpp.o)
                0x00081730                USART1_Handler
 .text.USART0_Handler
                0x0008173c        0xc C:\Users\monkey\AppData\Local\VMicro\Arduino\Builds\Arduino\arduino_due_x_dbg/core.a(variant.cpp.o)
                0x0008173c                USART0_Handler
 .text.UART_Handler
                0x00081748        0xc C:\Users\monkey\AppData\Local\VMicro\Arduino\Builds\Arduino\arduino_due_x_dbg/core.a(variant.cpp.o)
                0x00081748                UART_Handler
 .text._GLOBAL__I_g_APinDescription
                0x00081754       0x8c C:\Users\monkey\AppData\Local\VMicro\Arduino\Builds\Arduino\arduino_due_x_dbg/core.a(variant.cpp.o)
 .text._ZN10RingBuffer10store_charEh
                0x000817e0       0x16 C:\Users\monkey\AppData\Local\VMicro\Arduino\Builds\Arduino\arduino_due_x_dbg/core.a(RingBuffer.cpp.o)
                0x000817e0                RingBuffer::store_char(unsigned char)
 .text._ZN10RingBufferC1Ev
                0x000817f6       0x16 C:\Users\monkey\AppData\Local\VMicro\Arduino\Builds\Arduino\arduino_due_x_dbg/core.a(RingBuffer.cpp.o)
                0x000817f6                RingBuffer::RingBuffer()
 .text._ZN10USARTClasscvbEv
                0x0008180c        0x4 C:\Users\monkey\AppData\Local\VMicro\Arduino\Builds\Arduino\arduino_due_x_dbg/core.a(USARTClass.cpp.o)
                0x0008180c                USARTClass::operator bool()
 .text._ZN10USARTClassC1EP5Usart4IRQnmP10RingBuffer
                0x00081810       0x24 C:\Users\monkey\AppData\Local\VMicro\Arduino\Builds\Arduino\arduino_due_x_dbg/core.a(USARTClass.cpp.o)
                0x00081810                USARTClass::USARTClass(Usart*, IRQn, unsigned long, RingBuffer*)
 .text._ZN10USARTClass9availableEv
                0x00081834        0xe C:\Users\monkey\AppData\Local\VMicro\Arduino\Builds\Arduino\arduino_due_x_dbg/core.a(USARTClass.cpp.o)
                0x00081834                USARTClass::available()
 .text._ZN10USARTClass4peekEv
                0x00081842       0x12 C:\Users\monkey\AppData\Local\VMicro\Arduino\Builds\Arduino\arduino_due_x_dbg/core.a(USARTClass.cpp.o)
                0x00081842                USARTClass::peek()
 .text._ZN10USARTClass4readEv
                0x00081854       0x1c C:\Users\monkey\AppData\Local\VMicro\Arduino\Builds\Arduino\arduino_due_x_dbg/core.a(USARTClass.cpp.o)
                0x00081854                USARTClass::read()
 .text._ZN10USARTClass5flushEv
                0x00081870        0xc C:\Users\monkey\AppData\Local\VMicro\Arduino\Builds\Arduino\arduino_due_x_dbg/core.a(USARTClass.cpp.o)
                0x00081870                USARTClass::flush()
 .text._ZN10USARTClass5writeEh
                0x0008187c       0x10 C:\Users\monkey\AppData\Local\VMicro\Arduino\Builds\Arduino\arduino_due_x_dbg/core.a(USARTClass.cpp.o)
                0x0008187c                USARTClass::write(unsigned char)
 .text._ZN10USARTClass10IrqHandlerEv
                0x0008188c       0x2a C:\Users\monkey\AppData\Local\VMicro\Arduino\Builds\Arduino\arduino_due_x_dbg/core.a(USARTClass.cpp.o)
                0x0008188c                USARTClass::IrqHandler()
 *fill*         0x000818b6        0x2 00
 .text._ZN10USARTClass3endEv
                0x000818b8       0x38 C:\Users\monkey\AppData\Local\VMicro\Arduino\Builds\Arduino\arduino_due_x_dbg/core.a(USARTClass.cpp.o)
                0x000818b8                USARTClass::end()
 .text._ZN10USARTClass5beginEm
                0x000818f0       0x5c C:\Users\monkey\AppData\Local\VMicro\Arduino\Builds\Arduino\arduino_due_x_dbg/core.a(USARTClass.cpp.o)
                0x000818f0                USARTClass::begin(unsigned long)
 .text._ZN7Serial_9availableEv
                0x0008194c       0x18 C:\Users\monkey\AppData\Local\VMicro\Arduino\Builds\Arduino\arduino_due_x_dbg/core.a(CDC.cpp.o)
                0x0008194c                Serial_::available()
 .text._ZN7Serial_4peekEv
                0x00081964       0x20 C:\Users\monkey\AppData\Local\VMicro\Arduino\Builds\Arduino\arduino_due_x_dbg/core.a(CDC.cpp.o)
                0x00081964                Serial_::peek()
 .text._ZN7Serial_5writeEh
                0x00081984       0x14 C:\Users\monkey\AppData\Local\VMicro\Arduino\Builds\Arduino\arduino_due_x_dbg/core.a(CDC.cpp.o)
                0x00081984                Serial_::write(unsigned char)
 .text._ZN7Serial_5writeEPKhj
                0x00081998       0x28 C:\Users\monkey\AppData\Local\VMicro\Arduino\Builds\Arduino\arduino_due_x_dbg/core.a(CDC.cpp.o)
                0x00081998                Serial_::write(unsigned char const*, unsigned int)
 .text._ZN7Serial_5flushEv
                0x000819c0        0x6 C:\Users\monkey\AppData\Local\VMicro\Arduino\Builds\Arduino\arduino_due_x_dbg/core.a(CDC.cpp.o)
                0x000819c0                Serial_::flush()
 *fill*         0x000819c6        0x2 00
 .text._ZN7Serial_4readEv
                0x000819c8       0x44 C:\Users\monkey\AppData\Local\VMicro\Arduino\Builds\Arduino\arduino_due_x_dbg/core.a(CDC.cpp.o)
                0x000819c8                Serial_::read()
 .text._ZN7Serial_6acceptEv
                0x00081a0c       0x6c C:\Users\monkey\AppData\Local\VMicro\Arduino\Builds\Arduino\arduino_due_x_dbg/core.a(CDC.cpp.o)
                0x00081a0c                Serial_::accept()
 .text._Z21CDC_GetOtherInterfacePh
                0x00081a78       0x14 C:\Users\monkey\AppData\Local\VMicro\Arduino\Builds\Arduino\arduino_due_x_dbg/core.a(CDC.cpp.o)
                0x00081a78                CDC_GetOtherInterface(unsigned char*)
 .text._Z16CDC_GetInterfacePh
                0x00081a8c       0x14 C:\Users\monkey\AppData\Local\VMicro\Arduino\Builds\Arduino\arduino_due_x_dbg/core.a(CDC.cpp.o)
                0x00081a8c                CDC_GetInterface(unsigned char*)
 .text._Z9CDC_SetupR5Setup
                0x00081aa0       0x60 C:\Users\monkey\AppData\Local\VMicro\Arduino\Builds\Arduino\arduino_due_x_dbg/core.a(CDC.cpp.o)
                0x00081aa0                CDC_Setup(Setup&)
 .text._GLOBAL__I_cdc_rx_buffer
                0x00081b00       0x1c C:\Users\monkey\AppData\Local\VMicro\Arduino\Builds\Arduino\arduino_due_x_dbg/core.a(CDC.cpp.o)
 .text._Z9HID_SetupR5Setup
                0x00081b1c       0x44 C:\Users\monkey\AppData\Local\VMicro\Arduino\Builds\Arduino\arduino_due_x_dbg/core.a(HID.cpp.o)
                0x00081b1c                HID_Setup(Setup&)
 .text._ZN6Mouse_C1Ev
                0x00081b60        0x6 C:\Users\monkey\AppData\Local\VMicro\Arduino\Builds\Arduino\arduino_due_x_dbg/core.a(HID.cpp.o)
                0x00081b60                Mouse_::Mouse_()
 *fill*         0x00081b66        0x2 00
 .text._ZN9Keyboard_C1Ev
                0x00081b68       0x10 C:\Users\monkey\AppData\Local\VMicro\Arduino\Builds\Arduino\arduino_due_x_dbg/core.a(HID.cpp.o)
                0x00081b68                Keyboard_::Keyboard_()
 .text._ZN9Keyboard_5writeEh
                0x00081b78       0x1c C:\Users\monkey\AppData\Local\VMicro\Arduino\Builds\Arduino\arduino_due_x_dbg/core.a(HID.cpp.o)
                0x00081b78                Keyboard_::write(unsigned char)
 .text._Z14HID_SendReporthPKvm
                0x00081b94       0x2c C:\Users\monkey\AppData\Local\VMicro\Arduino\Builds\Arduino\arduino_due_x_dbg/core.a(HID.cpp.o)
                0x00081b94                HID_SendReport(unsigned char, void const*, unsigned long)
 .text._ZN9Keyboard_10sendReportEP9KeyReport
                0x00081bc0        0x8 C:\Users\monkey\AppData\Local\VMicro\Arduino\Builds\Arduino\arduino_due_x_dbg/core.a(HID.cpp.o)
                0x00081bc0                Keyboard_::sendReport(KeyReport*)
 .text._ZN9Keyboard_10releaseAllEv
                0x00081bc8       0x18 C:\Users\monkey\AppData\Local\VMicro\Arduino\Builds\Arduino\arduino_due_x_dbg/core.a(HID.cpp.o)
                0x00081bc8                Keyboard_::releaseAll()
 .text._ZN9Keyboard_7releaseEh
                0x00081be0       0x74 C:\Users\monkey\AppData\Local\VMicro\Arduino\Builds\Arduino\arduino_due_x_dbg/core.a(HID.cpp.o)
                0x00081be0                Keyboard_::release(unsigned char)
 .text._ZN9Keyboard_5pressEh
                0x00081c54       0x9c C:\Users\monkey\AppData\Local\VMicro\Arduino\Builds\Arduino\arduino_due_x_dbg/core.a(HID.cpp.o)
                0x00081c54                Keyboard_::press(unsigned char)
 .text._Z17HID_GetDescriptori
                0x00081cf0       0x10 C:\Users\monkey\AppData\Local\VMicro\Arduino\Builds\Arduino\arduino_due_x_dbg/core.a(HID.cpp.o)
                0x00081cf0                HID_GetDescriptor(int)
 .text._Z16HID_GetInterfacePh
                0x00081d00       0x14 C:\Users\monkey\AppData\Local\VMicro\Arduino\Builds\Arduino\arduino_due_x_dbg/core.a(HID.cpp.o)
                0x00081d00                HID_GetInterface(unsigned char*)
 .text._GLOBAL__I_Mouse
                0x00081d14       0x1c C:\Users\monkey\AppData\Local\VMicro\Arduino\Builds\Arduino\arduino_due_x_dbg/core.a(HID.cpp.o)
 .text.PIO_DisableInterrupt
                0x00081d30        0x4 C:\Users\monkey\Documents\Archivos\Programas\arduino-1.5.6\hardware\arduino\sam\variants\arduino_due_x/libsam_sam3x8e_gcc_rel.a(pio.o)
                0x00081d30                PIO_DisableInterrupt
 .text.PIO_PullUp
                0x00081d34        0xa C:\Users\monkey\Documents\Archivos\Programas\arduino-1.5.6\hardware\arduino\sam\variants\arduino_due_x/libsam_sam3x8e_gcc_rel.a(pio.o)
                0x00081d34                PIO_PullUp
 .text.PIO_Get  0x00081d3e       0x16 C:\Users\monkey\Documents\Archivos\Programas\arduino-1.5.6\hardware\arduino\sam\variants\arduino_due_x/libsam_sam3x8e_gcc_rel.a(pio.o)
                0x00081d3e                PIO_Get
 .text.PIO_SetPeripheral
                0x00081d54       0x2a C:\Users\monkey\Documents\Archivos\Programas\arduino-1.5.6\hardware\arduino\sam\variants\arduino_due_x/libsam_sam3x8e_gcc_rel.a(pio.o)
                0x00081d54                PIO_SetPeripheral
 *fill*         0x00081d7e        0x2 00
 .text.PIO_SetInput
                0x00081d80       0x40 C:\Users\monkey\Documents\Archivos\Programas\arduino-1.5.6\hardware\arduino\sam\variants\arduino_due_x/libsam_sam3x8e_gcc_rel.a(pio.o)
                0x00081d80                PIO_SetInput
 .text.PIO_SetOutput
                0x00081dc0       0x38 C:\Users\monkey\Documents\Archivos\Programas\arduino-1.5.6\hardware\arduino\sam\variants\arduino_due_x/libsam_sam3x8e_gcc_rel.a(pio.o)
                0x00081dc0                PIO_SetOutput
 .text.PIO_Configure
                0x00081df8       0x74 C:\Users\monkey\Documents\Archivos\Programas\arduino-1.5.6\hardware\arduino\sam\variants\arduino_due_x/libsam_sam3x8e_gcc_rel.a(pio.o)
                0x00081df8                PIO_Configure
 .text.PIO_GetOutputDataStatus
                0x00081e6c       0x16 C:\Users\monkey\Documents\Archivos\Programas\arduino-1.5.6\hardware\arduino\sam\variants\arduino_due_x/libsam_sam3x8e_gcc_rel.a(pio.o)
                0x00081e6c                PIO_GetOutputDataStatus
 *fill*         0x00081e82        0x2 00
 .text.pmc_enable_upll_clock
                0x00081e84       0x18 C:\Users\monkey\Documents\Archivos\Programas\arduino-1.5.6\hardware\arduino\sam\variants\arduino_due_x/libsam_sam3x8e_gcc_rel.a(pmc.o)
                0x00081e84                pmc_enable_upll_clock
 .text.pmc_enable_periph_clk
                0x00081e9c       0x48 C:\Users\monkey\Documents\Archivos\Programas\arduino-1.5.6\hardware\arduino\sam\variants\arduino_due_x/libsam_sam3x8e_gcc_rel.a(pmc.o)
                0x00081e9c                pmc_enable_periph_clk
 .text.pmc_disable_periph_clk
                0x00081ee4       0x48 C:\Users\monkey\Documents\Archivos\Programas\arduino-1.5.6\hardware\arduino\sam\variants\arduino_due_x/libsam_sam3x8e_gcc_rel.a(pmc.o)
                0x00081ee4                pmc_disable_periph_clk
 .text.pmc_switch_udpck_to_upllck
                0x00081f2c       0x14 C:\Users\monkey\Documents\Archivos\Programas\arduino-1.5.6\hardware\arduino\sam\variants\arduino_due_x/libsam_sam3x8e_gcc_rel.a(pmc.o)
                0x00081f2c                pmc_switch_udpck_to_upllck
 .text.pmc_enable_udpck
                0x00081f40        0xc C:\Users\monkey\Documents\Archivos\Programas\arduino-1.5.6\hardware\arduino\sam\variants\arduino_due_x/libsam_sam3x8e_gcc_rel.a(pmc.o)
                0x00081f40                pmc_enable_udpck
 .text.FindClockConfiguration
                0x00081f4c       0x7c C:\Users\monkey\Documents\Archivos\Programas\arduino-1.5.6\hardware\arduino\sam\variants\arduino_due_x/libsam_sam3x8e_gcc_rel.a(pwmc.o)
 .text.PWMC_ConfigureChannel
                0x00081fc8       0x60 C:\Users\monkey\Documents\Archivos\Programas\arduino-1.5.6\hardware\arduino\sam\variants\arduino_due_x/libsam_sam3x8e_gcc_rel.a(pwmc.o)
                0x00081fc8                PWMC_ConfigureChannel
 .text.PWMC_ConfigureClocks
                0x00082028       0x54 C:\Users\monkey\Documents\Archivos\Programas\arduino-1.5.6\hardware\arduino\sam\variants\arduino_due_x/libsam_sam3x8e_gcc_rel.a(pwmc.o)
                0x00082028                PWMC_ConfigureClocks
 .text.PWMC_SetPeriod
                0x0008207c       0x1a C:\Users\monkey\Documents\Archivos\Programas\arduino-1.5.6\hardware\arduino\sam\variants\arduino_due_x/libsam_sam3x8e_gcc_rel.a(pwmc.o)
                0x0008207c                PWMC_SetPeriod
 *fill*         0x00082096        0x2 00
 .text.PWMC_SetDutyCycle
                0x00082098       0x48 C:\Users\monkey\Documents\Archivos\Programas\arduino-1.5.6\hardware\arduino\sam\variants\arduino_due_x/libsam_sam3x8e_gcc_rel.a(pwmc.o)
                0x00082098                PWMC_SetDutyCycle
 .text.PWMC_EnableChannel
                0x000820e0        0x8 C:\Users\monkey\Documents\Archivos\Programas\arduino-1.5.6\hardware\arduino\sam\variants\arduino_due_x/libsam_sam3x8e_gcc_rel.a(pwmc.o)
                0x000820e0                PWMC_EnableChannel
 .text.TC_Configure
                0x000820e8       0x38 C:\Users\monkey\Documents\Archivos\Programas\arduino-1.5.6\hardware\arduino\sam\variants\arduino_due_x/libsam_sam3x8e_gcc_rel.a(tc.o)
                0x000820e8                TC_Configure
 .text.TC_Start
                0x00082120       0x2c C:\Users\monkey\Documents\Archivos\Programas\arduino-1.5.6\hardware\arduino\sam\variants\arduino_due_x/libsam_sam3x8e_gcc_rel.a(tc.o)
                0x00082120                TC_Start
 .text.TC_SetRA
                0x0008214c        0x8 C:\Users\monkey\Documents\Archivos\Programas\arduino-1.5.6\hardware\arduino\sam\variants\arduino_due_x/libsam_sam3x8e_gcc_rel.a(tc.o)
                0x0008214c                TC_SetRA
 .text.TC_SetRB
                0x00082154        0x8 C:\Users\monkey\Documents\Archivos\Programas\arduino-1.5.6\hardware\arduino\sam\variants\arduino_due_x/libsam_sam3x8e_gcc_rel.a(tc.o)
                0x00082154                TC_SetRB
 .text.TC_SetRC
                0x0008215c        0x8 C:\Users\monkey\Documents\Archivos\Programas\arduino-1.5.6\hardware\arduino\sam\variants\arduino_due_x/libsam_sam3x8e_gcc_rel.a(tc.o)
                0x0008215c                TC_SetRC
 .text.TimeTick_Increment
                0x00082164       0x10 C:\Users\monkey\Documents\Archivos\Programas\arduino-1.5.6\hardware\arduino\sam\variants\arduino_due_x/libsam_sam3x8e_gcc_rel.a(timetick.o)
                0x00082164                TimeTick_Increment
 .text.GetTickCount
                0x00082174        0xc C:\Users\monkey\Documents\Archivos\Programas\arduino-1.5.6\hardware\arduino\sam\variants\arduino_due_x/libsam_sam3x8e_gcc_rel.a(timetick.o)
                0x00082174                GetTickCount
 .text.WDT_Disable
                0x00082180        0x8 C:\Users\monkey\Documents\Archivos\Programas\arduino-1.5.6\hardware\arduino\sam\variants\arduino_due_x/libsam_sam3x8e_gcc_rel.a(wdt.o)
                0x00082180                WDT_Disable
 .text.SystemInit
                0x00082188       0x9c C:\Users\monkey\Documents\Archivos\Programas\arduino-1.5.6\hardware\arduino\sam\variants\arduino_due_x/libsam_sam3x8e_gcc_rel.a(system_sam3xa.o)
                0x00082188                SystemInit
 .text.adc_init
                0x00082224       0xa0 C:\Users\monkey\Documents\Archivos\Programas\arduino-1.5.6\hardware\arduino\sam\variants\arduino_due_x/libsam_sam3x8e_gcc_rel.a(adc.o)
                0x00082224                adc_init
 .text.adc_configure_trigger
                0x000822c4       0x10 C:\Users\monkey\Documents\Archivos\Programas\arduino-1.5.6\hardware\arduino\sam\variants\arduino_due_x/libsam_sam3x8e_gcc_rel.a(adc.o)
                0x000822c4                adc_configure_trigger
 .text.adc_configure_timing
                0x000822d4       0x1a C:\Users\monkey\Documents\Archivos\Programas\arduino-1.5.6\hardware\arduino\sam\variants\arduino_due_x/libsam_sam3x8e_gcc_rel.a(adc.o)
                0x000822d4                adc_configure_timing
 .text.adc_disable_all_channel
                0x000822ee        0x8 C:\Users\monkey\Documents\Archivos\Programas\arduino-1.5.6\hardware\arduino\sam\variants\arduino_due_x/libsam_sam3x8e_gcc_rel.a(adc.o)
                0x000822ee                adc_disable_all_channel
 .text.adc_disable_interrupt
                0x000822f6        0x4 C:\Users\monkey\Documents\Archivos\Programas\arduino-1.5.6\hardware\arduino\sam\variants\arduino_due_x/libsam_sam3x8e_gcc_rel.a(adc.o)
                0x000822f6                adc_disable_interrupt
 *fill*         0x000822fa        0x2 00
 .text.UDD_SetStack
                0x000822fc        0xc C:\Users\monkey\Documents\Archivos\Programas\arduino-1.5.6\hardware\arduino\sam\variants\arduino_due_x/libsam_sam3x8e_gcc_rel.a(uotghs_device.o)
                0x000822fc                UDD_SetStack
 .text.UDD_Init
                0x00082308       0xd0 C:\Users\monkey\Documents\Archivos\Programas\arduino-1.5.6\hardware\arduino\sam\variants\arduino_due_x/libsam_sam3x8e_gcc_rel.a(uotghs_device.o)
                0x00082308                UDD_Init
 .text.UDD_Attach
                0x000823d8       0x4c C:\Users\monkey\Documents\Archivos\Programas\arduino-1.5.6\hardware\arduino\sam\variants\arduino_due_x/libsam_sam3x8e_gcc_rel.a(uotghs_device.o)
                0x000823d8                UDD_Attach
 .text.UDD_InitEP
                0x00082424       0x30 C:\Users\monkey\Documents\Archivos\Programas\arduino-1.5.6\hardware\arduino\sam\variants\arduino_due_x/libsam_sam3x8e_gcc_rel.a(uotghs_device.o)
                0x00082424                UDD_InitEP
 .text.UDD_InitEndpoints
                0x00082454       0x3c C:\Users\monkey\Documents\Archivos\Programas\arduino-1.5.6\hardware\arduino\sam\variants\arduino_due_x/libsam_sam3x8e_gcc_rel.a(uotghs_device.o)
                0x00082454                UDD_InitEndpoints
 .text.UDD_WaitIN
                0x00082490       0x14 C:\Users\monkey\Documents\Archivos\Programas\arduino-1.5.6\hardware\arduino\sam\variants\arduino_due_x/libsam_sam3x8e_gcc_rel.a(uotghs_device.o)
                0x00082490                UDD_WaitIN
 .text.UDD_WaitOUT
                0x000824a4       0x14 C:\Users\monkey\Documents\Archivos\Programas\arduino-1.5.6\hardware\arduino\sam\variants\arduino_due_x/libsam_sam3x8e_gcc_rel.a(uotghs_device.o)
                0x000824a4                UDD_WaitOUT
 .text.UDD_ClearIN
                0x000824b8       0x18 C:\Users\monkey\Documents\Archivos\Programas\arduino-1.5.6\hardware\arduino\sam\variants\arduino_due_x/libsam_sam3x8e_gcc_rel.a(uotghs_device.o)
                0x000824b8                UDD_ClearIN
 .text.UDD_ClearOUT
                0x000824d0       0x18 C:\Users\monkey\Documents\Archivos\Programas\arduino-1.5.6\hardware\arduino\sam\variants\arduino_due_x/libsam_sam3x8e_gcc_rel.a(uotghs_device.o)
                0x000824d0                UDD_ClearOUT
 .text.UDD_ReceivedSetupInt
                0x000824e8       0x10 C:\Users\monkey\Documents\Archivos\Programas\arduino-1.5.6\hardware\arduino\sam\variants\arduino_due_x/libsam_sam3x8e_gcc_rel.a(uotghs_device.o)
                0x000824e8                UDD_ReceivedSetupInt
 .text.UDD_ClearSetupInt
                0x000824f8       0x10 C:\Users\monkey\Documents\Archivos\Programas\arduino-1.5.6\hardware\arduino\sam\variants\arduino_due_x/libsam_sam3x8e_gcc_rel.a(uotghs_device.o)
                0x000824f8                UDD_ClearSetupInt
 .text.UDD_Send
                0x00082508       0x90 C:\Users\monkey\Documents\Archivos\Programas\arduino-1.5.6\hardware\arduino\sam\variants\arduino_due_x/libsam_sam3x8e_gcc_rel.a(uotghs_device.o)
                0x00082508                UDD_Send
 .text.UDD_Send8
                0x00082598       0x28 C:\Users\monkey\Documents\Archivos\Programas\arduino-1.5.6\hardware\arduino\sam\variants\arduino_due_x/libsam_sam3x8e_gcc_rel.a(uotghs_device.o)
                0x00082598                UDD_Send8
 .text.UDD_Recv8
                0x000825c0       0x28 C:\Users\monkey\Documents\Archivos\Programas\arduino-1.5.6\hardware\arduino\sam\variants\arduino_due_x/libsam_sam3x8e_gcc_rel.a(uotghs_device.o)
                0x000825c0                UDD_Recv8
 .text.UDD_Recv
                0x000825e8       0x34 C:\Users\monkey\Documents\Archivos\Programas\arduino-1.5.6\hardware\arduino\sam\variants\arduino_due_x/libsam_sam3x8e_gcc_rel.a(uotghs_device.o)
                0x000825e8                UDD_Recv
 .text.UDD_Stall
                0x0008261c       0x14 C:\Users\monkey\Documents\Archivos\Programas\arduino-1.5.6\hardware\arduino\sam\variants\arduino_due_x/libsam_sam3x8e_gcc_rel.a(uotghs_device.o)
                0x0008261c                UDD_Stall
 .text.UDD_FifoByteCount
                0x00082630       0x1c C:\Users\monkey\Documents\Archivos\Programas\arduino-1.5.6\hardware\arduino\sam\variants\arduino_due_x/libsam_sam3x8e_gcc_rel.a(uotghs_device.o)
                0x00082630                UDD_FifoByteCount
 .text.UDD_ReleaseRX
                0x0008264c       0x2c C:\Users\monkey\Documents\Archivos\Programas\arduino-1.5.6\hardware\arduino\sam\variants\arduino_due_x/libsam_sam3x8e_gcc_rel.a(uotghs_device.o)
                0x0008264c                UDD_ReleaseRX
 .text.UDD_ReleaseTX
                0x00082678       0x2c C:\Users\monkey\Documents\Archivos\Programas\arduino-1.5.6\hardware\arduino\sam\variants\arduino_due_x/libsam_sam3x8e_gcc_rel.a(uotghs_device.o)
                0x00082678                UDD_ReleaseTX
 .text.UDD_SetAddress
                0x000826a4       0x20 C:\Users\monkey\Documents\Archivos\Programas\arduino-1.5.6\hardware\arduino\sam\variants\arduino_due_x/libsam_sam3x8e_gcc_rel.a(uotghs_device.o)
                0x000826a4                UDD_SetAddress
 .text.dacc_reset
                0x000826c4        0x6 C:\Users\monkey\Documents\Archivos\Programas\arduino-1.5.6\hardware\arduino\sam\variants\arduino_due_x/libsam_sam3x8e_gcc_rel.a(dacc.o)
                0x000826c4                dacc_reset
 .text.dacc_set_transfer_mode
                0x000826ca       0x16 C:\Users\monkey\Documents\Archivos\Programas\arduino-1.5.6\hardware\arduino\sam\variants\arduino_due_x/libsam_sam3x8e_gcc_rel.a(dacc.o)
                0x000826ca                dacc_set_transfer_mode
 .text.dacc_get_interrupt_status
                0x000826e0        0x4 C:\Users\monkey\Documents\Archivos\Programas\arduino-1.5.6\hardware\arduino\sam\variants\arduino_due_x/libsam_sam3x8e_gcc_rel.a(dacc.o)
                0x000826e0                dacc_get_interrupt_status
 .text.dacc_write_conversion_data
                0x000826e4        0x4 C:\Users\monkey\Documents\Archivos\Programas\arduino-1.5.6\hardware\arduino\sam\variants\arduino_due_x/libsam_sam3x8e_gcc_rel.a(dacc.o)
                0x000826e4                dacc_write_conversion_data
 .text.dacc_set_channel_selection
                0x000826e8       0x18 C:\Users\monkey\Documents\Archivos\Programas\arduino-1.5.6\hardware\arduino\sam\variants\arduino_due_x/libsam_sam3x8e_gcc_rel.a(dacc.o)
                0x000826e8                dacc_set_channel_selection
 .text.dacc_set_power_save
                0x00082700       0x28 C:\Users\monkey\Documents\Archivos\Programas\arduino-1.5.6\hardware\arduino\sam\variants\arduino_due_x/libsam_sam3x8e_gcc_rel.a(dacc.o)
                0x00082700                dacc_set_power_save
 .text.dacc_set_timing
                0x00082728       0x30 C:\Users\monkey\Documents\Archivos\Programas\arduino-1.5.6\hardware\arduino\sam\variants\arduino_due_x/libsam_sam3x8e_gcc_rel.a(dacc.o)
                0x00082728                dacc_set_timing
 .text.dacc_enable_channel
                0x00082758       0x14 C:\Users\monkey\Documents\Archivos\Programas\arduino-1.5.6\hardware\arduino\sam\variants\arduino_due_x/libsam_sam3x8e_gcc_rel.a(dacc.o)
                0x00082758                dacc_enable_channel
 .text.dacc_get_channel_status
                0x0008276c        0x4 C:\Users\monkey\Documents\Archivos\Programas\arduino-1.5.6\hardware\arduino\sam\variants\arduino_due_x/libsam_sam3x8e_gcc_rel.a(dacc.o)
                0x0008276c                dacc_get_channel_status
 .text.dacc_set_analog_control
                0x00082770        0x8 C:\Users\monkey\Documents\Archivos\Programas\arduino-1.5.6\hardware\arduino\sam\variants\arduino_due_x/libsam_sam3x8e_gcc_rel.a(dacc.o)
                0x00082770                dacc_set_analog_control
 .text          0x00082778       0x54 c:/users/monkey/documents/archivos/programas/arduino-1.5.6/hardware/tools/g++_arm_none_eabi/bin/../lib/gcc/arm-none-eabi/4.4.1/../../../../arm-none-eabi/lib/thumb2\libc.a(lib_a-assert.o)
                0x00082778                __assert_func
                0x000827c0                __assert
 .text          0x000827cc       0x4c c:/users/monkey/documents/archivos/programas/arduino-1.5.6/hardware/tools/g++_arm_none_eabi/bin/../lib/gcc/arm-none-eabi/4.4.1/../../../../arm-none-eabi/lib/thumb2\libc.a(lib_a-fiprintf.o)
                0x000827cc                fiprintf
                0x000827f8                _fiprintf_r
 .text          0x00082818       0x50 c:/users/monkey/documents/archivos/programas/arduino-1.5.6/hardware/tools/g++_arm_none_eabi/bin/../lib/gcc/arm-none-eabi/4.4.1/../../../../arm-none-eabi/lib/thumb2\libc.a(lib_a-init.o)
                0x00082818                __libc_init_array
 .text          0x00082868       0x64 c:/users/monkey/documents/archivos/programas/arduino-1.5.6/hardware/tools/g++_arm_none_eabi/bin/../lib/gcc/arm-none-eabi/4.4.1/../../../../arm-none-eabi/lib/thumb2\libc.a(lib_a-iprintf.o)
                0x00082868                _iprintf_r
                0x00082894                iprintf
 .text          0x000828cc       0xd4 c:/users/monkey/documents/archivos/programas/arduino-1.5.6/hardware/tools/g++_arm_none_eabi/bin/../lib/gcc/arm-none-eabi/4.4.1/../../../../arm-none-eabi/lib/thumb2\libc.a(lib_a-memset.o)
                0x000828cc                memset
 .text          0x000829a0       0x60 c:/users/monkey/documents/archivos/programas/arduino-1.5.6/hardware/tools/g++_arm_none_eabi/bin/../lib/gcc/arm-none-eabi/4.4.1/../../../../arm-none-eabi/lib/thumb2\libc.a(lib_a-strlen.o)
                0x000829a0                strlen
 .text          0x00082a00      0xd38 c:/users/monkey/documents/archivos/programas/arduino-1.5.6/hardware/tools/g++_arm_none_eabi/bin/../lib/gcc/arm-none-eabi/4.4.1/../../../../arm-none-eabi/lib/thumb2\libc.a(lib_a-vfiprintf.o)
                0x00082a1c                _vfiprintf_r
                0x0008371c                vfiprintf
 .text          0x00083738      0x104 c:/users/monkey/documents/archivos/programas/arduino-1.5.6/hardware/tools/g++_arm_none_eabi/bin/../lib/gcc/arm-none-eabi/4.4.1/../../../../arm-none-eabi/lib/thumb2\libc.a(lib_a-wsetup.o)
                0x00083738                __swsetup_r
 .text          0x0008383c       0x10 c:/users/monkey/documents/archivos/programas/arduino-1.5.6/hardware/tools/g++_arm_none_eabi/bin/../lib/gcc/arm-none-eabi/4.4.1/../../../../arm-none-eabi/lib/thumb2\libc.a(lib_a-abort.o)
                0x0008383c                abort
 .text          0x0008384c      0x178 c:/users/monkey/documents/archivos/programas/arduino-1.5.6/hardware/tools/g++_arm_none_eabi/bin/../lib/gcc/arm-none-eabi/4.4.1/../../../../arm-none-eabi/lib/thumb2\libc.a(lib_a-fflush.o)
                0x0008384c                _fflush_r
                0x0008399c                fflush
 .text          0x000839c4      0x1c8 c:/users/monkey/documents/archivos/programas/arduino-1.5.6/hardware/tools/g++_arm_none_eabi/bin/../lib/gcc/arm-none-eabi/4.4.1/../../../../arm-none-eabi/lib/thumb2\libc.a(lib_a-findfp.o)
                0x000839c4                __sfp_lock_acquire
                0x000839c8                __sfp_lock_release
                0x000839cc                __sinit_lock_acquire
                0x000839d0                __sinit_lock_release
                0x000839dc                __fp_unlock_all
                0x000839f4                __fp_lock_all
                0x00083a0c                _cleanup_r
                0x00083a18                _cleanup
                0x00083a74                __sfmoreglue
                0x00083aa4                __sfp
                0x00083b2c                __sinit
 .text          0x00083b8c      0x268 c:/users/monkey/documents/archivos/programas/arduino-1.5.6/hardware/tools/g++_arm_none_eabi/bin/../lib/gcc/arm-none-eabi/4.4.1/../../../../arm-none-eabi/lib/thumb2\libc.a(lib_a-freer.o)
                0x00083b8c                _malloc_trim_r
                0x00083c34                _free_r
 .text          0x00083df4      0x334 c:/users/monkey/documents/archivos/programas/arduino-1.5.6/hardware/tools/g++_arm_none_eabi/bin/../lib/gcc/arm-none-eabi/4.4.1/../../../../arm-none-eabi/lib/thumb2\libc.a(lib_a-fvwrite.o)
                0x00083df4                __sfvwrite_r
 .text          0x00084128       0xa0 c:/users/monkey/documents/archivos/programas/arduino-1.5.6/hardware/tools/g++_arm_none_eabi/bin/../lib/gcc/arm-none-eabi/4.4.1/../../../../arm-none-eabi/lib/thumb2\libc.a(lib_a-fwalk.o)
                0x00084128                _fwalk_reent
                0x0008417c                _fwalk
 .text          0x000841c8       0xdc c:/users/monkey/documents/archivos/programas/arduino-1.5.6/hardware/tools/g++_arm_none_eabi/bin/../lib/gcc/arm-none-eabi/4.4.1/../../../../arm-none-eabi/lib/thumb2\libc.a(lib_a-makebuf.o)
                0x000841c8                __smakebuf_r
 .text          0x000842a4      0x5a4 c:/users/monkey/documents/archivos/programas/arduino-1.5.6/hardware/tools/g++_arm_none_eabi/bin/../lib/gcc/arm-none-eabi/4.4.1/../../../../arm-none-eabi/lib/thumb2\libc.a(lib_a-mallocr.o)
                0x000842a4                _malloc_r
 .text          0x00084848       0x74 c:/users/monkey/documents/archivos/programas/arduino-1.5.6/hardware/tools/g++_arm_none_eabi/bin/../lib/gcc/arm-none-eabi/4.4.1/../../../../arm-none-eabi/lib/thumb2\libc.a(lib_a-memchr.o)
                0x00084848                memchr
 .text          0x000848bc      0x190 c:/users/monkey/documents/archivos/programas/arduino-1.5.6/hardware/tools/g++_arm_none_eabi/bin/../lib/gcc/arm-none-eabi/4.4.1/../../../../arm-none-eabi/lib/thumb2\libc.a(lib_a-memcpy.o)
                0x000848bc                memcpy
 .text          0x00084a4c       0xb8 c:/users/monkey/documents/archivos/programas/arduino-1.5.6/hardware/tools/g++_arm_none_eabi/bin/../lib/gcc/arm-none-eabi/4.4.1/../../../../arm-none-eabi/lib/thumb2\libc.a(lib_a-memmove.o)
                0x00084a4c                memmove
 .text          0x00084b04        0x8 c:/users/monkey/documents/archivos/programas/arduino-1.5.6/hardware/tools/g++_arm_none_eabi/bin/../lib/gcc/arm-none-eabi/4.4.1/../../../../arm-none-eabi/lib/thumb2\libc.a(lib_a-mlock.o)
                0x00084b04                __malloc_lock
                0x00084b08                __malloc_unlock
 .text          0x00084b0c      0x3b4 c:/users/monkey/documents/archivos/programas/arduino-1.5.6/hardware/tools/g++_arm_none_eabi/bin/../lib/gcc/arm-none-eabi/4.4.1/../../../../arm-none-eabi/lib/thumb2\libc.a(lib_a-reallocr.o)
                0x00084b0c                _realloc_r
 .text          0x00084ec0       0x28 c:/users/monkey/documents/archivos/programas/arduino-1.5.6/hardware/tools/g++_arm_none_eabi/bin/../lib/gcc/arm-none-eabi/4.4.1/../../../../arm-none-eabi/lib/thumb2\libc.a(lib_a-sbrkr.o)
                0x00084ec0                _sbrk_r
 .text          0x00084ee8      0x14c c:/users/monkey/documents/archivos/programas/arduino-1.5.6/hardware/tools/g++_arm_none_eabi/bin/../lib/gcc/arm-none-eabi/4.4.1/../../../../arm-none-eabi/lib/thumb2\libc.a(lib_a-signal.o)
                0x00084ee8                _raise_r
                0x00084f40                raise
                0x00084f50                _init_signal_r
                0x00084f78                _init_signal
                0x00084f84                __sigtramp_r
                0x00084fd8                __sigtramp
                0x00084fe8                _signal_r
                0x00085024                signal
 .text          0x00085034       0x30 c:/users/monkey/documents/archivos/programas/arduino-1.5.6/hardware/tools/g++_arm_none_eabi/bin/../lib/gcc/arm-none-eabi/4.4.1/../../../../arm-none-eabi/lib/thumb2\libc.a(lib_a-signalr.o)
                0x00085034                _getpid_r
                0x00085038                _kill_r
 .text          0x00085064       0x90 c:/users/monkey/documents/archivos/programas/arduino-1.5.6/hardware/tools/g++_arm_none_eabi/bin/../lib/gcc/arm-none-eabi/4.4.1/../../../../arm-none-eabi/lib/thumb2\libc.a(lib_a-stdio.o)
                0x00085064                __sclose
                0x0008506c                __sseek
                0x00085094                __swrite
                0x000850d0                __sread
 .text          0x000850f4       0x2c c:/users/monkey/documents/archivos/programas/arduino-1.5.6/hardware/tools/g++_arm_none_eabi/bin/../lib/gcc/arm-none-eabi/4.4.1/../../../../arm-none-eabi/lib/thumb2\libc.a(lib_a-writer.o)
                0x000850f4                _write_r
 .text          0x00085120       0x28 c:/users/monkey/documents/archivos/programas/arduino-1.5.6/hardware/tools/g++_arm_none_eabi/bin/../lib/gcc/arm-none-eabi/4.4.1/../../../../arm-none-eabi/lib/thumb2\libc.a(lib_a-closer.o)
                0x00085120                _close_r
 .text          0x00085148       0xcc c:/users/monkey/documents/archivos/programas/arduino-1.5.6/hardware/tools/g++_arm_none_eabi/bin/../lib/gcc/arm-none-eabi/4.4.1/../../../../arm-none-eabi/lib/thumb2\libc.a(lib_a-fclose.o)
                0x00085148                _fclose_r
                0x00085204                fclose
 .text          0x00085214       0x2c c:/users/monkey/documents/archivos/programas/arduino-1.5.6/hardware/tools/g++_arm_none_eabi/bin/../lib/gcc/arm-none-eabi/4.4.1/../../../../arm-none-eabi/lib/thumb2\libc.a(lib_a-fstatr.o)
                0x00085214                _fstat_r
 .text          0x00085240       0x28 c:/users/monkey/documents/archivos/programas/arduino-1.5.6/hardware/tools/g++_arm_none_eabi/bin/../lib/gcc/arm-none-eabi/4.4.1/../../../../arm-none-eabi/lib/thumb2\libc.a(lib_a-isattyr.o)
                0x00085240                _isatty_r
 .text          0x00085268       0x2c c:/users/monkey/documents/archivos/programas/arduino-1.5.6/hardware/tools/g++_arm_none_eabi/bin/../lib/gcc/arm-none-eabi/4.4.1/../../../../arm-none-eabi/lib/thumb2\libc.a(lib_a-lseekr.o)
                0x00085268                _lseek_r
 .text          0x00085294       0x2c c:/users/monkey/documents/archivos/programas/arduino-1.5.6/hardware/tools/g++_arm_none_eabi/bin/../lib/gcc/arm-none-eabi/4.4.1/../../../../arm-none-eabi/lib/thumb2\libc.a(lib_a-readr.o)
                0x00085294                _read_r
 .text          0x000852c0       0x2c c:/users/monkey/documents/archivos/programas/arduino-1.5.6/hardware/tools/g++_arm_none_eabi/bin/../lib/gcc/arm-none-eabi/4.4.1/thumb2\libgcc.a(_aeabi_uldivmod.o)
                0x000852c0                __aeabi_uldivmod
 .text          0x000852ec       0x58 c:/users/monkey/documents/archivos/programas/arduino-1.5.6/hardware/tools/g++_arm_none_eabi/bin/../lib/gcc/arm-none-eabi/4.4.1/thumb2\libgcc.a(bpabi.o)
                0x000852ec                __gnu_uldivmod_helper
                0x00085318                __gnu_ldivmod_helper
 .text          0x00085344        0x4 c:/users/monkey/documents/archivos/programas/arduino-1.5.6/hardware/tools/g++_arm_none_eabi/bin/../lib/gcc/arm-none-eabi/4.4.1/thumb2\libgcc.a(_dvmd_tls.o)
                0x00085344                __aeabi_idiv0
                0x00085344                __aeabi_ldiv0
 .text          0x00085348      0x364 c:/users/monkey/documents/archivos/programas/arduino-1.5.6/hardware/tools/g++_arm_none_eabi/bin/../lib/gcc/arm-none-eabi/4.4.1/thumb2\libgcc.a(_divdi3.o)
                0x00085348                __divdi3
 .text          0x000856ac      0x300 c:/users/monkey/documents/archivos/programas/arduino-1.5.6/hardware/tools/g++_arm_none_eabi/bin/../lib/gcc/arm-none-eabi/4.4.1/thumb2\libgcc.a(_udivdi3.o)
                0x000856ac                __udivdi3
 *fill*         0x000859ac        0x4 00
 .text          0x000859b0      0x278 c:/users/monkey/documents/archivos/programas/arduino-1.5.6/hardware/tools/g++_arm_none_eabi/bin/../lib/gcc/arm-none-eabi/4.4.1/thumb2\libgcc.a(_udivsi3.o)
                0x000859b0                __aeabi_uidiv
                0x000859b0                __udivsi3
                0x00085c0c                __aeabi_uidivmod
 *(.glue_7t)
 .glue_7t       0x00000000        0x0 linker stubs
 *(.glue_7)
 .glue_7        0x00000000        0x0 linker stubs
 *(.rodata .rodata* .gnu.linkonce.r.*)
 .rodata.str1.1
                0x00085c28       0x19 C:\Users\monkey\AppData\Local\VMicro\Arduino\Builds\Arduino\arduino_due_x_dbg/syscalls_sam3.c.o
 *fill*         0x00085c41        0x3 00
 .rodata._ZZ5setupE4C.41
                0x00085c44       0x10 C:\Users\monkey\AppData\Local\VMicro\Arduino\Builds\Arduino\arduino_due_x_dbg\Arduino.cpp.o
 .rodata._ZZ5setupE4C.42
                0x00085c54        0xc C:\Users\monkey\AppData\Local\VMicro\Arduino\Builds\Arduino\arduino_due_x_dbg\Arduino.cpp.o
 .rodata._ZZ5setupE4C.43
                0x00085c60        0xc C:\Users\monkey\AppData\Local\VMicro\Arduino\Builds\Arduino\arduino_due_x_dbg\Arduino.cpp.o
 .rodata._ZZ5setupE4C.44
                0x00085c6c       0x18 C:\Users\monkey\AppData\Local\VMicro\Arduino\Builds\Arduino\arduino_due_x_dbg\Arduino.cpp.o
 .rodata._ZZ5setupE4C.46
                0x00085c84       0x18 C:\Users\monkey\AppData\Local\VMicro\Arduino\Builds\Arduino\arduino_due_x_dbg\Arduino.cpp.o
 .rodata.channelToChNo.6905
                0x00085c9c       0x48 C:\Users\monkey\AppData\Local\VMicro\Arduino\Builds\Arduino\arduino_due_x_dbg/core.a(wiring_analog.c.o)
 .rodata.channelToId.6908
                0x00085ce4       0x48 C:\Users\monkey\AppData\Local\VMicro\Arduino\Builds\Arduino\arduino_due_x_dbg/core.a(wiring_analog.c.o)
 .rodata.channelToTC.6907
                0x00085d2c       0x48 C:\Users\monkey\AppData\Local\VMicro\Arduino\Builds\Arduino\arduino_due_x_dbg/core.a(wiring_analog.c.o)
 .rodata.channelToAB.6906
                0x00085d74       0x48 C:\Users\monkey\AppData\Local\VMicro\Arduino\Builds\Arduino\arduino_due_x_dbg/core.a(wiring_analog.c.o)
 *fill*         0x00085dbc        0x4 00
 .rodata._ZTV9UARTClass
                0x00085dc0       0x30 C:\Users\monkey\AppData\Local\VMicro\Arduino\Builds\Arduino\arduino_due_x_dbg/core.a(UARTClass.cpp.o)
                0x00085dc0                vtable for UARTClass
 .rodata.USB_DeviceDescriptorA
                0x00085df0       0x14 C:\Users\monkey\AppData\Local\VMicro\Arduino\Builds\Arduino\arduino_due_x_dbg/core.a(USBCore.cpp.o)
                0x00085df0                USB_DeviceDescriptorA
 .rodata.USB_DeviceDescriptor
                0x00085e04       0x14 C:\Users\monkey\AppData\Local\VMicro\Arduino\Builds\Arduino\arduino_due_x_dbg/core.a(USBCore.cpp.o)
                0x00085e04                USB_DeviceDescriptor
 .rodata._ZL9EndPoints
                0x00085e18       0x14 C:\Users\monkey\AppData\Local\VMicro\Arduino\Builds\Arduino\arduino_due_x_dbg/core.a(USBCore.cpp.o)
 .rodata.STRING_LANGUAGE
                0x00085e2c        0x4 C:\Users\monkey\AppData\Local\VMicro\Arduino\Builds\Arduino\arduino_due_x_dbg/core.a(USBCore.cpp.o)
                0x00085e2c                STRING_LANGUAGE
 .rodata._ZL18test_packet_buffer
                0x00085e30       0x38 C:\Users\monkey\AppData\Local\VMicro\Arduino\Builds\Arduino\arduino_due_x_dbg/core.a(USBCore.cpp.o)
 .rodata.STRING_PRODUCT
                0x00085e68        0xc C:\Users\monkey\AppData\Local\VMicro\Arduino\Builds\Arduino\arduino_due_x_dbg/core.a(USBCore.cpp.o)
                0x00085e68                STRING_PRODUCT
 .rodata.STRING_MANUFACTURER
                0x00085e74        0xc C:\Users\monkey\AppData\Local\VMicro\Arduino\Builds\Arduino\arduino_due_x_dbg/core.a(USBCore.cpp.o)
                0x00085e74                STRING_MANUFACTURER
 .rodata._ZL19USB_DeviceQualifier
                0x00085e80       0x14 C:\Users\monkey\AppData\Local\VMicro\Arduino\Builds\Arduino\arduino_due_x_dbg/core.a(USBCore.cpp.o)
 .rodata.g_APinDescription
                0x00085e94      0xa2c C:\Users\monkey\AppData\Local\VMicro\Arduino\Builds\Arduino\arduino_due_x_dbg/core.a(variant.cpp.o)
                0x00085e94                g_APinDescription
 .rodata._ZTV10USARTClass
                0x000868c0       0x30 C:\Users\monkey\AppData\Local\VMicro\Arduino\Builds\Arduino\arduino_due_x_dbg/core.a(USARTClass.cpp.o)
                0x000868c0                vtable for USARTClass
 .rodata._ZTV7Serial_
                0x000868f0       0x28 C:\Users\monkey\AppData\Local\VMicro\Arduino\Builds\Arduino\arduino_due_x_dbg/core.a(CDC.cpp.o)
                0x000868f0                vtable for Serial_
 .rodata._ZL18_cdcOtherInterface
                0x00086918       0x44 C:\Users\monkey\AppData\Local\VMicro\Arduino\Builds\Arduino\arduino_due_x_dbg/core.a(CDC.cpp.o)
 .rodata._ZL13_cdcInterface
                0x0008695c       0x44 C:\Users\monkey\AppData\Local\VMicro\Arduino\Builds\Arduino\arduino_due_x_dbg/core.a(CDC.cpp.o)
 .rodata._ZTV9Keyboard_
                0x000869a0       0x20 C:\Users\monkey\AppData\Local\VMicro\Arduino\Builds\Arduino\arduino_due_x_dbg/core.a(HID.cpp.o)
                0x000869a0                vtable for Keyboard_
 .rodata._asciimap
                0x000869c0       0x80 C:\Users\monkey\AppData\Local\VMicro\Arduino\Builds\Arduino\arduino_due_x_dbg/core.a(HID.cpp.o)
                0x000869c0                _asciimap
 .rodata._hidInterface
                0x00086a40       0x1c C:\Users\monkey\AppData\Local\VMicro\Arduino\Builds\Arduino\arduino_due_x_dbg/core.a(HID.cpp.o)
                0x00086a40                _hidInterface
 .rodata._hidReportDescriptor
                0x00086a5c       0x68 C:\Users\monkey\AppData\Local\VMicro\Arduino\Builds\Arduino\arduino_due_x_dbg/core.a(HID.cpp.o)
                0x00086a5c                _hidReportDescriptor
 .rodata.__func__.6668
                0x00086ac4       0x15 C:\Users\monkey\Documents\Archivos\Programas\arduino-1.5.6\hardware\arduino\sam\variants\arduino_due_x/libsam_sam3x8e_gcc_rel.a(pwmc.o)
 .rodata.str1.1
                0x00086ad9      0x1cc C:\Users\monkey\Documents\Archivos\Programas\arduino-1.5.6\hardware\arduino\sam\variants\arduino_due_x/libsam_sam3x8e_gcc_rel.a(pwmc.o)
 .rodata.__func__.6679
                0x00086ca5       0x12 C:\Users\monkey\Documents\Archivos\Programas\arduino-1.5.6\hardware\arduino\sam\variants\arduino_due_x/libsam_sam3x8e_gcc_rel.a(pwmc.o)
 .rodata.__func__.6631
                0x00086cb7       0x17 C:\Users\monkey\Documents\Archivos\Programas\arduino-1.5.6\hardware\arduino\sam\variants\arduino_due_x/libsam_sam3x8e_gcc_rel.a(pwmc.o)
 *fill*         0x00086cce        0x2 00
 .rodata.C.9.8049
                0x00086cd0       0x2c C:\Users\monkey\Documents\Archivos\Programas\arduino-1.5.6\hardware\arduino\sam\variants\arduino_due_x/libsam_sam3x8e_gcc_rel.a(pwmc.o)
 .rodata.__func__.6642
                0x00086cfc       0x16 C:\Users\monkey\Documents\Archivos\Programas\arduino-1.5.6\hardware\arduino\sam\variants\arduino_due_x/libsam_sam3x8e_gcc_rel.a(pwmc.o)
 .rodata.str1.1
                0x00086d12       0x54 C:\Users\monkey\Documents\Archivos\Programas\arduino-1.5.6\hardware\arduino\sam\variants\arduino_due_x/libsam_sam3x8e_gcc_rel.a(tc.o)
 .rodata.__func__.6630
                0x00086d66        0xd C:\Users\monkey\Documents\Archivos\Programas\arduino-1.5.6\hardware\arduino\sam\variants\arduino_due_x/libsam_sam3x8e_gcc_rel.a(tc.o)
 .rodata.__func__.6636
                0x00086d73        0x9 C:\Users\monkey\Documents\Archivos\Programas\arduino-1.5.6\hardware\arduino\sam\variants\arduino_due_x/libsam_sam3x8e_gcc_rel.a(tc.o)
 .rodata.C.0.8141
                0x00086d7c       0x40 C:\Users\monkey\Documents\Archivos\Programas\arduino-1.5.6\hardware\arduino\sam\variants\arduino_due_x/libsam_sam3x8e_gcc_rel.a(adc.o)
 .rodata.str1.4
                0x00086dbc       0x3f c:/users/monkey/documents/archivos/programas/arduino-1.5.6/hardware/tools/g++_arm_none_eabi/bin/../lib/gcc/arm-none-eabi/4.4.1/../../../../arm-none-eabi/lib/thumb2\libc.a(lib_a-assert.o)
                                 0x44 (size before relaxing)
 *fill*         0x00086dfb        0x1 00
 .rodata        0x00086dfc        0x4 c:/users/monkey/documents/archivos/programas/arduino-1.5.6/hardware/tools/g++_arm_none_eabi/bin/../lib/gcc/arm-none-eabi/4.4.1/../../../../arm-none-eabi/lib/thumb2\libc.a(lib_a-impure.o)
                0x00086dfc                _global_impure_ptr
 .rodata.str1.4
                0x00086e00        0x2 c:/users/monkey/documents/archivos/programas/arduino-1.5.6/hardware/tools/g++_arm_none_eabi/bin/../lib/gcc/arm-none-eabi/4.4.1/../../../../arm-none-eabi/lib/thumb2\libc.a(lib_a-impure.o)
                                  0x4 (size before relaxing)
 *fill*         0x00086e02        0x2 00
 .rodata        0x00086e04       0x20 c:/users/monkey/documents/archivos/programas/arduino-1.5.6/hardware/tools/g++_arm_none_eabi/bin/../lib/gcc/arm-none-eabi/4.4.1/../../../../arm-none-eabi/lib/thumb2\libc.a(lib_a-vfiprintf.o)
 .rodata.str1.4
                0x00086e24       0x30 c:/users/monkey/documents/archivos/programas/arduino-1.5.6/hardware/tools/g++_arm_none_eabi/bin/../lib/gcc/arm-none-eabi/4.4.1/../../../../arm-none-eabi/lib/thumb2\libc.a(lib_a-vfiprintf.o)
 .rodata        0x00086e54       0x60 c:/users/monkey/documents/archivos/programas/arduino-1.5.6/hardware/tools/g++_arm_none_eabi/bin/../lib/gcc/arm-none-eabi/4.4.1/../../../../arm-none-eabi/lib/thumb2\libc.a(lib_a-findfp.o)
                0x00086e54                __sf_fake_stdin
                0x00086e74                __sf_fake_stdout
                0x00086e94                __sf_fake_stderr
 *(.ARM.extab* .gnu.linkonce.armextab.*)
                0x00086eb4                . = ALIGN (0x4)
 *(.init)
 .init          0x00086eb4        0x4 c:/users/monkey/documents/archivos/programas/arduino-1.5.6/hardware/tools/g++_arm_none_eabi/bin/../lib/gcc/arm-none-eabi/4.4.1/thumb2/crti.o
                0x00086eb4                _init
 .init          0x00086eb8        0x8 c:/users/monkey/documents/archivos/programas/arduino-1.5.6/hardware/tools/g++_arm_none_eabi/bin/../lib/gcc/arm-none-eabi/4.4.1/thumb2/crtn.o
                0x00086ec0                . = ALIGN (0x4)
                0x00086ec0                __preinit_array_start = .
 *(.preinit_array)
                0x00086ec0                __preinit_array_end = .
                0x00086ec0                . = ALIGN (0x4)
                0x00086ec0                __init_array_start = .
 *(SORT(.init_array.*))
 *(.init_array)
 .init_array    0x00086ec0        0x4 c:/users/monkey/documents/archivos/programas/arduino-1.5.6/hardware/tools/g++_arm_none_eabi/bin/../lib/gcc/arm-none-eabi/4.4.1/thumb2/crtbegin.o
 .init_array    0x00086ec4        0x4 C:\Users\monkey\AppData\Local\VMicro\Arduino\Builds\Arduino\arduino_due_x_dbg/core.a(USBCore.cpp.o)
 .init_array    0x00086ec8        0x4 C:\Users\monkey\AppData\Local\VMicro\Arduino\Builds\Arduino\arduino_due_x_dbg/core.a(variant.cpp.o)
 .init_array    0x00086ecc        0x4 C:\Users\monkey\AppData\Local\VMicro\Arduino\Builds\Arduino\arduino_due_x_dbg/core.a(CDC.cpp.o)
 .init_array    0x00086ed0        0x4 C:\Users\monkey\AppData\Local\VMicro\Arduino\Builds\Arduino\arduino_due_x_dbg/core.a(HID.cpp.o)
                0x00086ed4                __init_array_end = .
                0x00086ed4                . = ALIGN (0x4)
 *crtbegin.o(.ctors)
 *(EXCLUDE_FILE(*crtend.o) .ctors)
 *(SORT(.ctors.*))
 *crtend.o(.ctors)
                0x00086ed4                . = ALIGN (0x4)
 *(.fini)
 .fini          0x00086ed4        0x4 c:/users/monkey/documents/archivos/programas/arduino-1.5.6/hardware/tools/g++_arm_none_eabi/bin/../lib/gcc/arm-none-eabi/4.4.1/thumb2/crti.o
                0x00086ed4                _fini
 .fini          0x00086ed8        0x8 c:/users/monkey/documents/archivos/programas/arduino-1.5.6/hardware/tools/g++_arm_none_eabi/bin/../lib/gcc/arm-none-eabi/4.4.1/thumb2/crtn.o
                0x00086ee0                . = ALIGN (0x4)
                0x00086ee0                __fini_array_start = .
 *(.fini_array)
 .fini_array    0x00086ee0        0x4 c:/users/monkey/documents/archivos/programas/arduino-1.5.6/hardware/tools/g++_arm_none_eabi/bin/../lib/gcc/arm-none-eabi/4.4.1/thumb2/crtbegin.o
 *(SORT(.fini_array.*))
                0x00086ee4                __fini_array_end = .
 *crtbegin.o(.dtors)
 *(EXCLUDE_FILE(*crtend.o) .dtors)
 *(SORT(.dtors.*))
 *crtend.o(.dtors)
                0x00086ee4                . = ALIGN (0x4)
                0x00086ee4                _efixed = .
                0x00086ee4                PROVIDE (__exidx_start, .)

.jcr            0x00086ee4        0x0
 .jcr           0x00086ee4        0x0 c:/users/monkey/documents/archivos/programas/arduino-1.5.6/hardware/tools/g++_arm_none_eabi/bin/../lib/gcc/arm-none-eabi/4.4.1/thumb2/crtbegin.o

.vfp11_veneer   0x00086ee4        0x0
 .vfp11_veneer  0x00000000        0x0 linker stubs

.v4_bx          0x00086ee4        0x0
 .v4_bx         0x00000000        0x0 linker stubs

.ARM.exidx      0x00086ee4        0x8
 *(.ARM.exidx* .gnu.linkonce.armexidx.*)
 .ARM.exidx     0x00086ee4        0x8 c:/users/monkey/documents/archivos/programas/arduino-1.5.6/hardware/tools/g++_arm_none_eabi/bin/../lib/gcc/arm-none-eabi/4.4.1/thumb2\libgcc.a(_divdi3.o)
 .ARM.exidx     0x00086eec        0x0 c:/users/monkey/documents/archivos/programas/arduino-1.5.6/hardware/tools/g++_arm_none_eabi/bin/../lib/gcc/arm-none-eabi/4.4.1/thumb2\libgcc.a(_udivdi3.o)
                                  0x8 (size before relaxing)
                0x00086eec                PROVIDE (__exidx_end, .)
                0x00086eec                . = ALIGN (0x4)
                0x00086eec                _etext = .

.relocate       0x20070000      0x554 load address 0x00086eec
                0x20070000                . = ALIGN (0x4)
                0x20070000                _srelocate = .
 *(.ramfunc .ramfunc.*)
 .ramfunc       0x20070000       0x34 C:\Users\monkey\AppData\Local\VMicro\Arduino\Builds\Arduino\arduino_due_x_dbg/core.a(Reset.cpp.o)
                0x20070000                banzai
 *(.data .data.*)
 .data._writeResolution
                0x20070034        0x4 C:\Users\monkey\AppData\Local\VMicro\Arduino\Builds\Arduino\arduino_due_x_dbg/core.a(wiring_analog.c.o)
 .data._ZL5ticks
                0x20070038        0x4 C:\Users\monkey\AppData\Local\VMicro\Arduino\Builds\Arduino\arduino_due_x_dbg/core.a(Reset.cpp.o)
 .data._ZL12_usbLineInfo
                0x2007003c        0x8 C:\Users\monkey\AppData\Local\VMicro\Arduino\Builds\Arduino\arduino_due_x_dbg/core.a(CDC.cpp.o)
 .data._hid_protocol
                0x20070044        0x1 C:\Users\monkey\AppData\Local\VMicro\Arduino\Builds\Arduino\arduino_due_x_dbg/core.a(HID.cpp.o)
                0x20070044                _hid_protocol
 .data._hid_idle
                0x20070045        0x1 C:\Users\monkey\AppData\Local\VMicro\Arduino\Builds\Arduino\arduino_due_x_dbg/core.a(HID.cpp.o)
                0x20070045                _hid_idle
 *fill*         0x20070046        0x2 00
 .data.SystemCoreClock
                0x20070048        0x4 C:\Users\monkey\Documents\Archivos\Programas\arduino-1.5.6\hardware\arduino\sam\variants\arduino_due_x/libsam_sam3x8e_gcc_rel.a(system_sam3xa.o)
                0x20070048                SystemCoreClock
 .data.g_interrupt_enabled
                0x2007004c        0x4 C:\Users\monkey\Documents\Archivos\Programas\arduino-1.5.6\hardware\arduino\sam\variants\arduino_due_x/libsam_sam3x8e_gcc_rel.a(interrupt_sam_nvic.o)
                0x2007004c                g_interrupt_enabled
 .data          0x20070050       0xf4 c:/users/monkey/documents/archivos/programas/arduino-1.5.6/hardware/tools/g++_arm_none_eabi/bin/../lib/gcc/arm-none-eabi/4.4.1/../../../../arm-none-eabi/lib/thumb2\libc.a(lib_a-impure.o)
                0x20070050                _impure_ptr
 .data          0x20070144      0x410 c:/users/monkey/documents/archivos/programas/arduino-1.5.6/hardware/tools/g++_arm_none_eabi/bin/../lib/gcc/arm-none-eabi/4.4.1/../../../../arm-none-eabi/lib/thumb2\libc.a(lib_a-mallocr.o)
                0x20070144                __malloc_av_
                0x2007054c                __malloc_sbrk_base
                0x20070550                __malloc_trim_threshold
                0x20070554                . = ALIGN (0x4)
                0x20070554                _erelocate = .

.bss            0x20070554      0x56c load address 0x00087440
                0x20070554                . = ALIGN (0x4)
                0x20070554                _sbss = .
                0x20070554                _szero = .
 *(.bss .bss.*)
 .bss           0x20070554        0x1 c:/users/monkey/documents/archivos/programas/arduino-1.5.6/hardware/tools/g++_arm_none_eabi/bin/../lib/gcc/arm-none-eabi/4.4.1/thumb2/crtbegin.o
 *fill*         0x20070555        0x3 00
 .bss.heap.3798
                0x20070558        0x4 C:\Users\monkey\AppData\Local\VMicro\Arduino\Builds\Arduino\arduino_due_x_dbg/syscalls_sam3.c.o
 .bss.middleSensor
                0x2007055c        0xc C:\Users\monkey\AppData\Local\VMicro\Arduino\Builds\Arduino\arduino_due_x_dbg\Arduino.cpp.o
                0x2007055c                middleSensor
 .bss.leds      0x20070568       0x10 C:\Users\monkey\AppData\Local\VMicro\Arduino\Builds\Arduino\arduino_due_x_dbg\Arduino.cpp.o
                0x20070568                leds
 .bss.frontSensorValue
                0x20070578       0x30 C:\Users\monkey\AppData\Local\VMicro\Arduino\Builds\Arduino\arduino_due_x_dbg\Arduino.cpp.o
                0x20070578                frontSensorValue
 .bss.sensorLeido
                0x200705a8        0xc C:\Users\monkey\AppData\Local\VMicro\Arduino\Builds\Arduino\arduino_due_x_dbg\Arduino.cpp.o
                0x200705a8                sensorLeido
 .bss.frontSensorBool
                0x200705b4        0xc C:\Users\monkey\AppData\Local\VMicro\Arduino\Builds\Arduino\arduino_due_x_dbg\Arduino.cpp.o
                0x200705b4                frontSensorBool
 .bss.frontSensor
                0x200705c0        0xc C:\Users\monkey\AppData\Local\VMicro\Arduino\Builds\Arduino\arduino_due_x_dbg\Arduino.cpp.o
                0x200705c0                frontSensor
 .bss.middleSensorValue
                0x200705cc        0xc C:\Users\monkey\AppData\Local\VMicro\Arduino\Builds\Arduino\arduino_due_x_dbg\Arduino.cpp.o
                0x200705cc                middleSensorValue
 .bss.gpf_isr   0x200705d8        0x4 C:\Users\monkey\Documents\Archivos\Programas\arduino-1.5.6\hardware\arduino\sam\variants\arduino_due_x/libsam_sam3x8e_gcc_rel.a(uotghs.o)
                0x200705d8                gpf_isr
 .bss.PWMEnabled
                0x200705dc        0x1 C:\Users\monkey\AppData\Local\VMicro\Arduino\Builds\Arduino\arduino_due_x_dbg/core.a(wiring_analog.c.o)
 *fill*         0x200705dd        0x3 00
 .bss.pinEnabled
                0x200705e0       0x50 C:\Users\monkey\AppData\Local\VMicro\Arduino\Builds\Arduino\arduino_due_x_dbg/core.a(wiring_analog.c.o)
 .bss.TCChanEnabled
                0x20070630        0xc C:\Users\monkey\AppData\Local\VMicro\Arduino\Builds\Arduino\arduino_due_x_dbg/core.a(wiring_analog.c.o)
 .bss._ZL14isEndpointHalt
                0x2007063c        0x1 C:\Users\monkey\AppData\Local\VMicro\Arduino\Builds\Arduino\arduino_due_x_dbg/core.a(USBCore.cpp.o)
 *fill*         0x2007063d        0x3 00
 .bss._cmark    0x20070640        0x4 C:\Users\monkey\AppData\Local\VMicro\Arduino\Builds\Arduino\arduino_due_x_dbg/core.a(USBCore.cpp.o)
                0x20070640                _cmark
 .bss._cend     0x20070644        0x4 C:\Users\monkey\AppData\Local\VMicro\Arduino\Builds\Arduino\arduino_due_x_dbg/core.a(USBCore.cpp.o)
                0x20070644                _cend
 .bss._cdcComposite
                0x20070648        0x4 C:\Users\monkey\AppData\Local\VMicro\Arduino\Builds\Arduino\arduino_due_x_dbg/core.a(USBCore.cpp.o)
                0x20070648                _cdcComposite
 .bss._usbInitialized
                0x2007064c        0x4 C:\Users\monkey\AppData\Local\VMicro\Arduino\Builds\Arduino\arduino_due_x_dbg/core.a(USBCore.cpp.o)
                0x2007064c                _usbInitialized
 .bss.USBDevice
                0x20070650        0x4 C:\Users\monkey\AppData\Local\VMicro\Arduino\Builds\Arduino\arduino_due_x_dbg/core.a(USBCore.cpp.o)
                0x20070650                USBDevice
 .bss._usbSetInterface
                0x20070654        0x4 C:\Users\monkey\AppData\Local\VMicro\Arduino\Builds\Arduino\arduino_due_x_dbg/core.a(USBCore.cpp.o)
                0x20070654                _usbSetInterface
 .bss._ZL21isRemoteWakeUpEnabled
                0x20070658        0x1 C:\Users\monkey\AppData\Local\VMicro\Arduino\Builds\Arduino\arduino_due_x_dbg/core.a(USBCore.cpp.o)
 *fill*         0x20070659        0x3 00
 .bss._usbConfiguration
                0x2007065c        0x4 C:\Users\monkey\AppData\Local\VMicro\Arduino\Builds\Arduino\arduino_due_x_dbg/core.a(USBCore.cpp.o)
                0x2007065c                _usbConfiguration
 .bss.Serial    0x20070660       0x20 C:\Users\monkey\AppData\Local\VMicro\Arduino\Builds\Arduino\arduino_due_x_dbg/core.a(variant.cpp.o)
                0x20070660                Serial
 .bss.rx_buffer1
                0x20070680       0x48 C:\Users\monkey\AppData\Local\VMicro\Arduino\Builds\Arduino\arduino_due_x_dbg/core.a(variant.cpp.o)
                0x20070680                rx_buffer1
 .bss.Serial1   0x200706c8       0x20 C:\Users\monkey\AppData\Local\VMicro\Arduino\Builds\Arduino\arduino_due_x_dbg/core.a(variant.cpp.o)
                0x200706c8                Serial1
 .bss.Serial2   0x200706e8       0x20 C:\Users\monkey\AppData\Local\VMicro\Arduino\Builds\Arduino\arduino_due_x_dbg/core.a(variant.cpp.o)
                0x200706e8                Serial2
 .bss.Serial3   0x20070708       0x20 C:\Users\monkey\AppData\Local\VMicro\Arduino\Builds\Arduino\arduino_due_x_dbg/core.a(variant.cpp.o)
                0x20070708                Serial3
 .bss.rx_buffer2
                0x20070728       0x48 C:\Users\monkey\AppData\Local\VMicro\Arduino\Builds\Arduino\arduino_due_x_dbg/core.a(variant.cpp.o)
                0x20070728                rx_buffer2
 .bss.rx_buffer3
                0x20070770       0x48 C:\Users\monkey\AppData\Local\VMicro\Arduino\Builds\Arduino\arduino_due_x_dbg/core.a(variant.cpp.o)
                0x20070770                rx_buffer3
 .bss.rx_buffer4
                0x200707b8       0x48 C:\Users\monkey\AppData\Local\VMicro\Arduino\Builds\Arduino\arduino_due_x_dbg/core.a(variant.cpp.o)
                0x200707b8                rx_buffer4
 .bss.cdc_rx_buffer
                0x20070800      0x208 C:\Users\monkey\AppData\Local\VMicro\Arduino\Builds\Arduino\arduino_due_x_dbg/core.a(CDC.cpp.o)
                0x20070800                cdc_rx_buffer
 .bss._ZZN7Serial_6acceptEvE5guard
                0x20070a08        0x4 C:\Users\monkey\AppData\Local\VMicro\Arduino\Builds\Arduino\arduino_due_x_dbg/core.a(CDC.cpp.o)
 .bss.SerialUSB
                0x20070a0c       0x14 C:\Users\monkey\AppData\Local\VMicro\Arduino\Builds\Arduino\arduino_due_x_dbg/core.a(CDC.cpp.o)
                0x20070a0c                SerialUSB
 .bss.Mouse     0x20070a20        0x4 C:\Users\monkey\AppData\Local\VMicro\Arduino\Builds\Arduino\arduino_due_x_dbg/core.a(HID.cpp.o)
                0x20070a20                Mouse
 .bss.Keyboard  0x20070a24       0x10 C:\Users\monkey\AppData\Local\VMicro\Arduino\Builds\Arduino\arduino_due_x_dbg/core.a(HID.cpp.o)
                0x20070a24                Keyboard
 .bss._dwTickCount
                0x20070a34        0x4 C:\Users\monkey\Documents\Archivos\Programas\arduino-1.5.6\hardware\arduino\sam\variants\arduino_due_x/libsam_sam3x8e_gcc_rel.a(timetick.o)
 .bss.ul_recv_fifo_ptr
                0x20070a38       0x28 C:\Users\monkey\Documents\Archivos\Programas\arduino-1.5.6\hardware\arduino\sam\variants\arduino_due_x/libsam_sam3x8e_gcc_rel.a(uotghs_device.o)
 .bss.ul_send_fifo_ptr
                0x20070a60       0x28 C:\Users\monkey\Documents\Archivos\Programas\arduino-1.5.6\hardware\arduino\sam\variants\arduino_due_x/libsam_sam3x8e_gcc_rel.a(uotghs_device.o)
 .bss           0x20070a88       0x34 c:/users/monkey/documents/archivos/programas/arduino-1.5.6/hardware/tools/g++_arm_none_eabi/bin/../lib/gcc/arm-none-eabi/4.4.1/../../../../arm-none-eabi/lib/thumb2\libc.a(lib_a-mallocr.o)
                0x20070a88                __malloc_top_pad
                0x20070a8c                __malloc_current_mallinfo
                0x20070ab4                __malloc_max_sbrked_mem
                0x20070ab8                __malloc_max_total_mem
 *(COMMON)
 COMMON         0x20070abc        0x4 c:/users/monkey/documents/archivos/programas/arduino-1.5.6/hardware/tools/g++_arm_none_eabi/bin/../lib/gcc/arm-none-eabi/4.4.1/../../../../arm-none-eabi/lib/thumb2\libc.a(lib_a-reent.o)
                0x20070abc                errno
                0x20070ac0                . = ALIGN (0x4)
                0x20070ac0                _ebss = .
                0x20070ac0                _ezero = .
                0x20070ac0                . = ALIGN (0x4)
                0x20070ac0                _end = .

.stack_dummy    0x20070ac0        0x0
 *(.stack*)
                0x20088000                __StackTop = 0x20088000
                0x20088000                __StackLimit = (__StackTop - SIZEOF (.stack_dummy))
                0x20088000                PROVIDE (_sstack, __StackLimit)
                0x20088000                PROVIDE (_estack, __StackTop)
OUTPUT(C:\Users\monkey\AppData\Local\VMicro\Arduino\Builds\Arduino\arduino_due_x_dbg/Arduino.elf elf32-littlearm)

.ARM.attributes
                0x00000000       0x25
 .ARM.attributes
                0x00000000       0x19 c:/users/monkey/documents/archivos/programas/arduino-1.5.6/hardware/tools/g++_arm_none_eabi/bin/../lib/gcc/arm-none-eabi/4.4.1/thumb2/crti.o
 .ARM.attributes
                0x00000019       0x29 c:/users/monkey/documents/archivos/programas/arduino-1.5.6/hardware/tools/g++_arm_none_eabi/bin/../lib/gcc/arm-none-eabi/4.4.1/thumb2/crtbegin.o
 .ARM.attributes
                0x00000042       0x31 C:\Users\monkey\AppData\Local\VMicro\Arduino\Builds\Arduino\arduino_due_x_dbg/syscalls_sam3.c.o
 .ARM.attributes
                0x00000073       0x31 C:\Users\monkey\AppData\Local\VMicro\Arduino\Builds\Arduino\arduino_due_x_dbg\Motors.c.o
 .ARM.attributes
                0x000000a4       0x31 C:\Users\monkey\AppData\Local\VMicro\Arduino\Builds\Arduino\arduino_due_x_dbg\Arduino.cpp.o
 .ARM.attributes
                0x000000d5       0x31 C:\Users\monkey\Documents\Archivos\Programas\arduino-1.5.6\hardware\arduino\sam\variants\arduino_due_x/libsam_sam3x8e_gcc_rel.a(startup_sam3xa.o)
 .ARM.attributes
                0x00000106       0x31 C:\Users\monkey\Documents\Archivos\Programas\arduino-1.5.6\hardware\arduino\sam\variants\arduino_due_x/libsam_sam3x8e_gcc_rel.a(uotghs.o)
 .ARM.attributes
                0x00000137       0x31 C:\Users\monkey\AppData\Local\VMicro\Arduino\Builds\Arduino\arduino_due_x_dbg/core.a(cortex_handlers.c.o)
 .ARM.attributes
                0x00000168       0x31 C:\Users\monkey\AppData\Local\VMicro\Arduino\Builds\Arduino\arduino_due_x_dbg/core.a(hooks.c.o)
 .ARM.attributes
                0x00000199       0x31 C:\Users\monkey\AppData\Local\VMicro\Arduino\Builds\Arduino\arduino_due_x_dbg/core.a(wiring.c.o)
 .ARM.attributes
                0x000001ca       0x31 C:\Users\monkey\AppData\Local\VMicro\Arduino\Builds\Arduino\arduino_due_x_dbg/core.a(wiring_analog.c.o)
 .ARM.attributes
                0x000001fb       0x31 C:\Users\monkey\AppData\Local\VMicro\Arduino\Builds\Arduino\arduino_due_x_dbg/core.a(wiring_digital.c.o)
 .ARM.attributes
                0x0000022c       0x31 C:\Users\monkey\AppData\Local\VMicro\Arduino\Builds\Arduino\arduino_due_x_dbg/core.a(main.cpp.o)
 .ARM.attributes
                0x0000025d       0x31 C:\Users\monkey\AppData\Local\VMicro\Arduino\Builds\Arduino\arduino_due_x_dbg/core.a(Print.cpp.o)
 .ARM.attributes
                0x0000028e       0x31 C:\Users\monkey\AppData\Local\VMicro\Arduino\Builds\Arduino\arduino_due_x_dbg/core.a(Reset.cpp.o)
 .ARM.attributes
                0x000002bf       0x31 C:\Users\monkey\AppData\Local\VMicro\Arduino\Builds\Arduino\arduino_due_x_dbg/core.a(UARTClass.cpp.o)
 .ARM.attributes
                0x000002f0       0x31 C:\Users\monkey\AppData\Local\VMicro\Arduino\Builds\Arduino\arduino_due_x_dbg/core.a(WMath.cpp.o)
 .ARM.attributes
                0x00000321       0x31 C:\Users\monkey\AppData\Local\VMicro\Arduino\Builds\Arduino\arduino_due_x_dbg/core.a(USBCore.cpp.o)
 .ARM.attributes
                0x00000352       0x31 C:\Users\monkey\AppData\Local\VMicro\Arduino\Builds\Arduino\arduino_due_x_dbg/core.a(variant.cpp.o)
 .ARM.attributes
                0x00000383       0x31 C:\Users\monkey\AppData\Local\VMicro\Arduino\Builds\Arduino\arduino_due_x_dbg/core.a(cxxabi-compat.cpp.o)
 .ARM.attributes
                0x000003b4       0x31 C:\Users\monkey\AppData\Local\VMicro\Arduino\Builds\Arduino\arduino_due_x_dbg/core.a(RingBuffer.cpp.o)
 .ARM.attributes
                0x000003e5       0x31 C:\Users\monkey\AppData\Local\VMicro\Arduino\Builds\Arduino\arduino_due_x_dbg/core.a(USARTClass.cpp.o)
 .ARM.attributes
                0x00000416       0x31 C:\Users\monkey\AppData\Local\VMicro\Arduino\Builds\Arduino\arduino_due_x_dbg/core.a(CDC.cpp.o)
 .ARM.attributes
                0x00000447       0x31 C:\Users\monkey\AppData\Local\VMicro\Arduino\Builds\Arduino\arduino_due_x_dbg/core.a(HID.cpp.o)
 .ARM.attributes
                0x00000478       0x31 C:\Users\monkey\Documents\Archivos\Programas\arduino-1.5.6\hardware\arduino\sam\variants\arduino_due_x/libsam_sam3x8e_gcc_rel.a(pio.o)
 .ARM.attributes
                0x000004a9       0x31 C:\Users\monkey\Documents\Archivos\Programas\arduino-1.5.6\hardware\arduino\sam\variants\arduino_due_x/libsam_sam3x8e_gcc_rel.a(pmc.o)
 .ARM.attributes
                0x000004da       0x31 C:\Users\monkey\Documents\Archivos\Programas\arduino-1.5.6\hardware\arduino\sam\variants\arduino_due_x/libsam_sam3x8e_gcc_rel.a(pwmc.o)
 .ARM.attributes