Archive member included because of file (symbol)

C:\Users\monkey\Documents\Archivos\Programas\arduino-1.5.6\hardware\arduino\sam\variants\arduino_due_x/libsam_sam3x8e_gcc_rel.a(startup_sam3xa.o)
                              (Reset_Handler)
C:\Users\monkey\Documents\Archivos\Programas\arduino-1.5.6\hardware\arduino\sam\variants\arduino_due_x/libsam_sam3x8e_gcc_rel.a(uotghs.o)
                              C:\Users\monkey\Documents\Archivos\Programas\arduino-1.5.6\hardware\arduino\sam\variants\arduino_due_x/libsam_sam3x8e_gcc_rel.a(startup_sam3xa.o) (UOTGHS_Handler)
C:\Users\monkey\AppData\Local\VMicro\Arduino\Builds\Arduino\arduino_due_x_dbg/core.a(cortex_handlers.c.o)
                              C:\Users\monkey\Documents\Archivos\Programas\arduino-1.5.6\hardware\arduino\sam\variants\arduino_due_x/libsam_sam3x8e_gcc_rel.a(startup_sam3xa.o) (SysTick_Handler)
C:\Users\monkey\AppData\Local\VMicro\Arduino\Builds\Arduino\arduino_due_x_dbg/core.a(hooks.c.o)
                              C:\Users\monkey\AppData\Local\VMicro\Arduino\Builds\Arduino\arduino_due_x_dbg/core.a(cortex_handlers.c.o) (sysTickHook)
C:\Users\monkey\AppData\Local\VMicro\Arduino\Builds\Arduino\arduino_due_x_dbg/core.a(wiring.c.o)
                              C:\Users\monkey\AppData\Local\VMicro\Arduino\Builds\Arduino\arduino_due_x_dbg\Arduino.cpp.o (delay)
C:\Users\monkey\AppData\Local\VMicro\Arduino\Builds\Arduino\arduino_due_x_dbg/core.a(wiring_analog.c.o)
                              C:\Users\monkey\AppData\Local\VMicro\Arduino\Builds\Arduino\arduino_due_x_dbg\Arduino.cpp.o (analogWriteResolution)
C:\Users\monkey\AppData\Local\VMicro\Arduino\Builds\Arduino\arduino_due_x_dbg/core.a(wiring_digital.c.o)
                              C:\Users\monkey\AppData\Local\VMicro\Arduino\Builds\Arduino\arduino_due_x_dbg\Arduino.cpp.o (digitalRead)
C:\Users\monkey\AppData\Local\VMicro\Arduino\Builds\Arduino\arduino_due_x_dbg/core.a(main.cpp.o)
                              C:\Users\monkey\Documents\Archivos\Programas\arduino-1.5.6\hardware\arduino\sam\variants\arduino_due_x/libsam_sam3x8e_gcc_rel.a(startup_sam3xa.o) (main)
C:\Users\monkey\AppData\Local\VMicro\Arduino\Builds\Arduino\arduino_due_x_dbg/core.a(Print.cpp.o)
                              C:\Users\monkey\AppData\Local\VMicro\Arduino\Builds\Arduino\arduino_due_x_dbg\Arduino.cpp.o (Print::println())
C:\Users\monkey\AppData\Local\VMicro\Arduino\Builds\Arduino\arduino_due_x_dbg/core.a(Reset.cpp.o)
                              C:\Users\monkey\AppData\Local\VMicro\Arduino\Builds\Arduino\arduino_due_x_dbg/core.a(cortex_handlers.c.o) (tickReset)
C:\Users\monkey\AppData\Local\VMicro\Arduino\Builds\Arduino\arduino_due_x_dbg/core.a(UARTClass.cpp.o)
                              C:\Users\monkey\AppData\Local\VMicro\Arduino\Builds\Arduino\arduino_due_x_dbg\Arduino.cpp.o (UARTClass::available())
C:\Users\monkey\AppData\Local\VMicro\Arduino\Builds\Arduino\arduino_due_x_dbg/core.a(WMath.cpp.o)
                              C:\Users\monkey\AppData\Local\VMicro\Arduino\Builds\Arduino\arduino_due_x_dbg\Arduino.cpp.o (map(long, long, long, long, long))
C:\Users\monkey\AppData\Local\VMicro\Arduino\Builds\Arduino\arduino_due_x_dbg/core.a(USBCore.cpp.o)
                              C:\Users\monkey\AppData\Local\VMicro\Arduino\Builds\Arduino\arduino_due_x_dbg/core.a(main.cpp.o) (USBDevice_::attach())
C:\Users\monkey\AppData\Local\VMicro\Arduino\Builds\Arduino\arduino_due_x_dbg/core.a(variant.cpp.o)
                              C:\Users\monkey\AppData\Local\VMicro\Arduino\Builds\Arduino\arduino_due_x_dbg/core.a(main.cpp.o) (init)
C:\Users\monkey\AppData\Local\VMicro\Arduino\Builds\Arduino\arduino_due_x_dbg/core.a(cxxabi-compat.cpp.o)
                              C:\Users\monkey\AppData\Local\VMicro\Arduino\Builds\Arduino\arduino_due_x_dbg/core.a(Print.cpp.o) (__cxa_pure_virtual)
C:\Users\monkey\AppData\Local\VMicro\Arduino\Builds\Arduino\arduino_due_x_dbg/core.a(RingBuffer.cpp.o)
                              C:\Users\monkey\AppData\Local\VMicro\Arduino\Builds\Arduino\arduino_due_x_dbg/core.a(UARTClass.cpp.o) (RingBuffer::store_char(unsigned char))
C:\Users\monkey\AppData\Local\VMicro\Arduino\Builds\Arduino\arduino_due_x_dbg/core.a(USARTClass.cpp.o)
                              C:\Users\monkey\AppData\Local\VMicro\Arduino\Builds\Arduino\arduino_due_x_dbg/core.a(variant.cpp.o) (USARTClass::USARTClass(Usart*, IRQn, unsigned long, RingBuffer*))
C:\Users\monkey\AppData\Local\VMicro\Arduino\Builds\Arduino\arduino_due_x_dbg/core.a(CDC.cpp.o)
                              C:\Users\monkey\AppData\Local\VMicro\Arduino\Builds\Arduino\arduino_due_x_dbg/core.a(USBCore.cpp.o) (Serial_::accept())
C:\Users\monkey\AppData\Local\VMicro\Arduino\Builds\Arduino\arduino_due_x_dbg/core.a(HID.cpp.o)
                              C:\Users\monkey\AppData\Local\VMicro\Arduino\Builds\Arduino\arduino_due_x_dbg/core.a(USBCore.cpp.o) (HID_Setup(Setup&))
[...]
Memory Configuration

Name             Origin             Length             Attributes
rom              0x00080000         0x00080000         xr
sram0            0x20000000         0x00010000         xrw
sram1            0x20080000         0x00008000         xrw
ram              0x20070000         0x00018000         xrw
*default*        0x00000000         0xffffffff

Linker script and memory map

LOAD c:/users/monkey/documents/archivos/programas/arduino-1.5.6/hardware/tools/g++_arm_none_eabi/bin/../lib/gcc/arm-none-eabi/4.4.1/thumb2/crti.o
LOAD c:/users/monkey/documents/archivos/programas/arduino-1.5.6/hardware/tools/g++_arm_none_eabi/bin/../lib/gcc/arm-none-eabi/4.4.1/thumb2/crtbegin.o
LOAD c:/users/monkey/documents/archivos/programas/arduino-1.5.6/hardware/tools/g++_arm_none_eabi/bin/../lib/gcc/arm-none-eabi/4.4.1/thumb2\libgcc.a
START GROUP
LOAD C:\Users\monkey\AppData\Local\VMicro\Arduino\Builds\Arduino\arduino_due_x_dbg/syscalls_sam3.c.o
LOAD C:\Users\monkey\AppData\Local\VMicro\Arduino\Builds\Arduino\arduino_due_x_dbg\Motors.c.o
LOAD C:\Users\monkey\AppData\Local\VMicro\Arduino\Builds\Arduino\arduino_due_x_dbg\Arduino.cpp.o
LOAD C:\Users\monkey\Documents\Archivos\Programas\arduino-1.5.6\hardware\arduino\sam\variants\arduino_due_x/libsam_sam3x8e_gcc_rel.a
LOAD C:\Users\monkey\AppData\Local\VMicro\Arduino\Builds\Arduino\arduino_due_x_dbg/core.a
END GROUP
LOAD c:/users/monkey/documents/archivos/programas/arduino-1.5.6/hardware/tools/g++_arm_none_eabi/bin/../lib/gcc/arm-none-eabi/4.4.1/../../../../arm-none-eabi/lib/thumb2\libstdc++.a
LOAD c:/users/monkey/documents/archivos/programas/arduino-1.5.6/hardware/tools/g++_arm_none_eabi/bin/../lib/gcc/arm-none-eabi/4.4.1/../../../../arm-none-eabi/lib/thumb2\libm.a
START GROUP
LOAD c:/users/monkey/documents/archivos/programas/arduino-1.5.6/hardware/tools/g++_arm_none_eabi/bin/../lib/gcc/arm-none-eabi/4.4.1/thumb2\libgcc.a
LOAD c:/users/monkey/documents/archivos/programas/arduino-1.5.6/hardware/tools/g++_arm_none_eabi/bin/../lib/gcc/arm-none-eabi/4.4.1/../../../../arm-none-eabi/lib/thumb2\libc.a
END GROUP
LOAD c:/users/monkey/documents/archivos/programas/arduino-1.5.6/hardware/tools/g++_arm_none_eabi/bin/../lib/gcc/arm-none-eabi/4.4.1/thumb2/crtend.o
LOAD c:/users/monkey/documents/archivos/programas/arduino-1.5.6/hardware/tools/g++_arm_none_eabi/bin/../lib/gcc/arm-none-eabi/4.4.1/thumb2/crtn.o

.text           0x00080000     0x6d84
                0x00080000                . = ALIGN (0x4)
                0x00080000                _sfixed = .
 *(.vectors .vectors.*)
 .vectors       0x00080000       0xf4 C:\Users\monkey\Documents\Archivos\Programas\arduino-1.5.6\hardware\arduino\sam\variants\arduino_due_x/libsam_sam3x8e_gcc_rel.a(startup_sam3xa.o)
                0x00080000                exception_table
 *(.text .text.* .gnu.linkonce.t.*)
 .text          0x000800f4       0x30 c:/users/monkey/documents/archivos/programas/arduino-1.5.6/hardware/tools/g++_arm_none_eabi/bin/../lib/gcc/arm-none-eabi/4.4.1/thumb2/crtbegin.o
 .text._sbrk    0x00080124       0x20 C:\Users\monkey\AppData\Local\VMicro\Arduino\Builds\Arduino\arduino_due_x_dbg/syscalls_sam3.c.o
                0x00080124                _sbrk
 .text._close   0x00080144        0x6 C:\Users\monkey\AppData\Local\VMicro\Arduino\Builds\Arduino\arduino_due_x_dbg/syscalls_sam3.c.o
                0x00080144                _close
 .text._fstat   0x0008014a        0xa C:\Users\monkey\AppData\Local\VMicro\Arduino\Builds\Arduino\arduino_due_x_dbg/syscalls_sam3.c.o
                0x0008014a                _fstat
 .text._isatty  0x00080154        0x4 C:\Users\monkey\AppData\Local\VMicro\Arduino\Builds\Arduino\arduino_due_x_dbg/syscalls_sam3.c.o
                0x00080154                _isatty
 .text._lseek   0x00080158        0x4 C:\Users\monkey\AppData\Local\VMicro\Arduino\Builds\Arduino\arduino_due_x_dbg/syscalls_sam3.c.o
                0x00080158                _lseek
 .text._read    0x0008015c        0x4 C:\Users\monkey\AppData\Local\VMicro\Arduino\Builds\Arduino\arduino_due_x_dbg/syscalls_sam3.c.o
                0x0008015c                _read
 .text._write   0x00080160       0x20 C:\Users\monkey\AppData\Local\VMicro\Arduino\Builds\Arduino\arduino_due_x_dbg/syscalls_sam3.c.o
                0x00080160                _write
 .text._kill    0x00080180        0x2 C:\Users\monkey\AppData\Local\VMicro\Arduino\Builds\Arduino\arduino_due_x_dbg/syscalls_sam3.c.o
                0x00080180                _kill
 .text._getpid  0x00080182        0x6 C:\Users\monkey\AppData\Local\VMicro\Arduino\Builds\Arduino\arduino_due_x_dbg/syscalls_sam3.c.o
                0x00080182                _getpid
 .text._exit    0x00080188       0x10 C:\Users\monkey\AppData\Local\VMicro\Arduino\Builds\Arduino\arduino_due_x_dbg/syscalls_sam3.c.o
                0x00080188                _exit
 .text._Z3ledhb
                0x00080198       0x14 C:\Users\monkey\AppData\Local\VMicro\Arduino\Builds\Arduino\arduino_due_x_dbg\Arduino.cpp.o
                0x00080198                led(unsigned char, bool)
 .text._Z10read_frontv
                0x000801ac       0xd0 C:\Users\monkey\AppData\Local\VMicro\Arduino\Builds\Arduino\arduino_due_x_dbg\Arduino.cpp.o
                0x000801ac                read_front()
 .text._Z11read_middlev
                0x0008027c       0x40 C:\Users\monkey\AppData\Local\VMicro\Arduino\Builds\Arduino\arduino_due_x_dbg\Arduino.cpp.o
                0x0008027c                read_middle()
 .text._Z16sendSensorValuesv
                0x000802bc       0x48 C:\Users\monkey\AppData\Local\VMicro\Arduino\Builds\Arduino\arduino_due_x_dbg\Arduino.cpp.o
                0x000802bc                sendSensorValues()
 .text.setup    0x00080304       0xc8 C:\Users\monkey\AppData\Local\VMicro\Arduino\Builds\Arduino\arduino_due_x_dbg\Arduino.cpp.o
                0x00080304                setup
 .text._Z21setBackwardSpeedRighti
                0x000803cc       0x28 C:\Users\monkey\AppData\Local\VMicro\Arduino\Builds\Arduino\arduino_due_x_dbg\Arduino.cpp.o
                0x000803cc                setBackwardSpeedRight(int)
 .text._Z20setBackwardSpeedLefti
                0x000803f4       0x28 C:\Users\monkey\AppData\Local\VMicro\Arduino\Builds\Arduino\arduino_due_x_dbg\Arduino.cpp.o
                0x000803f4                setBackwardSpeedLeft(int)
 .text._Z12moveBackwardhh
                0x0008041c       0x3c C:\Users\monkey\AppData\Local\VMicro\Arduino\Builds\Arduino\arduino_due_x_dbg\Arduino.cpp.o
                0x0008041c                moveBackward(unsigned char, unsigned char)
 .text._Z19setForwardSpeedLefti
                0x00080458       0x24 C:\Users\monkey\AppData\Local\VMicro\Arduino\Builds\Arduino\arduino_due_x_dbg\Arduino.cpp.o
                0x00080458                setForwardSpeedLeft(int)
 .text._Z20setForwardSpeedRighti
                0x0008047c       0x24 C:\Users\monkey\AppData\Local\VMicro\Arduino\Builds\Arduino\arduino_due_x_dbg\Arduino.cpp.o
                0x0008047c                setForwardSpeedRight(int)
 .text._Z9turnRighth
                0x000804a0       0x22 C:\Users\monkey\AppData\Local\VMicro\Arduino\Builds\Arduino\arduino_due_x_dbg\Arduino.cpp.o
                0x000804a0                turnRight(unsigned char)
 .text._Z8turnLefth
                0x000804c2       0x26 C:\Users\monkey\AppData\Local\VMicro\Arduino\Builds\Arduino\arduino_due_x_dbg\Arduino.cpp.o
                0x000804c2                turnLeft(unsigned char)
 .text._Z9setMotorsii
                0x000804e8       0x12 C:\Users\monkey\AppData\Local\VMicro\Arduino\Builds\Arduino\arduino_due_x_dbg\Arduino.cpp.o
                0x000804e8                setMotors(int, int)
 .text._Z11moveForwardh
                0x000804fa       0x1e C:\Users\monkey\AppData\Local\VMicro\Arduino\Builds\Arduino\arduino_due_x_dbg\Arduino.cpp.o
                0x000804fa                moveForward(unsigned char)
 .text._Z12moveBalancedhh
                0x00080518       0x38 C:\Users\monkey\AppData\Local\VMicro\Arduino\Builds\Arduino\arduino_due_x_dbg\Arduino.cpp.o
                0x00080518                moveBalanced(unsigned char, unsigned char)
 .text._Z10stopMotorsv
                0x00080550       0x2a C:\Users\monkey\AppData\Local\VMicro\Arduino\Builds\Arduino\arduino_due_x_dbg\Arduino.cpp.o
                0x00080550                stopMotors()
 *fill*         0x0008057a        0x2 00
 .text._Z23getAndRunCommandFromUSBv
                0x0008057c       0x90 C:\Users\monkey\AppData\Local\VMicro\Arduino\Builds\Arduino\arduino_due_x_dbg\Arduino.cpp.o
                0x0008057c                getAndRunCommandFromUSB()
 .text.loop     0x0008060c        0x4 C:\Users\monkey\AppData\Local\VMicro\Arduino\Builds\Arduino\arduino_due_x_dbg\Arduino.cpp.o
                0x0008060c                loop
 .text.Reset_Handler
                0x00080610       0x70 C:\Users\monkey\Documents\Archivos\Programas\arduino-1.5.6\hardware\arduino\sam\variants\arduino_due_x/libsam_sam3x8e_gcc_rel.a(startup_sam3xa.o)
                0x00080610                Reset_Handler
 .text.UOTGHS_Handler
                0x00080680       0x10 C:\Users\monkey\Documents\Archivos\Programas\arduino-1.5.6\hardware\arduino\sam\variants\arduino_due_x/libsam_sam3x8e_gcc_rel.a(uotghs.o)
                0x00080680                UOTGHS_Handler
 .text.__halt   0x00080690        0x2 C:\Users\monkey\AppData\Local\VMicro\Arduino\Builds\Arduino\arduino_due_x_dbg/core.a(cortex_handlers.c.o)
                0x00080690                DACC_Handler
                0x00080690                DebugMon_Handler
                0x00080690                DMAC_Handler
                0x00080690                TRNG_Handler
                0x00080690                HardFault_Handler
                0x00080690                TC2_Handler
                0x00080690                TWI1_Handler
                0x00080690                NMI_Handler
                0x00080690                TC7_Handler
                0x00080690                ADC_Handler
                0x00080690                SMC_Handler
                0x00080690                RTT_Handler
                0x00080690                EFC1_Handler
                0x00080690                PIOB_Handler
                0x00080690                RTC_Handler
                0x00080690                UsageFault_Handler
                0x00080690                TC6_Handler
                0x00080690                WDT_Handler
                0x00080690                CAN0_Handler
                0x00080690                TC4_Handler
                0x00080690                TC1_Handler
                0x00080690                HSMCI_Handler
                0x00080690                TC3_Handler
                0x00080690                TWI0_Handler
                0x00080690                PIOA_Handler
                0x00080690                SSC_Handler
                0x00080690                EFC0_Handler
                0x00080690                PMC_Handler
                0x00080690                PWM_Handler
                0x00080690                CAN1_Handler
                0x00080690                MemManage_Handler
                0x00080690                SUPC_Handler
                0x00080690                TC8_Handler
                0x00080690                USART2_Handler
                0x00080690                PIOD_Handler
                0x00080690                EMAC_Handler
                0x00080690                PIOC_Handler
                0x00080690                BusFault_Handler
                0x00080690                RSTC_Handler
                0x00080690                TC0_Handler
                0x00080690                TC5_Handler
                0x00080690                SPI0_Handler
 .text.SysTick_Handler
                0x00080692       0x16 C:\Users\monkey\AppData\Local\VMicro\Arduino\Builds\Arduino\arduino_due_x_dbg/core.a(cortex_handlers.c.o)
                0x00080692                SysTick_Handler
 .text.PendSV_Handler
                0x000806a8        0x4 C:\Users\monkey\AppData\Local\VMicro\Arduino\Builds\Arduino\arduino_due_x_dbg/core.a(cortex_handlers.c.o)
                0x000806a8                PendSV_Handler
 .text.SVC_Handler
                0x000806ac        0x4 C:\Users\monkey\AppData\Local\VMicro\Arduino\Builds\Arduino\arduino_due_x_dbg/core.a(cortex_handlers.c.o)
                0x000806ac                SVC_Handler
 .text.__empty  0x000806b0        0x2 C:\Users\monkey\AppData\Local\VMicro\Arduino\Builds\Arduino\arduino_due_x_dbg/core.a(hooks.c.o)
                0x000806b0                yield
 .text.__false  0x000806b2        0x4 C:\Users\monkey\AppData\Local\VMicro\Arduino\Builds\Arduino\arduino_due_x_dbg/core.a(hooks.c.o)
                0x000806b2                sysTickHook
 .text.__halt   0x000806b6        0x2 C:\Users\monkey\AppData\Local\VMicro\Arduino\Builds\Arduino\arduino_due_x_dbg/core.a(hooks.c.o)
                0x000806b6                svcHook
                0x000806b6                pendSVHook
 .text.delay    0x000806b8       0x1c C:\Users\monkey\AppData\Local\VMicro\Arduino\Builds\Arduino\arduino_due_x_dbg/core.a(wiring.c.o)
                0x000806b8                delay
 .text.analogWriteResolution
                0x000806d4        0xc C:\Users\monkey\AppData\Local\VMicro\Arduino\Builds\Arduino\arduino_due_x_dbg/core.a(wiring_analog.c.o)
                0x000806d4                analogWriteResolution
 .text.TC_SetCMR_ChannelA
                0x000806e0       0x12 C:\Users\monkey\AppData\Local\VMicro\Arduino\Builds\Arduino\arduino_due_x_dbg/core.a(wiring_analog.c.o)
 .text.TC_SetCMR_ChannelB
                0x000806f2       0x12 C:\Users\monkey\AppData\Local\VMicro\Arduino\Builds\Arduino\arduino_due_x_dbg/core.a(wiring_analog.c.o)
 .text.analogOutputInit
                0x00080704       0x14 C:\Users\monkey\AppData\Local\VMicro\Arduino\Builds\Arduino\arduino_due_x_dbg/core.a(wiring_analog.c.o)
                0x00080704                analogOutputInit
 .text.analogWrite
                0x00080718      0x2bc C:\Users\monkey\AppData\Local\VMicro\Arduino\Builds\Arduino\arduino_due_x_dbg/core.a(wiring_analog.c.o)
                0x00080718                analogWrite
 .text.digitalRead
                0x000809d4       0x28 C:\Users\monkey\AppData\Local\VMicro\Arduino\Builds\Arduino\arduino_due_x_dbg/core.a(wiring_digital.c.o)
                0x000809d4                digitalRead
 .text.digitalWrite
                0x000809fc       0x48 C:\Users\monkey\AppData\Local\VMicro\Arduino\Builds\Arduino\arduino_due_x_dbg/core.a(wiring_digital.c.o)
                0x000809fc                digitalWrite
 .text.pinMode  0x00080a44       0x68 C:\Users\monkey\AppData\Local\VMicro\Arduino\Builds\Arduino\arduino_due_x_dbg/core.a(wiring_digital.c.o)
                0x00080a44                pinMode
 .text.main     0x00080aac       0x30 C:\Users\monkey\AppData\Local\VMicro\Arduino\Builds\Arduino\arduino_due_x_dbg/core.a(main.cpp.o)
                0x00080aac                main
 .text._ZN5Print5writeEPKhj
                0x00080adc       0x2e C:\Users\monkey\AppData\Local\VMicro\Arduino\Builds\Arduino\arduino_due_x_dbg/core.a(Print.cpp.o)
                0x00080adc                Print::write(unsigned char const*, unsigned int)
 .text._ZN5Print5printEc
                0x00080b0a        0xa C:\Users\monkey\AppData\Local\VMicro\Arduino\Builds\Arduino\arduino_due_x_dbg/core.a(Print.cpp.o)
                0x00080b0a                Print::print(char)
 .text._ZN5Print7printlnEv
                0x00080b14       0x18 C:\Users\monkey\AppData\Local\VMicro\Arduino\Builds\Arduino\arduino_due_x_dbg/core.a(Print.cpp.o)
                0x00080b14                Print::println()
 .text._ZN5Print5writeEPKc
                0x00080b2c       0x20 C:\Users\monkey\AppData\Local\VMicro\Arduino\Builds\Arduino\arduino_due_x_dbg/core.a(Print.cpp.o)
                0x00080b2c                Print::write(char const*)
 .text._ZN5Print11printNumberEmh
                0x00080b4c       0x3e C:\Users\monkey\AppData\Local\VMicro\Arduino\Builds\Arduino\arduino_due_x_dbg/core.a(Print.cpp.o)
                0x00080b4c                Print::printNumber(unsigned long, unsigned char)
 .text._ZN5Print5printEli
                0x00080b8a       0x42 C:\Users\monkey\AppData\Local\VMicro\Arduino\Builds\Arduino\arduino_due_x_dbg/core.a(Print.cpp.o)
                0x00080b8a                Print::print(long, int)
 .text._ZN5Print5printEii
                0x00080bcc        0x4 C:\Users\monkey\AppData\Local\VMicro\Arduino\Builds\Arduino\arduino_due_x_dbg/core.a(Print.cpp.o)
                0x00080bcc                Print::print(int, int)
 .text.initiateReset
                0x00080bd0        0xc C:\Users\monkey\AppData\Local\VMicro\Arduino\Builds\Arduino\arduino_due_x_dbg/core.a(Reset.cpp.o)
                0x00080bd0                initiateReset
 .text.cancelReset
                0x00080bdc       0x10 C:\Users\monkey\AppData\Local\VMicro\Arduino\Builds\Arduino\arduino_due_x_dbg/core.a(Reset.cpp.o)
                0x00080bdc                cancelReset
 .text.tickReset
                0x00080bec       0x20 C:\Users\monkey\AppData\Local\VMicro\Arduino\Builds\Arduino\arduino_due_x_dbg/core.a(Reset.cpp.o)
                0x00080bec                tickReset
 .text._ZN9UARTClasscvbEv
                0x00080c0c        0x4 C:\Users\monkey\AppData\Local\VMicro\Arduino\Builds\Arduino\arduino_due_x_dbg/core.a(UARTClass.cpp.o)
                0x00080c0c                UARTClass::operator bool()
 .text._ZN9UARTClassC1EP4Uart4IRQnmP10RingBuffer
                0x00080c10       0x24 C:\Users\monkey\AppData\Local\VMicro\Arduino\Builds\Arduino\arduino_due_x_dbg/core.a(UARTClass.cpp.o)
                0x00080c10                UARTClass::UARTClass(Uart*, IRQn, unsigned long, RingBuffer*)
 .text._ZN9UARTClass9availableEv
                0x00080c34        0xe C:\Users\monkey\AppData\Local\VMicro\Arduino\Builds\Arduino\arduino_due_x_dbg/core.a(UARTClass.cpp.o)
                0x00080c34                UARTClass::available()
 .text._ZN9UARTClass4peekEv
                0x00080c42       0x12 C:\Users\monkey\AppData\Local\VMicro\Arduino\Builds\Arduino\arduino_due_x_dbg/core.a(UARTClass.cpp.o)
                0x00080c42                UARTClass::peek()
 .text._ZN9UARTClass4readEv
                0x00080c54       0x1c C:\Users\monkey\AppData\Local\VMicro\Arduino\Builds\Arduino\arduino_due_x_dbg/core.a(UARTClass.cpp.o)
                0x00080c54                UARTClass::read()
 .text._ZN9UARTClass5flushEv
                0x00080c70        0xc C:\Users\monkey\AppData\Local\VMicro\Arduino\Builds\Arduino\arduino_due_x_dbg/core.a(UARTClass.cpp.o)
                0x00080c70                UARTClass::flush()
 .text._ZN9UARTClass5writeEh
                0x00080c7c       0x10 C:\Users\monkey\AppData\Local\VMicro\Arduino\Builds\Arduino\arduino_due_x_dbg/core.a(UARTClass.cpp.o)
                0x00080c7c                UARTClass::write(unsigned char)
 .text._ZN9UARTClass10IrqHandlerEv
                0x00080c8c       0x2a C:\Users\monkey\AppData\Local\VMicro\Arduino\Builds\Arduino\arduino_due_x_dbg/core.a(UARTClass.cpp.o)
                0x00080c8c                UARTClass::IrqHandler()
 *fill*         0x00080cb6        0x2 00
 .text._ZN9UARTClass3endEv
                0x00080cb8       0x38 C:\Users\monkey\AppData\Local\VMicro\Arduino\Builds\Arduino\arduino_due_x_dbg/core.a(UARTClass.cpp.o)
                0x00080cb8                UARTClass::end()
 .text._ZN9UARTClass5beginEm
                0x00080cf0       0x5c C:\Users\monkey\AppData\Local\VMicro\Arduino\Builds\Arduino\arduino_due_x_dbg/core.a(UARTClass.cpp.o)
                0x00080cf0                UARTClass::begin(unsigned long)
 .text._Z3maplllll
                0x00080d4c       0x1a C:\Users\monkey\AppData\Local\VMicro\Arduino\Builds\Arduino\arduino_due_x_dbg/core.a(WMath.cpp.o)
                0x00080d4c                map(long, long, long, long, long)
 *fill*         0x00080d66        0x2 00
 .text._Z16USBD_InitControli
                0x00080d68       0x14 C:\Users\monkey\AppData\Local\VMicro\Arduino\Builds\Arduino\arduino_due_x_dbg/core.a(USBCore.cpp.o)
                0x00080d68                USBD_InitControl(int)
 .text._ZL11USB_SendZlpv
                0x00080d7c       0x24 C:\Users\monkey\AppData\Local\VMicro\Arduino\Builds\Arduino\arduino_due_x_dbg/core.a(USBCore.cpp.o)
 .text._ZN10USBDevice_6attachEv
                0x00080da0       0x20 C:\Users\monkey\AppData\Local\VMicro\Arduino\Builds\Arduino\arduino_due_x_dbg/core.a(USBCore.cpp.o)
                0x00080da0                USBDevice_::attach()
 .text._ZN10USBDevice_C1Ev
                0x00080dc0       0x24 C:\Users\monkey\AppData\Local\VMicro\Arduino\Builds\Arduino\arduino_due_x_dbg/core.a(USBCore.cpp.o)
                0x00080dc0                USBDevice_::USBDevice_()
 .text._Z14USBD_Availablem
                0x00080de4       0x2c C:\Users\monkey\AppData\Local\VMicro\Arduino\Builds\Arduino\arduino_due_x_dbg/core.a(USBCore.cpp.o)
                0x00080de4                USBD_Available(unsigned long)
 .text._Z10USBD_Flushm
                0x00080e10       0x16 C:\Users\monkey\AppData\Local\VMicro\Arduino\Builds\Arduino\arduino_due_x_dbg/core.a(USBCore.cpp.o)
                0x00080e10                USBD_Flush(unsigned long)
 .text._Z24USBD_SendOtherInterfacesv
                0x00080e26       0x1c C:\Users\monkey\AppData\Local\VMicro\Arduino\Builds\Arduino\arduino_due_x_dbg/core.a(USBCore.cpp.o)
                0x00080e26                USBD_SendOtherInterfaces()
 .text._Z19USBD_SendInterfacesv
                0x00080e42       0x1c C:\Users\monkey\AppData\Local\VMicro\Arduino\Builds\Arduino\arduino_due_x_dbg/core.a(USBCore.cpp.o)
                0x00080e42                USBD_SendInterfaces()
 .text._Z26USBD_ClassInterfaceRequestR5Setup
                0x00080e5e       0x14 C:\Users\monkey\AppData\Local\VMicro\Arduino\Builds\Arduino\arduino_due_x_dbg/core.a(USBCore.cpp.o)
                0x00080e5e                USBD_ClassInterfaceRequest(Setup&)
 .text._Z16USBD_RecvControlPvm
                0x00080e72       0x1c C:\Users\monkey\AppData\Local\VMicro\Arduino\Builds\Arduino\arduino_due_x_dbg/core.a(USBCore.cpp.o)
                0x00080e72                USBD_RecvControl(void*, unsigned long)
 *fill*         0x00080e8e        0x2 00
 .text._Z16USBD_SendControlhPKvm
                0x00080e90       0x40 C:\Users\monkey\AppData\Local\VMicro\Arduino\Builds\Arduino\arduino_due_x_dbg/core.a(USBCore.cpp.o)
                0x00080e90                USBD_SendControl(unsigned char, void const*, unsigned long)
 .text._ZL24USB_SendStringDescriptorPKhi
                0x00080ed0       0x42 C:\Users\monkey\AppData\Local\VMicro\Arduino\Builds\Arduino\arduino_due_x_dbg/core.a(USBCore.cpp.o)
 *fill*         0x00080f12        0x2 00
 .text._ZL7USB_ISRv
                0x00080f14      0x438 C:\Users\monkey\AppData\Local\VMicro\Arduino\Builds\Arduino\arduino_due_x_dbg/core.a(USBCore.cpp.o)
 .text._Z9USBD_SendmPKvm
                0x0008134c       0x4c C:\Users\monkey\AppData\Local\VMicro\Arduino\Builds\Arduino\arduino_due_x_dbg/core.a(USBCore.cpp.o)
                0x0008134c                USBD_Send(unsigned long, void const*, unsigned long)
 .text._Z9USBD_RecvmPvm
                0x00081398       0x7c C:\Users\monkey\AppData\Local\VMicro\Arduino\Builds\Arduino\arduino_due_x_dbg/core.a(USBCore.cpp.o)
                0x00081398                USBD_Recv(unsigned long, void*, unsigned long)
 .text._Z9USBD_Recvm
                0x00081414       0x1e C:\Users\monkey\AppData\Local\VMicro\Arduino\Builds\Arduino\arduino_due_x_dbg/core.a(USBCore.cpp.o)
                0x00081414                USBD_Recv(unsigned long)
 *fill*         0x00081432        0x2 00
 .text._GLOBAL__I_TxLEDPulse
                0x00081434        0xc C:\Users\monkey\AppData\Local\VMicro\Arduino\Builds\Arduino\arduino_due_x_dbg/core.a(USBCore.cpp.o)
 .text._Z11serialEventv
                0x00081440        0x2 C:\Users\monkey\AppData\Local\VMicro\Arduino\Builds\Arduino\arduino_due_x_dbg/core.a(variant.cpp.o)
                0x00081440                serialEvent()
 .text._Z12serialEvent1v
                0x00081442        0x2 C:\Users\monkey\AppData\Local\VMicro\Arduino\Builds\Arduino\arduino_due_x_dbg/core.a(variant.cpp.o)
                0x00081442                serialEvent1()
 .text._Z12serialEvent2v
                0x00081444        0x2 C:\Users\monkey\AppData\Local\VMicro\Arduino\Builds\Arduino\arduino_due_x_dbg/core.a(variant.cpp.o)
                0x00081444                serialEvent2()
 .text._Z12serialEvent3v
                0x00081446        0x2 C:\Users\monkey\AppData\Local\VMicro\Arduino\Builds\Arduino\arduino_due_x_dbg/core.a(variant.cpp.o)
                0x00081446                serialEvent3()
 .text.init     0x00081448      0x134 C:\Users\monkey\AppData\Local\VMicro\Arduino\Builds\Arduino\arduino_due_x_dbg/core.a(variant.cpp.o)
                0x00081448                init
 .text._Z14serialEventRunv
                0x0008157c       0x48 C:\Users\monkey\AppData\Local\VMicro\Arduino\Builds\Arduino\arduino_due_x_dbg/core.a(variant.cpp.o)
                0x0008157c                serialEventRun()
 .text.USART3_Handler
                0x000815c4        0xc C:\Users\monkey\AppData\Local\VMicro\Arduino\Builds\Arduino\arduino_due_x_dbg/core.a(variant.cpp.o)
                0x000815c4                USART3_Handler
 .text.USART1_Handler
                0x000815d0        0xc C:\Users\monkey\AppData\Local\VMicro\Arduino\Builds\Arduino\arduino_due_x_dbg/core.a(variant.cpp.o)
                0x000815d0                USART1_Handler
 .text.USART0_Handler
                0x000815dc        0xc C:\Users\monkey\AppData\Local\VMicro\Arduino\Builds\Arduino\arduino_due_x_dbg/core.a(variant.cpp.o)
                0x000815dc                USART0_Handler
 .text.UART_Handler
                0x000815e8        0xc C:\Users\monkey\AppData\Local\VMicro\Arduino\Builds\Arduino\arduino_due_x_dbg/core.a(variant.cpp.o)
                0x000815e8                UART_Handler
 .text._GLOBAL__I_g_APinDescription
                0x000815f4       0x8c C:\Users\monkey\AppData\Local\VMicro\Arduino\Builds\Arduino\arduino_due_x_dbg/core.a(variant.cpp.o)
 .text._ZN10RingBuffer10store_charEh
                0x00081680       0x16 C:\Users\monkey\AppData\Local\VMicro\Arduino\Builds\Arduino\arduino_due_x_dbg/core.a(RingBuffer.cpp.o)
                0x00081680                RingBuffer::store_char(unsigned char)
 .text._ZN10RingBufferC1Ev
                0x00081696       0x16 C:\Users\monkey\AppData\Local\VMicro\Arduino\Builds\Arduino\arduino_due_x_dbg/core.a(RingBuffer.cpp.o)
                0x00081696                RingBuffer::RingBuffer()
 .text._ZN10USARTClasscvbEv
                0x000816ac        0x4 C:\Users\monkey\AppData\Local\VMicro\Arduino\Builds\Arduino\arduino_due_x_dbg/core.a(USARTClass.cpp.o)
                0x000816ac                USARTClass::operator bool()
 .text._ZN10USARTClassC1EP5Usart4IRQnmP10RingBuffer
                0x000816b0       0x24 C:\Users\monkey\AppData\Local\VMicro\Arduino\Builds\Arduino\arduino_due_x_dbg/core.a(USARTClass.cpp.o)
                0x000816b0                USARTClass::USARTClass(Usart*, IRQn, unsigned long, RingBuffer*)
 .text._ZN10USARTClass9availableEv
                0x000816d4        0xe C:\Users\monkey\AppData\Local\VMicro\Arduino\Builds\Arduino\arduino_due_x_dbg/core.a(USARTClass.cpp.o)
                0x000816d4                USARTClass::available()
 .text._ZN10USARTClass4peekEv
                0x000816e2       0x12 C:\Users\monkey\AppData\Local\VMicro\Arduino\Builds\Arduino\arduino_due_x_dbg/core.a(USARTClass.cpp.o)
                0x000816e2                USARTClass::peek()
 .text._ZN10USARTClass4readEv
                0x000816f4       0x1c C:\Users\monkey\AppData\Local\VMicro\Arduino\Builds\Arduino\arduino_due_x_dbg/core.a(USARTClass.cpp.o)
                0x000816f4                USARTClass::read()
 .text._ZN10USARTClass5flushEv
                0x00081710        0xc C:\Users\monkey\AppData\Local\VMicro\Arduino\Builds\Arduino\arduino_due_x_dbg/core.a(USARTClass.cpp.o)
                0x00081710                USARTClass::flush()
 .text._ZN10USARTClass5writeEh
                0x0008171c       0x10 C:\Users\monkey\AppData\Local\VMicro\Arduino\Builds\Arduino\arduino_due_x_dbg/core.a(USARTClass.cpp.o)
                0x0008171c                USARTClass::write(unsigned char)
 .text._ZN10USARTClass10IrqHandlerEv
                0x0008172c       0x2a C:\Users\monkey\AppData\Local\VMicro\Arduino\Builds\Arduino\arduino_due_x_dbg/core.a(USARTClass.cpp.o)
                0x0008172c                USARTClass::IrqHandler()
 *fill*         0x00081756        0x2 00
 .text._ZN10USARTClass3endEv
                0x00081758       0x38 C:\Users\monkey\AppData\Local\VMicro\Arduino\Builds\Arduino\arduino_due_x_dbg/core.a(USARTClass.cpp.o)
                0x00081758                USARTClass::end()
 .text._ZN10USARTClass5beginEm
                0x00081790       0x5c C:\Users\monkey\AppData\Local\VMicro\Arduino\Builds\Arduino\arduino_due_x_dbg/core.a(USARTClass.cpp.o)
                0x00081790                USARTClass::begin(unsigned long)
 .text._ZN7Serial_9availableEv
                0x000817ec       0x18 C:\Users\monkey\AppData\Local\VMicro\Arduino\Builds\Arduino\arduino_due_x_dbg/core.a(CDC.cpp.o)
                0x000817ec                Serial_::available()
 .text._ZN7Serial_4peekEv
                0x00081804       0x20 C:\Users\monkey\AppData\Local\VMicro\Arduino\Builds\Arduino\arduino_due_x_dbg/core.a(CDC.cpp.o)
                0x00081804                Serial_::peek()
 .text._ZN7Serial_5writeEh
                0x00081824       0x14 C:\Users\monkey\AppData\Local\VMicro\Arduino\Builds\Arduino\arduino_due_x_dbg/core.a(CDC.cpp.o)
                0x00081824                Serial_::write(unsigned char)
 .text._ZN7Serial_5writeEPKhj
                0x00081838       0x28 C:\Users\monkey\AppData\Local\VMicro\Arduino\Builds\Arduino\arduino_due_x_dbg/core.a(CDC.cpp.o)
                0x00081838                Serial_::write(unsigned char const*, unsigned int)
 .text._ZN7Serial_5flushEv
                0x00081860        0x6 C:\Users\monkey\AppData\Local\VMicro\Arduino\Builds\Arduino\arduino_due_x_dbg/core.a(CDC.cpp.o)
                0x00081860                Serial_::flush()
 *fill*         0x00081866        0x2 00
 .text._ZN7Serial_4readEv
                0x00081868       0x44 C:\Users\monkey\AppData\Local\VMicro\Arduino\Builds\Arduino\arduino_due_x_dbg/core.a(CDC.cpp.o)
                0x00081868                Serial_::read()
 .text._ZN7Serial_6acceptEv
                0x000818ac       0x6c C:\Users\monkey\AppData\Local\VMicro\Arduino\Builds\Arduino\arduino_due_x_dbg/core.a(CDC.cpp.o)
                0x000818ac                Serial_::accept()
 .text._Z21CDC_GetOtherInterfacePh
                0x00081918       0x14 C:\Users\monkey\AppData\Local\VMicro\Arduino\Builds\Arduino\arduino_due_x_dbg/core.a(CDC.cpp.o)
                0x00081918                CDC_GetOtherInterface(unsigned char*)
 .text._Z16CDC_GetInterfacePh
                0x0008192c       0x14 C:\Users\monkey\AppData\Local\VMicro\Arduino\Builds\Arduino\arduino_due_x_dbg/core.a(CDC.cpp.o)
                0x0008192c                CDC_GetInterface(unsigned char*)
 .text._Z9CDC_SetupR5Setup
                0x00081940       0x60 C:\Users\monkey\AppData\Local\VMicro\Arduino\Builds\Arduino\arduino_due_x_dbg/core.a(CDC.cpp.o)
                0x00081940                CDC_Setup(Setup&)
 .text._GLOBAL__I_cdc_rx_buffer
                0x000819a0       0x1c C:\Users\monkey\AppData\Local\VMicro\Arduino\Builds\Arduino\arduino_due_x_dbg/core.a(CDC.cpp.o)
 .text._Z9HID_SetupR5Setup
                0x000819bc       0x44 C:\Users\monkey\AppData\Local\VMicro\Arduino\Builds\Arduino\arduino_due_x_dbg/core.a(HID.cpp.o)
                0x000819bc                HID_Setup(Setup&)
 .text._ZN6Mouse_C1Ev
                0x00081a00        0x6 C:\Users\monkey\AppData\Local\VMicro\Arduino\Builds\Arduino\arduino_due_x_dbg/core.a(HID.cpp.o)
                0x00081a00                Mouse_::Mouse_()
 *fill*         0x00081a06        0x2 00
 .text._ZN9Keyboard_C1Ev
                0x00081a08       0x10 C:\Users\monkey\AppData\Local\VMicro\Arduino\Builds\Arduino\arduino_due_x_dbg/core.a(HID.cpp.o)
                0x00081a08                Keyboard_::Keyboard_()
 .text._ZN9Keyboard_5writeEh
                0x00081a18       0x1c C:\Users\monkey\AppData\Local\VMicro\Arduino\Builds\Arduino\arduino_due_x_dbg/core.a(HID.cpp.o)
                0x00081a18                Keyboard_::write(unsigned char)
 .text._Z14HID_SendReporthPKvm
                0x00081a34       0x2c C:\Users\monkey\AppData\Local\VMicro\Arduino\Builds\Arduino\arduino_due_x_dbg/core.a(HID.cpp.o)
                0x00081a34                HID_SendReport(unsigned char, void const*, unsigned long)
 .text._ZN9Keyboard_10sendReportEP9KeyReport
                0x00081a60        0x8 C:\Users\monkey\AppData\Local\VMicro\Arduino\Builds\Arduino\arduino_due_x_dbg/core.a(HID.cpp.o)
                0x00081a60                Keyboard_::sendReport(KeyReport*)
 .text._ZN9Keyboard_10releaseAllEv
                0x00081a68       0x18 C:\Users\monkey\AppData\Local\VMicro\Arduino\Builds\Arduino\arduino_due_x_dbg/core.a(HID.cpp.o)
                0x00081a68                Keyboard_::releaseAll()
 .text._ZN9Keyboard_7releaseEh
                0x00081a80       0x74 C:\Users\monkey\AppData\Local\VMicro\Arduino\Builds\Arduino\arduino_due_x_dbg/core.a(HID.cpp.o)
                0x00081a80                Keyboard_::release(unsigned char)
 .text._ZN9Keyboard_5pressEh
                0x00081af4       0x9c C:\Users\monkey\AppData\Local\VMicro\Arduino\Builds\Arduino\arduino_due_x_dbg/core.a(HID.cpp.o)
                0x00081af4                Keyboard_::press(unsigned char)
 .text._Z17HID_GetDescriptori
                0x00081b90       0x10 C:\Users\monkey\AppData\Local\VMicro\Arduino\Builds\Arduino\arduino_due_x_dbg/core.a(HID.cpp.o)
                0x00081b90                HID_GetDescriptor(int)
 .text._Z16HID_GetInterfacePh
                0x00081ba0       0x14 C:\Users\monkey\AppData\Local\VMicro\Arduino\Builds\Arduino\arduino_due_x_dbg/core.a(HID.cpp.o)
                0x00081ba0                HID_GetInterface(unsigned char*)
 .text._GLOBAL__I_Mouse
                0x00081bb4       0x1c C:\Users\monkey\AppData\Local\VMicro\Arduino\Builds\Arduino\arduino_due_x_dbg/core.a(HID.cpp.o)
 .text.PIO_DisableInterrupt
                0x00081bd0        0x4 C:\Users\monkey\Documents\Archivos\Programas\arduino-1.5.6\hardware\arduino\sam\variants\arduino_due_x/libsam_sam3x8e_gcc_rel.a(pio.o)
                0x00081bd0                PIO_DisableInterrupt
 .text.PIO_PullUp
                0x00081bd4        0xa C:\Users\monkey\Documents\Archivos\Programas\arduino-1.5.6\hardware\arduino\sam\variants\arduino_due_x/libsam_sam3x8e_gcc_rel.a(pio.o)
                0x00081bd4                PIO_PullUp
 .text.PIO_Get  0x00081bde       0x16 C:\Users\monkey\Documents\Archivos\Programas\arduino-1.5.6\hardware\arduino\sam\variants\arduino_due_x/libsam_sam3x8e_gcc_rel.a(pio.o)
                0x00081bde                PIO_Get
 .text.PIO_SetPeripheral
                0x00081bf4       0x2a C:\Users\monkey\Documents\Archivos\Programas\arduino-1.5.6\hardware\arduino\sam\variants\arduino_due_x/libsam_sam3x8e_gcc_rel.a(pio.o)
                0x00081bf4                PIO_SetPeripheral
 *fill*         0x00081c1e        0x2 00
 .text.PIO_SetInput
                0x00081c20       0x40 C:\Users\monkey\Documents\Archivos\Programas\arduino-1.5.6\hardware\arduino\sam\variants\arduino_due_x/libsam_sam3x8e_gcc_rel.a(pio.o)
                0x00081c20                PIO_SetInput
 .text.PIO_SetOutput
                0x00081c60       0x38 C:\Users\monkey\Documents\Archivos\Programas\arduino-1.5.6\hardware\arduino\sam\variants\arduino_due_x/libsam_sam3x8e_gcc_rel.a(pio.o)
                0x00081c60                PIO_SetOutput
 .text.PIO_Configure
                0x00081c98       0x74 C:\Users\monkey\Documents\Archivos\Programas\arduino-1.5.6\hardware\arduino\sam\variants\arduino_due_x/libsam_sam3x8e_gcc_rel.a(pio.o)
                0x00081c98                PIO_Configure
 .text.PIO_GetOutputDataStatus
                0x00081d0c       0x16 C:\Users\monkey\Documents\Archivos\Programas\arduino-1.5.6\hardware\arduino\sam\variants\arduino_due_x/libsam_sam3x8e_gcc_rel.a(pio.o)
                0x00081d0c                PIO_GetOutputDataStatus
 *fill*         0x00081d22        0x2 00
 .text.pmc_enable_upll_clock
                0x00081d24       0x18 C:\Users\monkey\Documents\Archivos\Programas\arduino-1.5.6\hardware\arduino\sam\variants\arduino_due_x/libsam_sam3x8e_gcc_rel.a(pmc.o)
                0x00081d24                pmc_enable_upll_clock
 .text.pmc_enable_periph_clk
                0x00081d3c       0x48 C:\Users\monkey\Documents\Archivos\Programas\arduino-1.5.6\hardware\arduino\sam\variants\arduino_due_x/libsam_sam3x8e_gcc_rel.a(pmc.o)
                0x00081d3c                pmc_enable_periph_clk
 .text.pmc_disable_periph_clk
                0x00081d84       0x48 C:\Users\monkey\Documents\Archivos\Programas\arduino-1.5.6\hardware\arduino\sam\variants\arduino_due_x/libsam_sam3x8e_gcc_rel.a(pmc.o)
                0x00081d84                pmc_disable_periph_clk
 .text.pmc_switch_udpck_to_upllck
                0x00081dcc       0x14 C:\Users\monkey\Documents\Archivos\Programas\arduino-1.5.6\hardware\arduino\sam\variants\arduino_due_x/libsam_sam3x8e_gcc_rel.a(pmc.o)
                0x00081dcc                pmc_switch_udpck_to_upllck
 .text.pmc_enable_udpck
                0x00081de0        0xc C:\Users\monkey\Documents\Archivos\Programas\arduino-1.5.6\hardware\arduino\sam\variants\arduino_due_x/libsam_sam3x8e_gcc_rel.a(pmc.o)
                0x00081de0                pmc_enable_udpck
 .text.FindClockConfiguration
                0x00081dec       0x7c C:\Users\monkey\Documents\Archivos\Programas\arduino-1.5.6\hardware\arduino\sam\variants\arduino_due_x/libsam_sam3x8e_gcc_rel.a(pwmc.o)
 .text.PWMC_ConfigureChannel
                0x00081e68       0x60 C:\Users\monkey\Documents\Archivos\Programas\arduino-1.5.6\hardware\arduino\sam\variants\arduino_due_x/libsam_sam3x8e_gcc_rel.a(pwmc.o)
                0x00081e68                PWMC_ConfigureChannel
 .text.PWMC_ConfigureClocks
                0x00081ec8       0x54 C:\Users\monkey\Documents\Archivos\Programas\arduino-1.5.6\hardware\arduino\sam\variants\arduino_due_x/libsam_sam3x8e_gcc_rel.a(pwmc.o)
                0x00081ec8                PWMC_ConfigureClocks
 .text.PWMC_SetPeriod
                0x00081f1c       0x1a C:\Users\monkey\Documents\Archivos\Programas\arduino-1.5.6\hardware\arduino\sam\variants\arduino_due_x/libsam_sam3x8e_gcc_rel.a(pwmc.o)
                0x00081f1c                PWMC_SetPeriod
 *fill*         0x00081f36        0x2 00
 .text.PWMC_SetDutyCycle
                0x00081f38       0x48 C:\Users\monkey\Documents\Archivos\Programas\arduino-1.5.6\hardware\arduino\sam\variants\arduino_due_x/libsam_sam3x8e_gcc_rel.a(pwmc.o)
                0x00081f38                PWMC_SetDutyCycle
 .text.PWMC_EnableChannel
                0x00081f80        0x8 C:\Users\monkey\Documents\Archivos\Programas\arduino-1.5.6\hardware\arduino\sam\variants\arduino_due_x/libsam_sam3x8e_gcc_rel.a(pwmc.o)
                0x00081f80                PWMC_EnableChannel
 .text.TC_Configure
                0x00081f88       0x38 C:\Users\monkey\Documents\Archivos\Programas\arduino-1.5.6\hardware\arduino\sam\variants\arduino_due_x/libsam_sam3x8e_gcc_rel.a(tc.o)
                0x00081f88                TC_Configure
 .text.TC_Start
                0x00081fc0       0x2c C:\Users\monkey\Documents\Archivos\Programas\arduino-1.5.6\hardware\arduino\sam\variants\arduino_due_x/libsam_sam3x8e_gcc_rel.a(tc.o)
                0x00081fc0                TC_Start
 .text.TC_SetRA
                0x00081fec        0x8 C:\Users\monkey\Documents\Archivos\Programas\arduino-1.5.6\hardware\arduino\sam\variants\arduino_due_x/libsam_sam3x8e_gcc_rel.a(tc.o)
                0x00081fec                TC_SetRA
 .text.TC_SetRB
                0x00081ff4        0x8 C:\Users\monkey\Documents\Archivos\Programas\arduino-1.5.6\hardware\arduino\sam\variants\arduino_due_x/libsam_sam3x8e_gcc_rel.a(tc.o)
                0x00081ff4                TC_SetRB
 .text.TC_SetRC
                0x00081ffc        0x8 C:\Users\monkey\Documents\Archivos\Programas\arduino-1.5.6\hardware\arduino\sam\variants\arduino_due_x/libsam_sam3x8e_gcc_rel.a(tc.o)
                0x00081ffc                TC_SetRC
 .text.TimeTick_Increment
                0x00082004       0x10 C:\Users\monkey\Documents\Archivos\Programas\arduino-1.5.6\hardware\arduino\sam\variants\arduino_due_x/libsam_sam3x8e_gcc_rel.a(timetick.o)
                0x00082004                TimeTick_Increment
 .text.GetTickCount
                0x00082014        0xc C:\Users\monkey\Documents\Archivos\Programas\arduino-1.5.6\hardware\arduino\sam\variants\arduino_due_x/libsam_sam3x8e_gcc_rel.a(timetick.o)
                0x00082014                GetTickCount
 .text.WDT_Disable
                0x00082020        0x8 C:\Users\monkey\Documents\Archivos\Programas\arduino-1.5.6\hardware\arduino\sam\variants\arduino_due_x/libsam_sam3x8e_gcc_rel.a(wdt.o)
                0x00082020                WDT_Disable
 .text.SystemInit
                0x00082028       0x9c C:\Users\monkey\Documents\Archivos\Programas\arduino-1.5.6\hardware\arduino\sam\variants\arduino_due_x/libsam_sam3x8e_gcc_rel.a(system_sam3xa.o)
                0x00082028                SystemInit
 .text.adc_init
                0x000820c4       0xa0 C:\Users\monkey\Documents\Archivos\Programas\arduino-1.5.6\hardware\arduino\sam\variants\arduino_due_x/libsam_sam3x8e_gcc_rel.a(adc.o)
                0x000820c4                adc_init
 .text.adc_configure_trigger
                0x00082164       0x10 C:\Users\monkey\Documents\Archivos\Programas\arduino-1.5.6\hardware\arduino\sam\variants\arduino_due_x/libsam_sam3x8e_gcc_rel.a(adc.o)
                0x00082164                adc_configure_trigger
 .text.adc_configure_timing
                0x00082174       0x1a C:\Users\monkey\Documents\Archivos\Programas\arduino-1.5.6\hardware\arduino\sam\variants\arduino_due_x/libsam_sam3x8e_gcc_rel.a(adc.o)
                0x00082174                adc_configure_timing
 .text.adc_disable_all_channel
                0x0008218e        0x8 C:\Users\monkey\Documents\Archivos\Programas\arduino-1.5.6\hardware\arduino\sam\variants\arduino_due_x/libsam_sam3x8e_gcc_rel.a(adc.o)
                0x0008218e                adc_disable_all_channel
 .text.adc_disable_interrupt
                0x00082196        0x4 C:\Users\monkey\Documents\Archivos\Programas\arduino-1.5.6\hardware\arduino\sam\variants\arduino_due_x/libsam_sam3x8e_gcc_rel.a(adc.o)
                0x00082196                adc_disable_interrupt
 *fill*         0x0008219a        0x2 00
 .text.UDD_SetStack
                0x0008219c        0xc C:\Users\monkey\Documents\Archivos\Programas\arduino-1.5.6\hardware\arduino\sam\variants\arduino_due_x/libsam_sam3x8e_gcc_rel.a(uotghs_device.o)
                0x0008219c                UDD_SetStack
 .text.UDD_Init
                0x000821a8       0xd0 C:\Users\monkey\Documents\Archivos\Programas\arduino-1.5.6\hardware\arduino\sam\variants\arduino_due_x/libsam_sam3x8e_gcc_rel.a(uotghs_device.o)
                0x000821a8                UDD_Init
 .text.UDD_Attach
                0x00082278       0x4c C:\Users\monkey\Documents\Archivos\Programas\arduino-1.5.6\hardware\arduino\sam\variants\arduino_due_x/libsam_sam3x8e_gcc_rel.a(uotghs_device.o)
                0x00082278                UDD_Attach
 .text.UDD_InitEP
                0x000822c4       0x30 C:\Users\monkey\Documents\Archivos\Programas\arduino-1.5.6\hardware\arduino\sam\variants\arduino_due_x/libsam_sam3x8e_gcc_rel.a(uotghs_device.o)
                0x000822c4                UDD_InitEP
 .text.UDD_InitEndpoints
                0x000822f4       0x3c C:\Users\monkey\Documents\Archivos\Programas\arduino-1.5.6\hardware\arduino\sam\variants\arduino_due_x/libsam_sam3x8e_gcc_rel.a(uotghs_device.o)
                0x000822f4                UDD_InitEndpoints
 .text.UDD_WaitIN
                0x00082330       0x14 C:\Users\monkey\Documents\Archivos\Programas\arduino-1.5.6\hardware\arduino\sam\variants\arduino_due_x/libsam_sam3x8e_gcc_rel.a(uotghs_device.o)
                0x00082330                UDD_WaitIN
 .text.UDD_WaitOUT
                0x00082344       0x14 C:\Users\monkey\Documents\Archivos\Programas\arduino-1.5.6\hardware\arduino\sam\variants\arduino_due_x/libsam_sam3x8e_gcc_rel.a(uotghs_device.o)
                0x00082344                UDD_WaitOUT
 .text.UDD_ClearIN
                0x00082358       0x18 C:\Users\monkey\Documents\Archivos\Programas\arduino-1.5.6\hardware\arduino\sam\variants\arduino_due_x/libsam_sam3x8e_gcc_rel.a(uotghs_device.o)
                0x00082358                UDD_ClearIN
 .text.UDD_ClearOUT
                0x00082370       0x18 C:\Users\monkey\Documents\Archivos\Programas\arduino-1.5.6\hardware\arduino\sam\variants\arduino_due_x/libsam_sam3x8e_gcc_rel.a(uotghs_device.o)
                0x00082370                UDD_ClearOUT
 .text.UDD_ReceivedSetupInt
                0x00082388       0x10 C:\Users\monkey\Documents\Archivos\Programas\arduino-1.5.6\hardware\arduino\sam\variants\arduino_due_x/libsam_sam3x8e_gcc_rel.a(uotghs_device.o)
                0x00082388                UDD_ReceivedSetupInt
 .text.UDD_ClearSetupInt
                0x00082398       0x10 C:\Users\monkey\Documents\Archivos\Programas\arduino-1.5.6\hardware\arduino\sam\variants\arduino_due_x/libsam_sam3x8e_gcc_rel.a(uotghs_device.o)
                0x00082398                UDD_ClearSetupInt
 .text.UDD_Send
                0x000823a8       0x90 C:\Users\monkey\Documents\Archivos\Programas\arduino-1.5.6\hardware\arduino\sam\variants\arduino_due_x/libsam_sam3x8e_gcc_rel.a(uotghs_device.o)
                0x000823a8                UDD_Send
 .text.UDD_Send8
                0x00082438       0x28 C:\Users\monkey\Documents\Archivos\Programas\arduino-1.5.6\hardware\arduino\sam\variants\arduino_due_x/libsam_sam3x8e_gcc_rel.a(uotghs_device.o)
                0x00082438                UDD_Send8
 .text.UDD_Recv8
                0x00082460       0x28 C:\Users\monkey\Documents\Archivos\Programas\arduino-1.5.6\hardware\arduino\sam\variants\arduino_due_x/libsam_sam3x8e_gcc_rel.a(uotghs_device.o)
                0x00082460                UDD_Recv8
 .text.UDD_Recv
                0x00082488       0x34 C:\Users\monkey\Documents\Archivos\Programas\arduino-1.5.6\hardware\arduino\sam\variants\arduino_due_x/libsam_sam3x8e_gcc_rel.a(uotghs_device.o)
                0x00082488                UDD_Recv
 .text.UDD_Stall
                0x000824bc       0x14 C:\Users\monkey\Documents\Archivos\Programas\arduino-1.5.6\hardware\arduino\sam\variants\arduino_due_x/libsam_sam3x8e_gcc_rel.a(uotghs_device.o)
                0x000824bc                UDD_Stall
 .text.UDD_FifoByteCount
                0x000824d0       0x1c C:\Users\monkey\Documents\Archivos\Programas\arduino-1.5.6\hardware\arduino\sam\variants\arduino_due_x/libsam_sam3x8e_gcc_rel.a(uotghs_device.o)
                0x000824d0                UDD_FifoByteCount
 .text.UDD_ReleaseRX
                0x000824ec       0x2c C:\Users\monkey\Documents\Archivos\Programas\arduino-1.5.6\hardware\arduino\sam\variants\arduino_due_x/libsam_sam3x8e_gcc_rel.a(uotghs_device.o)
                0x000824ec                UDD_ReleaseRX
 .text.UDD_ReleaseTX
                0x00082518       0x2c C:\Users\monkey\Documents\Archivos\Programas\arduino-1.5.6\hardware\arduino\sam\variants\arduino_due_x/libsam_sam3x8e_gcc_rel.a(uotghs_device.o)
                0x00082518                UDD_ReleaseTX
 .text.UDD_SetAddress
                0x00082544       0x20 C:\Users\monkey\Documents\Archivos\Programas\arduino-1.5.6\hardware\arduino\sam\variants\arduino_due_x/libsam_sam3x8e_gcc_rel.a(uotghs_device.o)
                0x00082544                UDD_SetAddress
 .text.dacc_reset
                0x00082564        0x6 C:\Users\monkey\Documents\Archivos\Programas\arduino-1.5.6\hardware\arduino\sam\variants\arduino_due_x/libsam_sam3x8e_gcc_rel.a(dacc.o)
                0x00082564                dacc_reset
 .text.dacc_set_transfer_mode
                0x0008256a       0x16 C:\Users\monkey\Documents\Archivos\Programas\arduino-1.5.6\hardware\arduino\sam\variants\arduino_due_x/libsam_sam3x8e_gcc_rel.a(dacc.o)
                0x0008256a                dacc_set_transfer_mode
 .text.dacc_get_interrupt_status
                0x00082580        0x4 C:\Users\monkey\Documents\Archivos\Programas\arduino-1.5.6\hardware\arduino\sam\variants\arduino_due_x/libsam_sam3x8e_gcc_rel.a(dacc.o)
                0x00082580                dacc_get_interrupt_status
 .text.dacc_write_conversion_data
                0x00082584        0x4 C:\Users\monkey\Documents\Archivos\Programas\arduino-1.5.6\hardware\arduino\sam\variants\arduino_due_x/libsam_sam3x8e_gcc_rel.a(dacc.o)
                0x00082584                dacc_write_conversion_data
 .text.dacc_set_channel_selection
                0x00082588       0x18 C:\Users\monkey\Documents\Archivos\Programas\arduino-1.5.6\hardware\arduino\sam\variants\arduino_due_x/libsam_sam3x8e_gcc_rel.a(dacc.o)
                0x00082588                dacc_set_channel_selection
 .text.dacc_set_power_save
                0x000825a0       0x28 C:\Users\monkey\Documents\Archivos\Programas\arduino-1.5.6\hardware\arduino\sam\variants\arduino_due_x/libsam_sam3x8e_gcc_rel.a(dacc.o)
                0x000825a0                dacc_set_power_save
 .text.dacc_set_timing
                0x000825c8       0x30 C:\Users\monkey\Documents\Archivos\Programas\arduino-1.5.6\hardware\arduino\sam\variants\arduino_due_x/libsam_sam3x8e_gcc_rel.a(dacc.o)
                0x000825c8                dacc_set_timing
 .text.dacc_enable_channel
                0x000825f8       0x14 C:\Users\monkey\Documents\Archivos\Programas\arduino-1.5.6\hardware\arduino\sam\variants\arduino_due_x/libsam_sam3x8e_gcc_rel.a(dacc.o)
                0x000825f8                dacc_enable_channel
 .text.dacc_get_channel_status
                0x0008260c        0x4 C:\Users\monkey\Documents\Archivos\Programas\arduino-1.5.6\hardware\arduino\sam\variants\arduino_due_x/libsam_sam3x8e_gcc_rel.a(dacc.o)
                0x0008260c                dacc_get_channel_status
 .text.dacc_set_analog_control
                0x00082610        0x8 C:\Users\monkey\Documents\Archivos\Programas\arduino-1.5.6\hardware\arduino\sam\variants\arduino_due_x/libsam_sam3x8e_gcc_rel.a(dacc.o)
                0x00082610                dacc_set_analog_control
 .text          0x00082618       0x54 c:/users/monkey/documents/archivos/programas/arduino-1.5.6/hardware/tools/g++_arm_none_eabi/bin/../lib/gcc/arm-none-eabi/4.4.1/../../../../arm-none-eabi/lib/thumb2\libc.a(lib_a-assert.o)
                0x00082618                __assert_func
                0x00082660                __assert
 .text          0x0008266c       0x4c c:/users/monkey/documents/archivos/programas/arduino-1.5.6/hardware/tools/g++_arm_none_eabi/bin/../lib/gcc/arm-none-eabi/4.4.1/../../../../arm-none-eabi/lib/thumb2\libc.a(lib_a-fiprintf.o)
                0x0008266c                fiprintf
                0x00082698                _fiprintf_r
 .text          0x000826b8       0x50 c:/users/monkey/documents/archivos/programas/arduino-1.5.6/hardware/tools/g++_arm_none_eabi/bin/../lib/gcc/arm-none-eabi/4.4.1/../../../../arm-none-eabi/lib/thumb2\libc.a(lib_a-init.o)
                0x000826b8                __libc_init_array
 .text          0x00082708       0x64 c:/users/monkey/documents/archivos/programas/arduino-1.5.6/hardware/tools/g++_arm_none_eabi/bin/../lib/gcc/arm-none-eabi/4.4.1/../../../../arm-none-eabi/lib/thumb2\libc.a(lib_a-iprintf.o)
                0x00082708                _iprintf_r
                0x00082734                iprintf
 .text          0x0008276c       0xd4 c:/users/monkey/documents/archivos/programas/arduino-1.5.6/hardware/tools/g++_arm_none_eabi/bin/../lib/gcc/arm-none-eabi/4.4.1/../../../../arm-none-eabi/lib/thumb2\libc.a(lib_a-memset.o)
                0x0008276c                memset
 .text          0x00082840       0x60 c:/users/monkey/documents/archivos/programas/arduino-1.5.6/hardware/tools/g++_arm_none_eabi/bin/../lib/gcc/arm-none-eabi/4.4.1/../../../../arm-none-eabi/lib/thumb2\libc.a(lib_a-strlen.o)
                0x00082840                strlen
 .text          0x000828a0      0xd38 c:/users/monkey/documents/archivos/programas/arduino-1.5.6/hardware/tools/g++_arm_none_eabi/bin/../lib/gcc/arm-none-eabi/4.4.1/../../../../arm-none-eabi/lib/thumb2\libc.a(lib_a-vfiprintf.o)
                0x000828bc                _vfiprintf_r
                0x000835bc                vfiprintf
 .text          0x000835d8      0x104 c:/users/monkey/documents/archivos/programas/arduino-1.5.6/hardware/tools/g++_arm_none_eabi/bin/../lib/gcc/arm-none-eabi/4.4.1/../../../../arm-none-eabi/lib/thumb2\libc.a(lib_a-wsetup.o)
                0x000835d8                __swsetup_r
 .text          0x000836dc       0x10 c:/users/monkey/documents/archivos/programas/arduino-1.5.6/hardware/tools/g++_arm_none_eabi/bin/../lib/gcc/arm-none-eabi/4.4.1/../../../../arm-none-eabi/lib/thumb2\libc.a(lib_a-abort.o)
                0x000836dc                abort
 .text          0x000836ec      0x178 c:/users/monkey/documents/archivos/programas/arduino-1.5.6/hardware/tools/g++_arm_none_eabi/bin/../lib/gcc/arm-none-eabi/4.4.1/../../../../arm-none-eabi/lib/thumb2\libc.a(lib_a-fflush.o)
                0x000836ec                _fflush_r
                0x0008383c                fflush
 .text          0x00083864      0x1c8 c:/users/monkey/documents/archivos/programas/arduino-1.5.6/hardware/tools/g++_arm_none_eabi/bin/../lib/gcc/arm-none-eabi/4.4.1/../../../../arm-none-eabi/lib/thumb2\libc.a(lib_a-findfp.o)
                0x00083864                __sfp_lock_acquire
                0x00083868                __sfp_lock_release
                0x0008386c                __sinit_lock_acquire
                0x00083870                __sinit_lock_release
                0x0008387c                __fp_unlock_all
                0x00083894                __fp_lock_all
                0x000838ac                _cleanup_r
                0x000838b8                _cleanup
                0x00083914                __sfmoreglue
                0x00083944                __sfp
                0x000839cc                __sinit
 .text          0x00083a2c      0x268 c:/users/monkey/documents/archivos/programas/arduino-1.5.6/hardware/tools/g++_arm_none_eabi/bin/../lib/gcc/arm-none-eabi/4.4.1/../../../../arm-none-eabi/lib/thumb2\libc.a(lib_a-freer.o)
                0x00083a2c                _malloc_trim_r
                0x00083ad4                _free_r
 .text          0x00083c94      0x334 c:/users/monkey/documents/archivos/programas/arduino-1.5.6/hardware/tools/g++_arm_none_eabi/bin/../lib/gcc/arm-none-eabi/4.4.1/../../../../arm-none-eabi/lib/thumb2\libc.a(lib_a-fvwrite.o)
                0x00083c94                __sfvwrite_r
 .text          0x00083fc8       0xa0 c:/users/monkey/documents/archivos/programas/arduino-1.5.6/hardware/tools/g++_arm_none_eabi/bin/../lib/gcc/arm-none-eabi/4.4.1/../../../../arm-none-eabi/lib/thumb2\libc.a(lib_a-fwalk.o)
                0x00083fc8                _fwalk_reent
                0x0008401c                _fwalk
 .text          0x00084068       0xdc c:/users/monkey/documents/archivos/programas/arduino-1.5.6/hardware/tools/g++_arm_none_eabi/bin/../lib/gcc/arm-none-eabi/4.4.1/../../../../arm-none-eabi/lib/thumb2\libc.a(lib_a-makebuf.o)
                0x00084068                __smakebuf_r
 .text          0x00084144      0x5a4 c:/users/monkey/documents/archivos/programas/arduino-1.5.6/hardware/tools/g++_arm_none_eabi/bin/../lib/gcc/arm-none-eabi/4.4.1/../../../../arm-none-eabi/lib/thumb2\libc.a(lib_a-mallocr.o)
                0x00084144                _malloc_r
 .text          0x000846e8       0x74 c:/users/monkey/documents/archivos/programas/arduino-1.5.6/hardware/tools/g++_arm_none_eabi/bin/../lib/gcc/arm-none-eabi/4.4.1/../../../../arm-none-eabi/lib/thumb2\libc.a(lib_a-memchr.o)
                0x000846e8                memchr
 .text          0x0008475c      0x190 c:/users/monkey/documents/archivos/programas/arduino-1.5.6/hardware/tools/g++_arm_none_eabi/bin/../lib/gcc/arm-none-eabi/4.4.1/../../../../arm-none-eabi/lib/thumb2\libc.a(lib_a-memcpy.o)
                0x0008475c                memcpy
 .text          0x000848ec       0xb8 c:/users/monkey/documents/archivos/programas/arduino-1.5.6/hardware/tools/g++_arm_none_eabi/bin/../lib/gcc/arm-none-eabi/4.4.1/../../../../arm-none-eabi/lib/thumb2\libc.a(lib_a-memmove.o)
                0x000848ec                memmove
 .text          0x000849a4        0x8 c:/users/monkey/documents/archivos/programas/arduino-1.5.6/hardware/tools/g++_arm_none_eabi/bin/../lib/gcc/arm-none-eabi/4.4.1/../../../../arm-none-eabi/lib/thumb2\libc.a(lib_a-mlock.o)
                0x000849a4                __malloc_lock
                0x000849a8                __malloc_unlock
 .text          0x000849ac      0x3b4 c:/users/monkey/documents/archivos/programas/arduino-1.5.6/hardware/tools/g++_arm_none_eabi/bin/../lib/gcc/arm-none-eabi/4.4.1/../../../../arm-none-eabi/lib/thumb2\libc.a(lib_a-reallocr.o)
                0x000849ac                _realloc_r
 .text          0x00084d60       0x28 c:/users/monkey/documents/archivos/programas/arduino-1.5.6/hardware/tools/g++_arm_none_eabi/bin/../lib/gcc/arm-none-eabi/4.4.1/../../../../arm-none-eabi/lib/thumb2\libc.a(lib_a-sbrkr.o)
                0x00084d60                _sbrk_r
 .text          0x00084d88      0x14c c:/users/monkey/documents/archivos/programas/arduino-1.5.6/hardware/tools/g++_arm_none_eabi/bin/../lib/gcc/arm-none-eabi/4.4.1/../../../../arm-none-eabi/lib/thumb2\libc.a(lib_a-signal.o)
                0x00084d88                _raise_r
                0x00084de0                raise
                0x00084df0                _init_signal_r
                0x00084e18                _init_signal
                0x00084e24                __sigtramp_r
                0x00084e78                __sigtramp
                0x00084e88                _signal_r
                0x00084ec4                signal
 .text          0x00084ed4       0x30 c:/users/monkey/documents/archivos/programas/arduino-1.5.6/hardware/tools/g++_arm_none_eabi/bin/../lib/gcc/arm-none-eabi/4.4.1/../../../../arm-none-eabi/lib/thumb2\libc.a(lib_a-signalr.o)
                0x00084ed4                _getpid_r
                0x00084ed8                _kill_r
 .text          0x00084f04       0x90 c:/users/monkey/documents/archivos/programas/arduino-1.5.6/hardware/tools/g++_arm_none_eabi/bin/../lib/gcc/arm-none-eabi/4.4.1/../../../../arm-none-eabi/lib/thumb2\libc.a(lib_a-stdio.o)
                0x00084f04                __sclose
                0x00084f0c                __sseek
                0x00084f34                __swrite
                0x00084f70                __sread
 .text          0x00084f94       0x2c c:/users/monkey/documents/archivos/programas/arduino-1.5.6/hardware/tools/g++_arm_none_eabi/bin/../lib/gcc/arm-none-eabi/4.4.1/../../../../arm-none-eabi/lib/thumb2\libc.a(lib_a-writer.o)
                0x00084f94                _write_r
 .text          0x00084fc0       0x28 c:/users/monkey/documents/archivos/programas/arduino-1.5.6/hardware/tools/g++_arm_none_eabi/bin/../lib/gcc/arm-none-eabi/4.4.1/../../../../arm-none-eabi/lib/thumb2\libc.a(lib_a-closer.o)
                0x00084fc0                _close_r
 .text          0x00084fe8       0xcc c:/users/monkey/documents/archivos/programas/arduino-1.5.6/hardware/tools/g++_arm_none_eabi/bin/../lib/gcc/arm-none-eabi/4.4.1/../../../../arm-none-eabi/lib/thumb2\libc.a(lib_a-fclose.o)
                0x00084fe8                _fclose_r
                0x000850a4                fclose
 .text          0x000850b4       0x2c c:/users/monkey/documents/archivos/programas/arduino-1.5.6/hardware/tools/g++_arm_none_eabi/bin/../lib/gcc/arm-none-eabi/4.4.1/../../../../arm-none-eabi/lib/thumb2\libc.a(lib_a-fstatr.o)
                0x000850b4                _fstat_r
 .text          0x000850e0       0x28 c:/users/monkey/documents/archivos/programas/arduino-1.5.6/hardware/tools/g++_arm_none_eabi/bin/../lib/gcc/arm-none-eabi/4.4.1/../../../../arm-none-eabi/lib/thumb2\libc.a(lib_a-isattyr.o)
                0x000850e0                _isatty_r
 .text          0x00085108       0x2c c:/users/monkey/documents/archivos/programas/arduino-1.5.6/hardware/tools/g++_arm_none_eabi/bin/../lib/gcc/arm-none-eabi/4.4.1/../../../../arm-none-eabi/lib/thumb2\libc.a(lib_a-lseekr.o)
                0x00085108                _lseek_r
 .text          0x00085134       0x2c c:/users/monkey/documents/archivos/programas/arduino-1.5.6/hardware/tools/g++_arm_none_eabi/bin/../lib/gcc/arm-none-eabi/4.4.1/../../../../arm-none-eabi/lib/thumb2\libc.a(lib_a-readr.o)
                0x00085134                _read_r
 .text          0x00085160       0x2c c:/users/monkey/documents/archivos/programas/arduino-1.5.6/hardware/tools/g++_arm_none_eabi/bin/../lib/gcc/arm-none-eabi/4.4.1/thumb2\libgcc.a(_aeabi_uldivmod.o)
                0x00085160                __aeabi_uldivmod
 .text          0x0008518c       0x58 c:/users/monkey/documents/archivos/programas/arduino-1.5.6/hardware/tools/g++_arm_none_eabi/bin/../lib/gcc/arm-none-eabi/4.4.1/thumb2\libgcc.a(bpabi.o)
                0x0008518c                __gnu_uldivmod_helper
                0x000851b8                __gnu_ldivmod_helper
 .text          0x000851e4        0x4 c:/users/monkey/documents/archivos/programas/arduino-1.5.6/hardware/tools/g++_arm_none_eabi/bin/../lib/gcc/arm-none-eabi/4.4.1/thumb2\libgcc.a(_dvmd_tls.o)
                0x000851e4                __aeabi_idiv0
                0x000851e4                __aeabi_ldiv0
 .text          0x000851e8      0x364 c:/users/monkey/documents/archivos/programas/arduino-1.5.6/hardware/tools/g++_arm_none_eabi/bin/../lib/gcc/arm-none-eabi/4.4.1/thumb2\libgcc.a(_divdi3.o)
                0x000851e8                __divdi3
 .text          0x0008554c      0x300 c:/users/monkey/documents/archivos/programas/arduino-1.5.6/hardware/tools/g++_arm_none_eabi/bin/../lib/gcc/arm-none-eabi/4.4.1/thumb2\libgcc.a(_udivdi3.o)
                0x0008554c                __udivdi3
 *fill*         0x0008584c        0x4 00
 .text          0x00085850      0x278 c:/users/monkey/documents/archivos/programas/arduino-1.5.6/hardware/tools/g++_arm_none_eabi/bin/../lib/gcc/arm-none-eabi/4.4.1/thumb2\libgcc.a(_udivsi3.o)
                0x00085850                __aeabi_uidiv
                0x00085850                __udivsi3
                0x00085aac                __aeabi_uidivmod
 *(.glue_7t)
 .glue_7t       0x00000000        0x0 linker stubs
 *(.glue_7)
 .glue_7        0x00000000        0x0 linker stubs
 *(.rodata .rodata* .gnu.linkonce.r.*)
 .rodata.str1.1
                0x00085ac8       0x19 C:\Users\monkey\AppData\Local\VMicro\Arduino\Builds\Arduino\arduino_due_x_dbg/syscalls_sam3.c.o
 *fill*         0x00085ae1        0x3 00
 .rodata._ZZ5setupE4C.43
                0x00085ae4       0x18 C:\Users\monkey\AppData\Local\VMicro\Arduino\Builds\Arduino\arduino_due_x_dbg\Arduino.cpp.o
 .rodata._ZZ5setupE4C.40
                0x00085afc        0xc C:\Users\monkey\AppData\Local\VMicro\Arduino\Builds\Arduino\arduino_due_x_dbg\Arduino.cpp.o
 .rodata._ZZ5setupE4C.41
                0x00085b08       0x18 C:\Users\monkey\AppData\Local\VMicro\Arduino\Builds\Arduino\arduino_due_x_dbg\Arduino.cpp.o
 .rodata._ZZ5setupE4C.38
                0x00085b20       0x10 C:\Users\monkey\AppData\Local\VMicro\Arduino\Builds\Arduino\arduino_due_x_dbg\Arduino.cpp.o
 .rodata._ZZ5setupE4C.39
                0x00085b30        0xc C:\Users\monkey\AppData\Local\VMicro\Arduino\Builds\Arduino\arduino_due_x_dbg\Arduino.cpp.o
 .rodata.channelToChNo.6905
                0x00085b3c       0x48 C:\Users\monkey\AppData\Local\VMicro\Arduino\Builds\Arduino\arduino_due_x_dbg/core.a(wiring_analog.c.o)
 .rodata.channelToId.6908
                0x00085b84       0x48 C:\Users\monkey\AppData\Local\VMicro\Arduino\Builds\Arduino\arduino_due_x_dbg/core.a(wiring_analog.c.o)
 .rodata.channelToTC.6907
                0x00085bcc       0x48 C:\Users\monkey\AppData\Local\VMicro\Arduino\Builds\Arduino\arduino_due_x_dbg/core.a(wiring_analog.c.o)
 .rodata.channelToAB.6906
                0x00085c14       0x48 C:\Users\monkey\AppData\Local\VMicro\Arduino\Builds\Arduino\arduino_due_x_dbg/core.a(wiring_analog.c.o)
 *fill*         0x00085c5c        0x4 00
 .rodata._ZTV9UARTClass
                0x00085c60       0x30 C:\Users\monkey\AppData\Local\VMicro\Arduino\Builds\Arduino\arduino_due_x_dbg/core.a(UARTClass.cpp.o)
                0x00085c60                vtable for UARTClass
 .rodata.USB_DeviceDescriptorA
                0x00085c90       0x14 C:\Users\monkey\AppData\Local\VMicro\Arduino\Builds\Arduino\arduino_due_x_dbg/core.a(USBCore.cpp.o)
                0x00085c90                USB_DeviceDescriptorA
 .rodata.USB_DeviceDescriptor
                0x00085ca4       0x14 C:\Users\monkey\AppData\Local\VMicro\Arduino\Builds\Arduino\arduino_due_x_dbg/core.a(USBCore.cpp.o)
                0x00085ca4                USB_DeviceDescriptor
 .rodata._ZL9EndPoints
                0x00085cb8       0x14 C:\Users\monkey\AppData\Local\VMicro\Arduino\Builds\Arduino\arduino_due_x_dbg/core.a(USBCore.cpp.o)
 .rodata.STRING_LANGUAGE
                0x00085ccc        0x4 C:\Users\monkey\AppData\Local\VMicro\Arduino\Builds\Arduino\arduino_due_x_dbg/core.a(USBCore.cpp.o)
                0x00085ccc                STRING_LANGUAGE
 .rodata._ZL18test_packet_buffer
                0x00085cd0       0x38 C:\Users\monkey\AppData\Local\VMicro\Arduino\Builds\Arduino\arduino_due_x_dbg/core.a(USBCore.cpp.o)
 .rodata.STRING_PRODUCT
                0x00085d08        0xc C:\Users\monkey\AppData\Local\VMicro\Arduino\Builds\Arduino\arduino_due_x_dbg/core.a(USBCore.cpp.o)
                0x00085d08                STRING_PRODUCT
 .rodata.STRING_MANUFACTURER
                0x00085d14        0xc C:\Users\monkey\AppData\Local\VMicro\Arduino\Builds\Arduino\arduino_due_x_dbg/core.a(USBCore.cpp.o)
                0x00085d14                STRING_MANUFACTURER
 .rodata._ZL19USB_DeviceQualifier
                0x00085d20       0x14 C:\Users\monkey\AppData\Local\VMicro\Arduino\Builds\Arduino\arduino_due_x_dbg/core.a(USBCore.cpp.o)
 .rodata.g_APinDescription
                0x00085d34      0xa2c C:\Users\monkey\AppData\Local\VMicro\Arduino\Builds\Arduino\arduino_due_x_dbg/core.a(variant.cpp.o)
                0x00085d34                g_APinDescription
 .rodata._ZTV10USARTClass
                0x00086760       0x30 C:\Users\monkey\AppData\Local\VMicro\Arduino\Builds\Arduino\arduino_due_x_dbg/core.a(USARTClass.cpp.o)
                0x00086760                vtable for USARTClass
 .rodata._ZTV7Serial_
                0x00086790       0x28 C:\Users\monkey\AppData\Local\VMicro\Arduino\Builds\Arduino\arduino_due_x_dbg/core.a(CDC.cpp.o)
                0x00086790                vtable for Serial_
 .rodata._ZL18_cdcOtherInterface
                0x000867b8       0x44 C:\Users\monkey\AppData\Local\VMicro\Arduino\Builds\Arduino\arduino_due_x_dbg/core.a(CDC.cpp.o)
 .rodata._ZL13_cdcInterface
                0x000867fc       0x44 C:\Users\monkey\AppData\Local\VMicro\Arduino\Builds\Arduino\arduino_due_x_dbg/core.a(CDC.cpp.o)
 .rodata._ZTV9Keyboard_
                0x00086840       0x20 C:\Users\monkey\AppData\Local\VMicro\Arduino\Builds\Arduino\arduino_due_x_dbg/core.a(HID.cpp.o)
                0x00086840                vtable for Keyboard_
 .rodata._asciimap
                0x00086860       0x80 C:\Users\monkey\AppData\Local\VMicro\Arduino\Builds\Arduino\arduino_due_x_dbg/core.a(HID.cpp.o)
                0x00086860                _asciimap
 .rodata._hidInterface
                0x000868e0       0x1c C:\Users\monkey\AppData\Local\VMicro\Arduino\Builds\Arduino\arduino_due_x_dbg/core.a(HID.cpp.o)
                0x000868e0                _hidInterface
 .rodata._hidReportDescriptor
                0x000868fc       0x68 C:\Users\monkey\AppData\Local\VMicro\Arduino\Builds\Arduino\arduino_due_x_dbg/core.a(HID.cpp.o)
                0x000868fc                _hidReportDescriptor
 .rodata.__func__.6668
                0x00086964       0x15 C:\Users\monkey\Documents\Archivos\Programas\arduino-1.5.6\hardware\arduino\sam\variants\arduino_due_x/libsam_sam3x8e_gcc_rel.a(pwmc.o)
 .rodata.str1.1
                0x00086979      0x1cc C:\Users\monkey\Documents\Archivos\Programas\arduino-1.5.6\hardware\arduino\sam\variants\arduino_due_x/libsam_sam3x8e_gcc_rel.a(pwmc.o)
 .rodata.__func__.6679
                0x00086b45       0x12 C:\Users\monkey\Documents\Archivos\Programas\arduino-1.5.6\hardware\arduino\sam\variants\arduino_due_x/libsam_sam3x8e_gcc_rel.a(pwmc.o)
 .rodata.__func__.6631
                0x00086b57       0x17 C:\Users\monkey\Documents\Archivos\Programas\arduino-1.5.6\hardware\arduino\sam\variants\arduino_due_x/libsam_sam3x8e_gcc_rel.a(pwmc.o)
 *fill*         0x00086b6e        0x2 00
 .rodata.C.9.8049
                0x00086b70       0x2c C:\Users\monkey\Documents\Archivos\Programas\arduino-1.5.6\hardware\arduino\sam\variants\arduino_due_x/libsam_sam3x8e_gcc_rel.a(pwmc.o)
 .rodata.__func__.6642
                0x00086b9c       0x16 C:\Users\monkey\Documents\Archivos\Programas\arduino-1.5.6\hardware\arduino\sam\variants\arduino_due_x/libsam_sam3x8e_gcc_rel.a(pwmc.o)
 .rodata.str1.1
                0x00086bb2       0x54 C:\Users\monkey\Documents\Archivos\Programas\arduino-1.5.6\hardware\arduino\sam\variants\arduino_due_x/libsam_sam3x8e_gcc_rel.a(tc.o)
 .rodata.__func__.6630
                0x00086c06        0xd C:\Users\monkey\Documents\Archivos\Programas\arduino-1.5.6\hardware\arduino\sam\variants\arduino_due_x/libsam_sam3x8e_gcc_rel.a(tc.o)
 .rodata.__func__.6636
                0x00086c13        0x9 C:\Users\monkey\Documents\Archivos\Programas\arduino-1.5.6\hardware\arduino\sam\variants\arduino_due_x/libsam_sam3x8e_gcc_rel.a(tc.o)
 .rodata.C.0.8141
                0x00086c1c       0x40 C:\Users\monkey\Documents\Archivos\Programas\arduino-1.5.6\hardware\arduino\sam\variants\arduino_due_x/libsam_sam3x8e_gcc_rel.a(adc.o)
 .rodata.str1.4
                0x00086c5c       0x3f c:/users/monkey/documents/archivos/programas/arduino-1.5.6/hardware/tools/g++_arm_none_eabi/bin/../lib/gcc/arm-none-eabi/4.4.1/../../../../arm-none-eabi/lib/thumb2\libc.a(lib_a-assert.o)
                                 0x44 (size before relaxing)
 *fill*         0x00086c9b        0x1 00
 .rodata        0x00086c9c        0x4 c:/users/monkey/documents/archivos/programas/arduino-1.5.6/hardware/tools/g++_arm_none_eabi/bin/../lib/gcc/arm-none-eabi/4.4.1/../../../../arm-none-eabi/lib/thumb2\libc.a(lib_a-impure.o)
                0x00086c9c                _global_impure_ptr
 .rodata.str1.4
                0x00086ca0        0x2 c:/users/monkey/documents/archivos/programas/arduino-1.5.6/hardware/tools/g++_arm_none_eabi/bin/../lib/gcc/arm-none-eabi/4.4.1/../../../../arm-none-eabi/lib/thumb2\libc.a(lib_a-impure.o)
                                  0x4 (size before relaxing)
 *fill*         0x00086ca2        0x2 00
 .rodata        0x00086ca4       0x20 c:/users/monkey/documents/archivos/programas/arduino-1.5.6/hardware/tools/g++_arm_none_eabi/bin/../lib/gcc/arm-none-eabi/4.4.1/../../../../arm-none-eabi/lib/thumb2\libc.a(lib_a-vfiprintf.o)
 .rodata.str1.4
                0x00086cc4       0x30 c:/users/monkey/documents/archivos/programas/arduino-1.5.6/hardware/tools/g++_arm_none_eabi/bin/../lib/gcc/arm-none-eabi/4.4.1/../../../../arm-none-eabi/lib/thumb2\libc.a(lib_a-vfiprintf.o)
 .rodata        0x00086cf4       0x60 c:/users/monkey/documents/archivos/programas/arduino-1.5.6/hardware/tools/g++_arm_none_eabi/bin/../lib/gcc/arm-none-eabi/4.4.1/../../../../arm-none-eabi/lib/thumb2\libc.a(lib_a-findfp.o)
                0x00086cf4                __sf_fake_stdin
                0x00086d14                __sf_fake_stdout
                0x00086d34                __sf_fake_stderr
 *(.ARM.extab* .gnu.linkonce.armextab.*)
                0x00086d54                . = ALIGN (0x4)
 *(.init)
 .init          0x00086d54        0x4 c:/users/monkey/documents/archivos/programas/arduino-1.5.6/hardware/tools/g++_arm_none_eabi/bin/../lib/gcc/arm-none-eabi/4.4.1/thumb2/crti.o
                0x00086d54                _init
 .init          0x00086d58        0x8 c:/users/monkey/documents/archivos/programas/arduino-1.5.6/hardware/tools/g++_arm_none_eabi/bin/../lib/gcc/arm-none-eabi/4.4.1/thumb2/crtn.o
                0x00086d60                . = ALIGN (0x4)
                0x00086d60                __preinit_array_start = .
 *(.preinit_array)
                0x00086d60                __preinit_array_end = .
                0x00086d60                . = ALIGN (0x4)
                0x00086d60                __init_array_start = .
 *(SORT(.init_array.*))
 *(.init_array)
 .init_array    0x00086d60        0x4 c:/users/monkey/documents/archivos/programas/arduino-1.5.6/hardware/tools/g++_arm_none_eabi/bin/../lib/gcc/arm-none-eabi/4.4.1/thumb2/crtbegin.o
 .init_array    0x00086d64        0x4 C:\Users\monkey\AppData\Local\VMicro\Arduino\Builds\Arduino\arduino_due_x_dbg/core.a(USBCore.cpp.o)
 .init_array    0x00086d68        0x4 C:\Users\monkey\AppData\Local\VMicro\Arduino\Builds\Arduino\arduino_due_x_dbg/core.a(variant.cpp.o)
 .init_array    0x00086d6c        0x4 C:\Users\monkey\AppData\Local\VMicro\Arduino\Builds\Arduino\arduino_due_x_dbg/core.a(CDC.cpp.o)
 .init_array    0x00086d70        0x4 C:\Users\monkey\AppData\Local\VMicro\Arduino\Builds\Arduino\arduino_due_x_dbg/core.a(HID.cpp.o)
                0x00086d74                __init_array_end = .
                0x00086d74                . = ALIGN (0x4)
 *crtbegin.o(.ctors)
 *(EXCLUDE_FILE(*crtend.o) .ctors)
 *(SORT(.ctors.*))
 *crtend.o(.ctors)
                0x00086d74                . = ALIGN (0x4)
 *(.fini)
 .fini          0x00086d74        0x4 c:/users/monkey/documents/archivos/programas/arduino-1.5.6/hardware/tools/g++_arm_none_eabi/bin/../lib/gcc/arm-none-eabi/4.4.1/thumb2/crti.o
                0x00086d74                _fini
 .fini          0x00086d78        0x8 c:/users/monkey/documents/archivos/programas/arduino-1.5.6/hardware/tools/g++_arm_none_eabi/bin/../lib/gcc/arm-none-eabi/4.4.1/thumb2/crtn.o
                0x00086d80                . = ALIGN (0x4)
                0x00086d80                __fini_array_start = .
 *(.fini_array)
 .fini_array    0x00086d80        0x4 c:/users/monkey/documents/archivos/programas/arduino-1.5.6/hardware/tools/g++_arm_none_eabi/bin/../lib/gcc/arm-none-eabi/4.4.1/thumb2/crtbegin.o
 *(SORT(.fini_array.*))
                0x00086d84                __fini_array_end = .
 *crtbegin.o(.dtors)
 *(EXCLUDE_FILE(*crtend.o) .dtors)
 *(SORT(.dtors.*))
 *crtend.o(.dtors)
                0x00086d84                . = ALIGN (0x4)
                0x00086d84                _efixed = .
                0x00086d84                PROVIDE (__exidx_start, .)

.jcr            0x00086d84        0x0
 .jcr           0x00086d84        0x0 c:/users/monkey/documents/archivos/programas/arduino-1.5.6/hardware/tools/g++_arm_none_eabi/bin/../lib/gcc/arm-none-eabi/4.4.1/thumb2/crtbegin.o

.vfp11_veneer   0x00086d84        0x0
 .vfp11_veneer  0x00000000        0x0 linker stubs

.v4_bx          0x00086d84        0x0
 .v4_bx         0x00000000        0x0 linker stubs

.ARM.exidx      0x00086d84        0x8
 *(.ARM.exidx* .gnu.linkonce.armexidx.*)
 .ARM.exidx     0x00086d84        0x8 c:/users/monkey/documents/archivos/programas/arduino-1.5.6/hardware/tools/g++_arm_none_eabi/bin/../lib/gcc/arm-none-eabi/4.4.1/thumb2\libgcc.a(_divdi3.o)
 .ARM.exidx     0x00086d8c        0x0 c:/users/monkey/documents/archivos/programas/arduino-1.5.6/hardware/tools/g++_arm_none_eabi/bin/../lib/gcc/arm-none-eabi/4.4.1/thumb2\libgcc.a(_udivdi3.o)
                                  0x8 (size before relaxing)
                0x00086d8c                PROVIDE (__exidx_end, .)
                0x00086d8c                . = ALIGN (0x4)
                0x00086d8c                _etext = .

.relocate       0x20070000      0x554 load address 0x00086d8c
                0x20070000                . = ALIGN (0x4)
                0x20070000                _srelocate = .
 *(.ramfunc .ramfunc.*)
 .ramfunc       0x20070000       0x34 C:\Users\monkey\AppData\Local\VMicro\Arduino\Builds\Arduino\arduino_due_x_dbg/core.a(Reset.cpp.o)
                0x20070000                banzai
 *(.data .data.*)
 .data._writeResolution
                0x20070034        0x4 C:\Users\monkey\AppData\Local\VMicro\Arduino\Builds\Arduino\arduino_due_x_dbg/core.a(wiring_analog.c.o)
 .data._ZL5ticks
                0x20070038        0x4 C:\Users\monkey\AppData\Local\VMicro\Arduino\Builds\Arduino\arduino_due_x_dbg/core.a(Reset.cpp.o)
 .data._ZL12_usbLineInfo
                0x2007003c        0x8 C:\Users\monkey\AppData\Local\VMicro\Arduino\Builds\Arduino\arduino_due_x_dbg/core.a(CDC.cpp.o)
 .data._hid_protocol
                0x20070044        0x1 C:\Users\monkey\AppData\Local\VMicro\Arduino\Builds\Arduino\arduino_due_x_dbg/core.a(HID.cpp.o)
                0x20070044                _hid_protocol
 .data._hid_idle
                0x20070045        0x1 C:\Users\monkey\AppData\Local\VMicro\Arduino\Builds\Arduino\arduino_due_x_dbg/core.a(HID.cpp.o)
                0x20070045                _hid_idle
 *fill*         0x20070046        0x2 00
 .data.SystemCoreClock
                0x20070048        0x4 C:\Users\monkey\Documents\Archivos\Programas\arduino-1.5.6\hardware\arduino\sam\variants\arduino_due_x/libsam_sam3x8e_gcc_rel.a(system_sam3xa.o)
                0x20070048                SystemCoreClock
 .data.g_interrupt_enabled
                0x2007004c        0x4 C:\Users\monkey\Documents\Archivos\Programas\arduino-1.5.6\hardware\arduino\sam\variants\arduino_due_x/libsam_sam3x8e_gcc_rel.a(interrupt_sam_nvic.o)
                0x2007004c                g_interrupt_enabled
 .data          0x20070050       0xf4 c:/users/monkey/documents/archivos/programas/arduino-1.5.6/hardware/tools/g++_arm_none_eabi/bin/../lib/gcc/arm-none-eabi/4.4.1/../../../../arm-none-eabi/lib/thumb2\libc.a(lib_a-impure.o)
                0x20070050                _impure_ptr
 .data          0x20070144      0x410 c:/users/monkey/documents/archivos/programas/arduino-1.5.6/hardware/tools/g++_arm_none_eabi/bin/../lib/gcc/arm-none-eabi/4.4.1/../../../../arm-none-eabi/lib/thumb2\libc.a(lib_a-mallocr.o)
                0x20070144                __malloc_av_
                0x2007054c                __malloc_sbrk_base
                0x20070550                __malloc_trim_threshold
                0x20070554                . = ALIGN (0x4)
                0x20070554                _erelocate = .

.bss            0x20070554      0x56c load address 0x000872e0
                0x20070554                . = ALIGN (0x4)
                0x20070554                _sbss = .
                0x20070554                _szero = .
 *(.bss .bss.*)
 .bss           0x20070554        0x1 c:/users/monkey/documents/archivos/programas/arduino-1.5.6/hardware/tools/g++_arm_none_eabi/bin/../lib/gcc/arm-none-eabi/4.4.1/thumb2/crtbegin.o
 *fill*         0x20070555        0x3 00
 .bss.heap.3798
                0x20070558        0x4 C:\Users\monkey\AppData\Local\VMicro\Arduino\Builds\Arduino\arduino_due_x_dbg/syscalls_sam3.c.o
 .bss.middleSensor
                0x2007055c        0xc C:\Users\monkey\AppData\Local\VMicro\Arduino\Builds\Arduino\arduino_due_x_dbg\Arduino.cpp.o
                0x2007055c                middleSensor
 .bss.leds      0x20070568       0x10 C:\Users\monkey\AppData\Local\VMicro\Arduino\Builds\Arduino\arduino_due_x_dbg\Arduino.cpp.o
                0x20070568                leds
 .bss.frontSensorValue
                0x20070578       0x30 C:\Users\monkey\AppData\Local\VMicro\Arduino\Builds\Arduino\arduino_due_x_dbg\Arduino.cpp.o
                0x20070578                frontSensorValue
 .bss.sensorLeido
                0x200705a8        0xc C:\Users\monkey\AppData\Local\VMicro\Arduino\Builds\Arduino\arduino_due_x_dbg\Arduino.cpp.o
                0x200705a8                sensorLeido
 .bss.frontSensorBool
                0x200705b4        0xc C:\Users\monkey\AppData\Local\VMicro\Arduino\Builds\Arduino\arduino_due_x_dbg\Arduino.cpp.o
                0x200705b4                frontSensorBool
 .bss.frontSensor
                0x200705c0        0xc C:\Users\monkey\AppData\Local\VMicro\Arduino\Builds\Arduino\arduino_due_x_dbg\Arduino.cpp.o
                0x200705c0                frontSensor
 .bss.middleSensorValue
                0x200705cc        0xc C:\Users\monkey\AppData\Local\VMicro\Arduino\Builds\Arduino\arduino_due_x_dbg\Arduino.cpp.o
                0x200705cc                middleSensorValue
 .bss.gpf_isr   0x200705d8        0x4 C:\Users\monkey\Documents\Archivos\Programas\arduino-1.5.6\hardware\arduino\sam\variants\arduino_due_x/libsam_sam3x8e_gcc_rel.a(uotghs.o)
                0x200705d8                gpf_isr
 .bss.PWMEnabled
                0x200705dc        0x1 C:\Users\monkey\AppData\Local\VMicro\Arduino\Builds\Arduino\arduino_due_x_dbg/core.a(wiring_analog.c.o)
 *fill*         0x200705dd        0x3 00
 .bss.pinEnabled
                0x200705e0       0x50 C:\Users\monkey\AppData\Local\VMicro\Arduino\Builds\Arduino\arduino_due_x_dbg/core.a(wiring_analog.c.o)
 .bss.TCChanEnabled
                0x20070630        0xc C:\Users\monkey\AppData\Local\VMicro\Arduino\Builds\Arduino\arduino_due_x_dbg/core.a(wiring_analog.c.o)
 .bss._ZL14isEndpointHalt
                0x2007063c        0x1 C:\Users\monkey\AppData\Local\VMicro\Arduino\Builds\Arduino\arduino_due_x_dbg/core.a(USBCore.cpp.o)
 *fill*         0x2007063d        0x3 00
 .bss._cmark    0x20070640        0x4 C:\Users\monkey\AppData\Local\VMicro\Arduino\Builds\Arduino\arduino_due_x_dbg/core.a(USBCore.cpp.o)
                0x20070640                _cmark
 .bss._cend     0x20070644        0x4 C:\Users\monkey\AppData\Local\VMicro\Arduino\Builds\Arduino\arduino_due_x_dbg/core.a(USBCore.cpp.o)
                0x20070644                _cend
 .bss._cdcComposite
                0x20070648        0x4 C:\Users\monkey\AppData\Local\VMicro\Arduino\Builds\Arduino\arduino_due_x_dbg/core.a(USBCore.cpp.o)
                0x20070648                _cdcComposite
 .bss._usbInitialized
                0x2007064c        0x4 C:\Users\monkey\AppData\Local\VMicro\Arduino\Builds\Arduino\arduino_due_x_dbg/core.a(USBCore.cpp.o)
                0x2007064c                _usbInitialized
 .bss.USBDevice
                0x20070650        0x4 C:\Users\monkey\AppData\Local\VMicro\Arduino\Builds\Arduino\arduino_due_x_dbg/core.a(USBCore.cpp.o)
                0x20070650                USBDevice
 .bss._usbSetInterface
                0x20070654        0x4 C:\Users\monkey\AppData\Local\VMicro\Arduino\Builds\Arduino\arduino_due_x_dbg/core.a(USBCore.cpp.o)
                0x20070654                _usbSetInterface
 .bss._ZL21isRemoteWakeUpEnabled
                0x20070658        0x1 C:\Users\monkey\AppData\Local\VMicro\Arduino\Builds\Arduino\arduino_due_x_dbg/core.a(USBCore.cpp.o)
 *fill*         0x20070659        0x3 00
 .bss._usbConfiguration
                0x2007065c        0x4 C:\Users\monkey\AppData\Local\VMicro\Arduino\Builds\Arduino\arduino_due_x_dbg/core.a(USBCore.cpp.o)
                0x2007065c                _usbConfiguration
 .bss.Serial    0x20070660       0x20 C:\Users\monkey\AppData\Local\VMicro\Arduino\Builds\Arduino\arduino_due_x_dbg/core.a(variant.cpp.o)
                0x20070660                Serial
 .bss.rx_buffer1
                0x20070680       0x48 C:\Users\monkey\AppData\Local\VMicro\Arduino\Builds\Arduino\arduino_due_x_dbg/core.a(variant.cpp.o)
                0x20070680                rx_buffer1
 .bss.Serial1   0x200706c8       0x20 C:\Users\monkey\AppData\Local\VMicro\Arduino\Builds\Arduino\arduino_due_x_dbg/core.a(variant.cpp.o)
                0x200706c8                Serial1
 .bss.Serial2   0x200706e8       0x20 C:\Users\monkey\AppData\Local\VMicro\Arduino\Builds\Arduino\arduino_due_x_dbg/core.a(variant.cpp.o)
                0x200706e8                Serial2
 .bss.Serial3   0x20070708       0x20 C:\Users\monkey\AppData\Local\VMicro\Arduino\Builds\Arduino\arduino_due_x_dbg/core.a(variant.cpp.o)
                0x20070708                Serial3
 .bss.rx_buffer2
                0x20070728       0x48 C:\Users\monkey\AppData\Local\VMicro\Arduino\Builds\Arduino\arduino_due_x_dbg/core.a(variant.cpp.o)
                0x20070728                rx_buffer2
 .bss.rx_buffer3
                0x20070770       0x48 C:\Users\monkey\AppData\Local\VMicro\Arduino\Builds\Arduino\arduino_due_x_dbg/core.a(variant.cpp.o)
                0x20070770                rx_buffer3
 .bss.rx_buffer4
                0x200707b8       0x48 C:\Users\monkey\AppData\Local\VMicro\Arduino\Builds\Arduino\arduino_due_x_dbg/core.a(variant.cpp.o)
                0x200707b8                rx_buffer4
 .bss.cdc_rx_buffer
                0x20070800      0x208 C:\Users\monkey\AppData\Local\VMicro\Arduino\Builds\Arduino\arduino_due_x_dbg/core.a(CDC.cpp.o)
                0x20070800                cdc_rx_buffer
 .bss._ZZN7Serial_6acceptEvE5guard
                0x20070a08        0x4 C:\Users\monkey\AppData\Local\VMicro\Arduino\Builds\Arduino\arduino_due_x_dbg/core.a(CDC.cpp.o)
 .bss.SerialUSB
                0x20070a0c       0x14 C:\Users\monkey\AppData\Local\VMicro\Arduino\Builds\Arduino\arduino_due_x_dbg/core.a(CDC.cpp.o)
                0x20070a0c                SerialUSB
 .bss.Mouse     0x20070a20        0x4 C:\Users\monkey\AppData\Local\VMicro\Arduino\Builds\Arduino\arduino_due_x_dbg/core.a(HID.cpp.o)
                0x20070a20                Mouse
 .bss.Keyboard  0x20070a24       0x10 C:\Users\monkey\AppData\Local\VMicro\Arduino\Builds\Arduino\arduino_due_x_dbg/core.a(HID.cpp.o)
                0x20070a24                Keyboard
 .bss._dwTickCount
                0x20070a34        0x4 C:\Users\monkey\Documents\Archivos\Programas\arduino-1.5.6\hardware\arduino\sam\variants\arduino_due_x/libsam_sam3x8e_gcc_rel.a(timetick.o)
 .bss.ul_recv_fifo_ptr
                0x20070a38       0x28 C:\Users\monkey\Documents\Archivos\Programas\arduino-1.5.6\hardware\arduino\sam\variants\arduino_due_x/libsam_sam3x8e_gcc_rel.a(uotghs_device.o)
 .bss.ul_send_fifo_ptr
                0x20070a60       0x28 C:\Users\monkey\Documents\Archivos\Programas\arduino-1.5.6\hardware\arduino\sam\variants\arduino_due_x/libsam_sam3x8e_gcc_rel.a(uotghs_device.o)
 .bss           0x20070a88       0x34 c:/users/monkey/documents/archivos/programas/arduino-1.5.6/hardware/tools/g++_arm_none_eabi/bin/../lib/gcc/arm-none-eabi/4.4.1/../../../../arm-none-eabi/lib/thumb2\libc.a(lib_a-mallocr.o)
                0x20070a88                __malloc_top_pad
                0x20070a8c                __malloc_current_mallinfo
                0x20070ab4                __malloc_max_sbrked_mem
                0x20070ab8                __malloc_max_total_mem
 *(COMMON)
 COMMON         0x20070abc        0x4 c:/users/monkey/documents/archivos/programas/arduino-1.5.6/hardware/tools/g++_arm_none_eabi/bin/../lib/gcc/arm-none-eabi/4.4.1/../../../../arm-none-eabi/lib/thumb2\libc.a(lib_a-reent.o)
                0x20070abc                errno
                0x20070ac0                . = ALIGN (0x4)
                0x20070ac0                _ebss = .
                0x20070ac0                _ezero = .
                0x20070ac0                . = ALIGN (0x4)
                0x20070ac0                _end = .

.stack_dummy    0x20070ac0        0x0
 *(.stack*)
                0x20088000                __StackTop = 0x20088000
                0x20088000                __StackLimit = (__StackTop - SIZEOF (.stack_dummy))
                0x20088000                PROVIDE (_sstack, __StackLimit)
                0x20088000                PROVIDE (_estack, __StackTop)
OUTPUT(C:\Users\monkey\AppData\Local\VMicro\Arduino\Builds\Arduino\arduino_due_x_dbg/Arduino.elf elf32-littlearm)

.ARM.attributes
                0x00000000       0x25
 .ARM.attributes
                0x00000000       0x19 c:/users/monkey/documents/archivos/programas/arduino-1.5.6/hardware/tools/g++_arm_none_eabi/bin/../lib/gcc/arm-none-eabi/4.4.1/thumb2/crti.o
 .ARM.attributes
                0x00000019       0x29 c:/users/monkey/documents/archivos/programas/arduino-1.5.6/hardware/tools/g++_arm_none_eabi/bin/../lib/gcc/arm-none-eabi/4.4.1/thumb2/crtbegin.o
 .ARM.attributes
                0x00000042       0x31 C:\Users\monkey\AppData\Local\VMicro\Arduino\Builds\Arduino\arduino_due_x_dbg/syscalls_sam3.c.o
 .ARM.attributes
                0x00000073       0x31 C:\Users\monkey\AppData\Local\VMicro\Arduino\Builds\Arduino\arduino_due_x_dbg\Motors.c.o
 .ARM.attributes
                0x000000a4       0x31 C:\Users\monkey\AppData\Local\VMicro\Arduino\Builds\Arduino\arduino_due_x_dbg\Arduino.cpp.o
 .ARM.attributes
                0x000000d5       0x31 C:\Users\monkey\Documents\Archivos\Programas\arduino-1.5.6\hardware\arduino\sam\variants\arduino_due_x/libsam_sam3x8e_gcc_rel.a(startup_sam3xa.o)
 .ARM.attributes
                0x00000106       0x31 C:\Users\monkey\Documents\Archivos\Programas\arduino-1.5.6\hardware\arduino\sam\variants\arduino_due_x/libsam_sam3x8e_gcc_rel.a(uotghs.o)
 .ARM.attributes
                0x00000137       0x31 C:\Users\monkey\AppData\Local\VMicro\Arduino\Builds\Arduino\arduino_due_x_dbg/core.a(cortex_handlers.c.o)
 .ARM.attributes
                0x00000168       0x31 C:\Users\monkey\AppData\Local\VMicro\Arduino\Builds\Arduino\arduino_due_x_dbg/core.a(hooks.c.o)
 .ARM.attributes
                0x00000199       0x31 C:\Users\monkey\AppData\Local\VMicro\Arduino\Builds\Arduino\arduino_due_x_dbg/core.a(wiring.c.o)
 .ARM.attributes
                0x000001ca       0x31 C:\Users\monkey\AppData\Local\VMicro\Arduino\Builds\Arduino\arduino_due_x_dbg/core.a(wiring_analog.c.o)
 .ARM.attributes
                0x000001fb       0x31 C:\Users\monkey\AppData\Local\VMicro\Arduino\Builds\Arduino\arduino_due_x_dbg/core.a(wiring_digital.c.o)
 .ARM.attributes
                0x0000022c       0x31 C:\Users\monkey\AppData\Local\VMicro\Arduino\Builds\Arduino\arduino_due_x_dbg/core.a(main.cpp.o)
 .ARM.attributes
                0x0000025d       0x31 C:\Users\monkey\AppData\Local\VMicro\Arduino\Builds\Arduino\arduino_due_x_dbg/core.a(Print.cpp.o)
 .ARM.attributes
                0x0000028e       0x31 C:\Users\monkey\AppData\Local\VMicro\Arduino\Builds\Arduino\arduino_due_x_dbg/core.a(Reset.cpp.o)
 .ARM.attributes
                0x000002bf       0x31 C:\Users\monkey\AppData\Local\VMicro\Arduino\Builds\Arduino\arduino_due_x_dbg/core.a(UARTClass.cpp.o)
 .ARM.attributes
                0x000002f0       0x31 C:\Users\monkey\AppData\Local\VMicro\Arduino\Builds\Arduino\arduino_due_x_dbg/core.a(WMath.cpp.o)
 .ARM.attributes
                0x00000321       0x31 C:\Users\monkey\AppData\Local\VMicro\Arduino\Builds\Arduino\arduino_due_x_dbg/core.a(USBCore.cpp.o)
 .ARM.attributes
                0x00000352       0x31 C:\Users\monkey\AppData\Local\VMicro\Arduino\Builds\Arduino\arduino_due_x_dbg/core.a(variant.cpp.o)
 .ARM.attributes
                0x00000383       0x31 C:\Users\monkey\AppData\Local\VMicro\Arduino\Builds\Arduino\arduino_due_x_dbg/core.a(cxxabi-compat.cpp.o)
 .ARM.attributes
                0x000003b4       0x31 C:\Users\monkey\AppData\Local\VMicro\Arduino\Builds\Arduino\arduino_due_x_dbg/core.a(RingBuffer.cpp.o)
 .ARM.attributes
                0x000003e5       0x31 C:\Users\monkey\AppData\Local\VMicro\Arduino\Builds\Arduino\arduino_due_x_dbg/core.a(USARTClass.cpp.o)
 .ARM.attributes
                0x00000416       0x31 C:\Users\monkey\AppData\Local\VMicro\Arduino\Builds\Arduino\arduino_due_x_dbg/core.a(CDC.cpp.o)
 .ARM.attributes
                0x00000447       0x31 C:\Users\monkey\AppData\Local\VMicro\Arduino\Builds\Arduino\arduino_due_x_dbg/core.a(HID.cpp.o)
 .ARM.attributes
                0x00000478       0x31 C:\Users\monkey\Documents\Archivos\Programas\arduino-1.5.6\hardware\arduino\sam\variants\arduino_due_x/libsam_sam3x8e_gcc_rel.a(pio.o)
 .ARM.attributes
                0x000004a9       0x31 C:\Users\monkey\Documents\Archivos\Programas\arduino-1.5.6\hardware\arduino\sam\variants\arduino_due_x/libsam_sam3x8e_gcc_rel.a(pmc.o)
 .ARM.attributes
                0x000004da       0x31 C:\Users\monkey\Documents\Archivos\Programas\arduino-1.5.6\hardware\arduino\sam\variants\arduino_due_x/libsam_sam3x8e_gcc_rel.a(pwmc.o)
 .ARM.attributes
                0x0000050b       0x31 C:\Users\monkey\Documents\Archivos\Programas\arduino-1.5.6\hardware\arduino\sam\variants\arduino_due_x/libsam_sam3x8e_gcc_rel.a(tc.o)
 .ARM.attributes
                0x0000053c       0x31 C:\Users\monkey\Documents\Archivos\Programas\arduino-1.5.6\hardware\arduino\sam\variants\arduino_due_x/libsam_sam3x8e_gcc_rel.a(timetick.o)
 .ARM.attributes
                0x0000056d       0x31 C:\Users\monkey\Documents\Archivos\Programas\arduino-1.5.6\hardware\arduino\sam\variants\arduino_due_x/libsam_sam3x8e_gcc_rel.a(wdt.o)
 .ARM.attributes
                0x0000059e       0x31 C:\Users\monkey\Documents\Archivos\Programas\arduino-1.5.6\hardware\arduino\sam\variants\arduino_due_x/libsam_sam3x8e_gcc_rel.a(system_sam3xa.o)
 .ARM.attributes
                0x000005cf       0x31 C:\Users\monkey\Documents\Archivos\Programas\arduino-1.5.6\hardware\arduino\sam\variants\arduino_due_x/libsam_sam3x8e_gcc_rel.a(adc.o)
 .ARM.attributes
                0x00000600       0x31 C:\Users\monkey\Documents\Archivos\Programas\arduino-1.5.6\hardware\arduino\sam\variants\arduino_due_x/libsam_sam3x8e_gcc_rel.a(interrupt_sam_nvic.o)
 .ARM.attributes
                0x00000631       0x31 C:\Users\monkey\Documents\Archivos\Programas\arduino-1.5.6\hardware\arduino\sam\variants\arduino_due_x/libsam_sam3x8e_gcc_rel.a(uotghs_device.o)
 .ARM.attributes
                0x00000662       0x31 C:\Users\monkey\Documents\Archivos\Programas\arduino-1.5.6\hardware\arduino\sam\variants\arduino_due_x/libsam_sam3x8e_gcc_rel.a(dacc.o)
 .ARM.attributes