Archive member included because of file (symbol)

C:\Users\monkey\Documents\Archivos\Programas\arduino-1.5.6\hardware\arduino\sam\variants\arduino_due_x/libsam_sam3x8e_gcc_rel.a(pio.o)
                              C:\Users\monkey\AppData\Local\VMicro\Arduino\Builds\Arduino\arduino_due_x_dbg\Wire\Wire.cpp.o (PIO_Configure)
C:\Users\monkey\Documents\Archivos\Programas\arduino-1.5.6\hardware\arduino\sam\variants\arduino_due_x/libsam_sam3x8e_gcc_rel.a(pmc.o)
                              C:\Users\monkey\AppData\Local\VMicro\Arduino\Builds\Arduino\arduino_due_x_dbg\Wire\Wire.cpp.o (pmc_enable_periph_clk)
C:\Users\monkey\Documents\Archivos\Programas\arduino-1.5.6\hardware\arduino\sam\variants\arduino_due_x/libsam_sam3x8e_gcc_rel.a(twi.o)
                              C:\Users\monkey\AppData\Local\VMicro\Arduino\Builds\Arduino\arduino_due_x_dbg\Wire\Wire.cpp.o (TWI_ConfigureMaster)
C:\Users\monkey\Documents\Archivos\Programas\arduino-1.5.6\hardware\arduino\sam\variants\arduino_due_x/libsam_sam3x8e_gcc_rel.a(startup_sam3xa.o)
                              (Reset_Handler)
C:\Users\monkey\Documents\Archivos\Programas\arduino-1.5.6\hardware\arduino\sam\variants\arduino_due_x/libsam_sam3x8e_gcc_rel.a(uotghs.o)
                              C:\Users\monkey\Documents\Archivos\Programas\arduino-1.5.6\hardware\arduino\sam\variants\arduino_due_x/libsam_sam3x8e_gcc_rel.a(startup_sam3xa.o) (UOTGHS_Handler)
C:\Users\monkey\AppData\Local\VMicro\Arduino\Builds\Arduino\arduino_due_x_dbg/core.a(cortex_handlers.c.o)
                              C:\Users\monkey\Documents\Archivos\Programas\arduino-1.5.6\hardware\arduino\sam\variants\arduino_due_x/libsam_sam3x8e_gcc_rel.a(startup_sam3xa.o) (SysTick_Handler)
C:\Users\monkey\AppData\Local\VMicro\Arduino\Builds\Arduino\arduino_due_x_dbg/core.a(hooks.c.o)
                              C:\Users\monkey\AppData\Local\VMicro\Arduino\Builds\Arduino\arduino_due_x_dbg/core.a(cortex_handlers.c.o) (sysTickHook)
C:\Users\monkey\AppData\Local\VMicro\Arduino\Builds\Arduino\arduino_due_x_dbg/core.a(wiring.c.o)
                              C:\Users\monkey\AppData\Local\VMicro\Arduino\Builds\Arduino\arduino_due_x_dbg\Arduino.cpp.o (delay)
C:\Users\monkey\AppData\Local\VMicro\Arduino\Builds\Arduino\arduino_due_x_dbg/core.a(wiring_analog.c.o)
                              C:\Users\monkey\AppData\Local\VMicro\Arduino\Builds\Arduino\arduino_due_x_dbg\Arduino.cpp.o (analogWriteResolution)
C:\Users\monkey\AppData\Local\VMicro\Arduino\Builds\Arduino\arduino_due_x_dbg/core.a(wiring_digital.c.o)
                              C:\Users\monkey\AppData\Local\VMicro\Arduino\Builds\Arduino\arduino_due_x_dbg\Arduino.cpp.o (digitalRead)
C:\Users\monkey\AppData\Local\VMicro\Arduino\Builds\Arduino\arduino_due_x_dbg/core.a(cxxabi-compat.cpp.o)
                              C:\Users\monkey\AppData\Local\VMicro\Arduino\Builds\Arduino\arduino_due_x_dbg\Wire\Wire.cpp.o (__cxa_pure_virtual)
C:\Users\monkey\AppData\Local\VMicro\Arduino\Builds\Arduino\arduino_due_x_dbg/core.a(main.cpp.o)
                              C:\Users\monkey\Documents\Archivos\Programas\arduino-1.5.6\hardware\arduino\sam\variants\arduino_due_x/libsam_sam3x8e_gcc_rel.a(startup_sam3xa.o) (main)
C:\Users\monkey\AppData\Local\VMicro\Arduino\Builds\Arduino\arduino_due_x_dbg/core.a(Print.cpp.o)
                              C:\Users\monkey\AppData\Local\VMicro\Arduino\Builds\Arduino\arduino_due_x_dbg\Wire\Wire.cpp.o (Print::write(unsigned char const*, unsigned int))
C:\Users\monkey\AppData\Local\VMicro\Arduino\Builds\Arduino\arduino_due_x_dbg/core.a(Reset.cpp.o)
                              C:\Users\monkey\AppData\Local\VMicro\Arduino\Builds\Arduino\arduino_due_x_dbg/core.a(cortex_handlers.c.o) (tickReset)
C:\Users\monkey\AppData\Local\VMicro\Arduino\Builds\Arduino\arduino_due_x_dbg/core.a(UARTClass.cpp.o)
                              C:\Users\monkey\AppData\Local\VMicro\Arduino\Builds\Arduino\arduino_due_x_dbg\Arduino.cpp.o (UARTClass::available())
C:\Users\monkey\AppData\Local\VMicro\Arduino\Builds\Arduino\arduino_due_x_dbg/core.a(WMath.cpp.o)
                              C:\Users\monkey\AppData\Local\VMicro\Arduino\Builds\Arduino\arduino_due_x_dbg\Arduino.cpp.o (map(long, long, long, long, long))
C:\Users\monkey\AppData\Local\VMicro\Arduino\Builds\Arduino\arduino_due_x_dbg/core.a(USBCore.cpp.o)
                              C:\Users\monkey\AppData\Local\VMicro\Arduino\Builds\Arduino\arduino_due_x_dbg/core.a(main.cpp.o) (USBDevice_::attach())
C:\Users\monkey\AppData\Local\VMicro\Arduino\Builds\Arduino\arduino_due_x_dbg/core.a(variant.cpp.o)
                              C:\Users\monkey\AppData\Local\VMicro\Arduino\Builds\Arduino\arduino_due_x_dbg/core.a(main.cpp.o) (init)
C:\Users\monkey\AppData\Local\VMicro\Arduino\Builds\Arduino\arduino_due_x_dbg/core.a(RingBuffer.cpp.o)
                              C:\Users\monkey\AppData\Local\VMicro\Arduino\Builds\Arduino\arduino_due_x_dbg/core.a(UARTClass.cpp.o) (RingBuffer::store_char(unsigned char))
[...]
Memory Configuration

Name             Origin             Length             Attributes
rom              0x00080000         0x00080000         xr
sram0            0x20000000         0x00010000         xrw
sram1            0x20080000         0x00008000         xrw
ram              0x20070000         0x00018000         xrw
*default*        0x00000000         0xffffffff

Linker script and memory map

LOAD c:/users/monkey/documents/archivos/programas/arduino-1.5.6/hardware/tools/g++_arm_none_eabi/bin/../lib/gcc/arm-none-eabi/4.4.1/thumb2/crti.o
LOAD c:/users/monkey/documents/archivos/programas/arduino-1.5.6/hardware/tools/g++_arm_none_eabi/bin/../lib/gcc/arm-none-eabi/4.4.1/thumb2/crtbegin.o
LOAD c:/users/monkey/documents/archivos/programas/arduino-1.5.6/hardware/tools/g++_arm_none_eabi/bin/../lib/gcc/arm-none-eabi/4.4.1/thumb2\libgcc.a
START GROUP
LOAD C:\Users\monkey\AppData\Local\VMicro\Arduino\Builds\Arduino\arduino_due_x_dbg/syscalls_sam3.c.o
LOAD C:\Users\monkey\AppData\Local\VMicro\Arduino\Builds\Arduino\arduino_due_x_dbg\Motors.c.o
LOAD C:\Users\monkey\AppData\Local\VMicro\Arduino\Builds\Arduino\arduino_due_x_dbg\Arduino.cpp.o
LOAD C:\Users\monkey\AppData\Local\VMicro\Arduino\Builds\Arduino\arduino_due_x_dbg\Wire\Wire.cpp.o
LOAD C:\Users\monkey\Documents\Archivos\Programas\arduino-1.5.6\hardware\arduino\sam\variants\arduino_due_x/libsam_sam3x8e_gcc_rel.a
LOAD C:\Users\monkey\AppData\Local\VMicro\Arduino\Builds\Arduino\arduino_due_x_dbg/core.a
END GROUP
LOAD c:/users/monkey/documents/archivos/programas/arduino-1.5.6/hardware/tools/g++_arm_none_eabi/bin/../lib/gcc/arm-none-eabi/4.4.1/../../../../arm-none-eabi/lib/thumb2\libstdc++.a
LOAD c:/users/monkey/documents/archivos/programas/arduino-1.5.6/hardware/tools/g++_arm_none_eabi/bin/../lib/gcc/arm-none-eabi/4.4.1/../../../../arm-none-eabi/lib/thumb2\libm.a
START GROUP
LOAD c:/users/monkey/documents/archivos/programas/arduino-1.5.6/hardware/tools/g++_arm_none_eabi/bin/../lib/gcc/arm-none-eabi/4.4.1/thumb2\libgcc.a
LOAD c:/users/monkey/documents/archivos/programas/arduino-1.5.6/hardware/tools/g++_arm_none_eabi/bin/../lib/gcc/arm-none-eabi/4.4.1/../../../../arm-none-eabi/lib/thumb2\libc.a
END GROUP
LOAD c:/users/monkey/documents/archivos/programas/arduino-1.5.6/hardware/tools/g++_arm_none_eabi/bin/../lib/gcc/arm-none-eabi/4.4.1/thumb2/crtend.o
LOAD c:/users/monkey/documents/archivos/programas/arduino-1.5.6/hardware/tools/g++_arm_none_eabi/bin/../lib/gcc/arm-none-eabi/4.4.1/thumb2/crtn.o

.text           0x00080000     0x7358
                0x00080000                . = ALIGN (0x4)
                0x00080000                _sfixed = .
 *(.vectors .vectors.*)
 .vectors       0x00080000       0xf4 C:\Users\monkey\Documents\Archivos\Programas\arduino-1.5.6\hardware\arduino\sam\variants\arduino_due_x/libsam_sam3x8e_gcc_rel.a(startup_sam3xa.o)
                0x00080000                exception_table
 *(.text .text.* .gnu.linkonce.t.*)
 .text          0x000800f4       0x30 c:/users/monkey/documents/archivos/programas/arduino-1.5.6/hardware/tools/g++_arm_none_eabi/bin/../lib/gcc/arm-none-eabi/4.4.1/thumb2/crtbegin.o
 .text._sbrk    0x00080124       0x20 C:\Users\monkey\AppData\Local\VMicro\Arduino\Builds\Arduino\arduino_due_x_dbg/syscalls_sam3.c.o
                0x00080124                _sbrk
 .text._close   0x00080144        0x6 C:\Users\monkey\AppData\Local\VMicro\Arduino\Builds\Arduino\arduino_due_x_dbg/syscalls_sam3.c.o
                0x00080144                _close
 .text._fstat   0x0008014a        0xa C:\Users\monkey\AppData\Local\VMicro\Arduino\Builds\Arduino\arduino_due_x_dbg/syscalls_sam3.c.o
                0x0008014a                _fstat
 .text._isatty  0x00080154        0x4 C:\Users\monkey\AppData\Local\VMicro\Arduino\Builds\Arduino\arduino_due_x_dbg/syscalls_sam3.c.o
                0x00080154                _isatty
 .text._lseek   0x00080158        0x4 C:\Users\monkey\AppData\Local\VMicro\Arduino\Builds\Arduino\arduino_due_x_dbg/syscalls_sam3.c.o
                0x00080158                _lseek
 .text._read    0x0008015c        0x4 C:\Users\monkey\AppData\Local\VMicro\Arduino\Builds\Arduino\arduino_due_x_dbg/syscalls_sam3.c.o
                0x0008015c                _read
 .text._write   0x00080160       0x20 C:\Users\monkey\AppData\Local\VMicro\Arduino\Builds\Arduino\arduino_due_x_dbg/syscalls_sam3.c.o
                0x00080160                _write
 .text._kill    0x00080180        0x2 C:\Users\monkey\AppData\Local\VMicro\Arduino\Builds\Arduino\arduino_due_x_dbg/syscalls_sam3.c.o
                0x00080180                _kill
 .text._getpid  0x00080182        0x6 C:\Users\monkey\AppData\Local\VMicro\Arduino\Builds\Arduino\arduino_due_x_dbg/syscalls_sam3.c.o
                0x00080182                _getpid
 .text._exit    0x00080188       0x10 C:\Users\monkey\AppData\Local\VMicro\Arduino\Builds\Arduino\arduino_due_x_dbg/syscalls_sam3.c.o
                0x00080188                _exit
 .text._Z4beeph
                0x00080198       0x12 C:\Users\monkey\AppData\Local\VMicro\Arduino\Builds\Arduino\arduino_due_x_dbg\Arduino.cpp.o
                0x00080198                beep(unsigned char)
 *fill*         0x000801aa        0x2 00
 .text._Z3ledhb
                0x000801ac        0xc C:\Users\monkey\AppData\Local\VMicro\Arduino\Builds\Arduino\arduino_due_x_dbg\Arduino.cpp.o
                0x000801ac                led(unsigned char, bool)
 .text._Z10read_frontv
                0x000801b8      0x108 C:\Users\monkey\AppData\Local\VMicro\Arduino\Builds\Arduino\arduino_due_x_dbg\Arduino.cpp.o
                0x000801b8                read_front()
 .text._Z11read_middlev
                0x000802c0       0x64 C:\Users\monkey\AppData\Local\VMicro\Arduino\Builds\Arduino\arduino_due_x_dbg\Arduino.cpp.o
                0x000802c0                read_middle()
 .text._Z16sendSensorValuesv
                0x00080324       0x48 C:\Users\monkey\AppData\Local\VMicro\Arduino\Builds\Arduino\arduino_due_x_dbg\Arduino.cpp.o
                0x00080324                sendSensorValues()
 .text.setup    0x0008036c       0xe8 C:\Users\monkey\AppData\Local\VMicro\Arduino\Builds\Arduino\arduino_due_x_dbg\Arduino.cpp.o
                0x0008036c                setup
 .text._Z21setBackwardSpeedRighti
                0x00080454       0x28 C:\Users\monkey\AppData\Local\VMicro\Arduino\Builds\Arduino\arduino_due_x_dbg\Arduino.cpp.o
                0x00080454                setBackwardSpeedRight(int)
 .text._Z20setBackwardSpeedLefti
                0x0008047c       0x28 C:\Users\monkey\AppData\Local\VMicro\Arduino\Builds\Arduino\arduino_due_x_dbg\Arduino.cpp.o
                0x0008047c                setBackwardSpeedLeft(int)
 .text._Z12moveBackwardhh
                0x000804a4       0x3c C:\Users\monkey\AppData\Local\VMicro\Arduino\Builds\Arduino\arduino_due_x_dbg\Arduino.cpp.o
                0x000804a4                moveBackward(unsigned char, unsigned char)
 .text._Z19setForwardSpeedLefti
                0x000804e0       0x24 C:\Users\monkey\AppData\Local\VMicro\Arduino\Builds\Arduino\arduino_due_x_dbg\Arduino.cpp.o
                0x000804e0                setForwardSpeedLeft(int)
 .text._Z12setLeftSpeedh
                0x00080504       0x1c C:\Users\monkey\AppData\Local\VMicro\Arduino\Builds\Arduino\arduino_due_x_dbg\Arduino.cpp.o
                0x00080504                setLeftSpeed(unsigned char)
 .text._Z20setForwardSpeedRighti
                0x00080520       0x24 C:\Users\monkey\AppData\Local\VMicro\Arduino\Builds\Arduino\arduino_due_x_dbg\Arduino.cpp.o
                0x00080520                setForwardSpeedRight(int)
 .text._Z13setRightSpeedh
                0x00080544       0x1c C:\Users\monkey\AppData\Local\VMicro\Arduino\Builds\Arduino\arduino_due_x_dbg\Arduino.cpp.o
                0x00080544                setRightSpeed(unsigned char)
 .text._Z9setMotorsii
                0x00080560       0x12 C:\Users\monkey\AppData\Local\VMicro\Arduino\Builds\Arduino\arduino_due_x_dbg\Arduino.cpp.o
                0x00080560                setMotors(int, int)
 .text._Z11moveForwardh
                0x00080572       0x1e C:\Users\monkey\AppData\Local\VMicro\Arduino\Builds\Arduino\arduino_due_x_dbg\Arduino.cpp.o
                0x00080572                moveForward(unsigned char)
 .text._Z12moveBalancedhh
                0x00080590       0x38 C:\Users\monkey\AppData\Local\VMicro\Arduino\Builds\Arduino\arduino_due_x_dbg\Arduino.cpp.o
                0x00080590                moveBalanced(unsigned char, unsigned char)
 .text._Z10stopMotorsv
                0x000805c8       0x2a C:\Users\monkey\AppData\Local\VMicro\Arduino\Builds\Arduino\arduino_due_x_dbg\Arduino.cpp.o
                0x000805c8                stopMotors()
 *fill*         0x000805f2        0x2 00
 .text._Z23getAndRunCommandFromUSBv
                0x000805f4       0x9c C:\Users\monkey\AppData\Local\VMicro\Arduino\Builds\Arduino\arduino_due_x_dbg\Arduino.cpp.o
                0x000805f4                getAndRunCommandFromUSB()
 .text.loop     0x00080690        0x4 C:\Users\monkey\AppData\Local\VMicro\Arduino\Builds\Arduino\arduino_due_x_dbg\Arduino.cpp.o
                0x00080690                loop
 .text._ZN7TwoWireC1EP3TwiPFvvE
                0x00080694       0x3c C:\Users\monkey\AppData\Local\VMicro\Arduino\Builds\Arduino\arduino_due_x_dbg\Wire\Wire.cpp.o
                0x00080694                TwoWire::TwoWire(Twi*, void (*)())
 .text._ZN7TwoWire5writeEh
                0x000806d0       0x3a C:\Users\monkey\AppData\Local\VMicro\Arduino\Builds\Arduino\arduino_due_x_dbg\Wire\Wire.cpp.o
                0x000806d0                TwoWire::write(unsigned char)
 .text._ZN7TwoWire5writeEPKhj
                0x0008070a       0x5e C:\Users\monkey\AppData\Local\VMicro\Arduino\Builds\Arduino\arduino_due_x_dbg\Wire\Wire.cpp.o
                0x0008070a                TwoWire::write(unsigned char const*, unsigned int)
 .text._ZN7TwoWire9availableEv
                0x00080768        0xc C:\Users\monkey\AppData\Local\VMicro\Arduino\Builds\Arduino\arduino_due_x_dbg\Wire\Wire.cpp.o
                0x00080768                TwoWire::available()
 .text._ZN7TwoWire4readEv
                0x00080774       0x20 C:\Users\monkey\AppData\Local\VMicro\Arduino\Builds\Arduino\arduino_due_x_dbg\Wire\Wire.cpp.o
                0x00080774                TwoWire::read()
 .text._ZN7TwoWire4peekEv
                0x00080794       0x18 C:\Users\monkey\AppData\Local\VMicro\Arduino\Builds\Arduino\arduino_due_x_dbg\Wire\Wire.cpp.o
                0x00080794                TwoWire::peek()
 .text._ZN7TwoWire5flushEv
                0x000807ac        0x2 C:\Users\monkey\AppData\Local\VMicro\Arduino\Builds\Arduino\arduino_due_x_dbg\Wire\Wire.cpp.o
                0x000807ac                TwoWire::flush()
 *fill*         0x000807ae        0x2 00
 .text._ZL10Wire1_Initv
                0x000807b0       0x54 C:\Users\monkey\AppData\Local\VMicro\Arduino\Builds\Arduino\arduino_due_x_dbg\Wire\Wire.cpp.o
 .text._ZL9Wire_Initv
                0x00080804       0x54 C:\Users\monkey\AppData\Local\VMicro\Arduino\Builds\Arduino\arduino_due_x_dbg\Wire\Wire.cpp.o
 .text._ZN7TwoWire9onServiceEv
                0x00080858      0x130 C:\Users\monkey\AppData\Local\VMicro\Arduino\Builds\Arduino\arduino_due_x_dbg\Wire\Wire.cpp.o
                0x00080858                TwoWire::onService()
 .text.TWI0_Handler
                0x00080988        0xc C:\Users\monkey\AppData\Local\VMicro\Arduino\Builds\Arduino\arduino_due_x_dbg\Wire\Wire.cpp.o
                0x00080988                TWI0_Handler
 .text.TWI1_Handler
                0x00080994        0xc C:\Users\monkey\AppData\Local\VMicro\Arduino\Builds\Arduino\arduino_due_x_dbg\Wire\Wire.cpp.o
                0x00080994                TWI1_Handler
 .text._GLOBAL__I__ZN7TwoWireC2EP3TwiPFvvE
                0x000809a0       0x34 C:\Users\monkey\AppData\Local\VMicro\Arduino\Builds\Arduino\arduino_due_x_dbg\Wire\Wire.cpp.o
 .text.PIO_DisableInterrupt
                0x000809d4        0x4 C:\Users\monkey\Documents\Archivos\Programas\arduino-1.5.6\hardware\arduino\sam\variants\arduino_due_x/libsam_sam3x8e_gcc_rel.a(pio.o)
                0x000809d4                PIO_DisableInterrupt
 .text.PIO_PullUp
                0x000809d8        0xa C:\Users\monkey\Documents\Archivos\Programas\arduino-1.5.6\hardware\arduino\sam\variants\arduino_due_x/libsam_sam3x8e_gcc_rel.a(pio.o)
                0x000809d8                PIO_PullUp
 .text.PIO_Get  0x000809e2       0x16 C:\Users\monkey\Documents\Archivos\Programas\arduino-1.5.6\hardware\arduino\sam\variants\arduino_due_x/libsam_sam3x8e_gcc_rel.a(pio.o)
                0x000809e2                PIO_Get
 .text.PIO_SetPeripheral
                0x000809f8       0x2a C:\Users\monkey\Documents\Archivos\Programas\arduino-1.5.6\hardware\arduino\sam\variants\arduino_due_x/libsam_sam3x8e_gcc_rel.a(pio.o)
                0x000809f8                PIO_SetPeripheral
 *fill*         0x00080a22        0x2 00
 .text.PIO_SetInput
                0x00080a24       0x40 C:\Users\monkey\Documents\Archivos\Programas\arduino-1.5.6\hardware\arduino\sam\variants\arduino_due_x/libsam_sam3x8e_gcc_rel.a(pio.o)
                0x00080a24                PIO_SetInput
 .text.PIO_SetOutput
                0x00080a64       0x38 C:\Users\monkey\Documents\Archivos\Programas\arduino-1.5.6\hardware\arduino\sam\variants\arduino_due_x/libsam_sam3x8e_gcc_rel.a(pio.o)
                0x00080a64                PIO_SetOutput
 .text.PIO_Configure
                0x00080a9c       0x74 C:\Users\monkey\Documents\Archivos\Programas\arduino-1.5.6\hardware\arduino\sam\variants\arduino_due_x/libsam_sam3x8e_gcc_rel.a(pio.o)
                0x00080a9c                PIO_Configure
 .text.PIO_GetOutputDataStatus
                0x00080b10       0x16 C:\Users\monkey\Documents\Archivos\Programas\arduino-1.5.6\hardware\arduino\sam\variants\arduino_due_x/libsam_sam3x8e_gcc_rel.a(pio.o)
                0x00080b10                PIO_GetOutputDataStatus
 *fill*         0x00080b26        0x2 00
 .text.pmc_enable_upll_clock
                0x00080b28       0x18 C:\Users\monkey\Documents\Archivos\Programas\arduino-1.5.6\hardware\arduino\sam\variants\arduino_due_x/libsam_sam3x8e_gcc_rel.a(pmc.o)
                0x00080b28                pmc_enable_upll_clock
 .text.pmc_enable_periph_clk
                0x00080b40       0x48 C:\Users\monkey\Documents\Archivos\Programas\arduino-1.5.6\hardware\arduino\sam\variants\arduino_due_x/libsam_sam3x8e_gcc_rel.a(pmc.o)
                0x00080b40                pmc_enable_periph_clk
 .text.pmc_disable_periph_clk
                0x00080b88       0x48 C:\Users\monkey\Documents\Archivos\Programas\arduino-1.5.6\hardware\arduino\sam\variants\arduino_due_x/libsam_sam3x8e_gcc_rel.a(pmc.o)
                0x00080b88                pmc_disable_periph_clk
 .text.pmc_switch_udpck_to_upllck
                0x00080bd0       0x14 C:\Users\monkey\Documents\Archivos\Programas\arduino-1.5.6\hardware\arduino\sam\variants\arduino_due_x/libsam_sam3x8e_gcc_rel.a(pmc.o)
                0x00080bd0                pmc_switch_udpck_to_upllck
 .text.pmc_enable_udpck
                0x00080be4        0xc C:\Users\monkey\Documents\Archivos\Programas\arduino-1.5.6\hardware\arduino\sam\variants\arduino_due_x/libsam_sam3x8e_gcc_rel.a(pmc.o)
                0x00080be4                pmc_enable_udpck
 .text.TWI_ReadByte
                0x00080bf0       0x28 C:\Users\monkey\Documents\Archivos\Programas\arduino-1.5.6\hardware\arduino\sam\variants\arduino_due_x/libsam_sam3x8e_gcc_rel.a(twi.o)
                0x00080bf0                TWI_ReadByte
 .text.TWI_WriteByte
                0x00080c18       0x24 C:\Users\monkey\Documents\Archivos\Programas\arduino-1.5.6\hardware\arduino\sam\variants\arduino_due_x/libsam_sam3x8e_gcc_rel.a(twi.o)
                0x00080c18                TWI_WriteByte
 .text.TWI_EnableIt
                0x00080c3c       0x40 C:\Users\monkey\Documents\Archivos\Programas\arduino-1.5.6\hardware\arduino\sam\variants\arduino_due_x/libsam_sam3x8e_gcc_rel.a(twi.o)
                0x00080c3c                TWI_EnableIt
 .text.TWI_DisableIt
                0x00080c7c       0x40 C:\Users\monkey\Documents\Archivos\Programas\arduino-1.5.6\hardware\arduino\sam\variants\arduino_due_x/libsam_sam3x8e_gcc_rel.a(twi.o)
                0x00080c7c                TWI_DisableIt
 .text.TWI_GetStatus
                0x00080cbc       0x28 C:\Users\monkey\Documents\Archivos\Programas\arduino-1.5.6\hardware\arduino\sam\variants\arduino_due_x/libsam_sam3x8e_gcc_rel.a(twi.o)
                0x00080cbc                TWI_GetStatus
 .text.Reset_Handler
                0x00080ce4       0x70 C:\Users\monkey\Documents\Archivos\Programas\arduino-1.5.6\hardware\arduino\sam\variants\arduino_due_x/libsam_sam3x8e_gcc_rel.a(startup_sam3xa.o)
                0x00080ce4                Reset_Handler
 .text.UOTGHS_Handler
                0x00080d54       0x10 C:\Users\monkey\Documents\Archivos\Programas\arduino-1.5.6\hardware\arduino\sam\variants\arduino_due_x/libsam_sam3x8e_gcc_rel.a(uotghs.o)
                0x00080d54                UOTGHS_Handler
 .text.__halt   0x00080d64        0x2 C:\Users\monkey\AppData\Local\VMicro\Arduino\Builds\Arduino\arduino_due_x_dbg/core.a(cortex_handlers.c.o)
                0x00080d64                DACC_Handler
                0x00080d64                DebugMon_Handler
                0x00080d64                DMAC_Handler
                0x00080d64                TRNG_Handler
                0x00080d64                HardFault_Handler
                0x00080d64                TC2_Handler
                0x00080d64                NMI_Handler
                0x00080d64                TC7_Handler
                0x00080d64                ADC_Handler
                0x00080d64                SMC_Handler
                0x00080d64                RTT_Handler
                0x00080d64                EFC1_Handler
                0x00080d64                PIOB_Handler
                0x00080d64                RTC_Handler
                0x00080d64                UsageFault_Handler
                0x00080d64                TC6_Handler
                0x00080d64                WDT_Handler
                0x00080d64                CAN0_Handler
                0x00080d64                TC4_Handler
                0x00080d64                TC1_Handler
                0x00080d64                HSMCI_Handler
                0x00080d64                TC3_Handler
                0x00080d64                PIOA_Handler
                0x00080d64                SSC_Handler
                0x00080d64                EFC0_Handler
                0x00080d64                PMC_Handler
                0x00080d64                PWM_Handler
                0x00080d64                CAN1_Handler
                0x00080d64                MemManage_Handler
                0x00080d64                SUPC_Handler
                0x00080d64                TC8_Handler
                0x00080d64                USART2_Handler
                0x00080d64                PIOD_Handler
                0x00080d64                EMAC_Handler
                0x00080d64                PIOC_Handler
                0x00080d64                BusFault_Handler
                0x00080d64                RSTC_Handler
                0x00080d64                TC0_Handler
                0x00080d64                TC5_Handler
                0x00080d64                SPI0_Handler
 .text.SysTick_Handler
                0x00080d66       0x16 C:\Users\monkey\AppData\Local\VMicro\Arduino\Builds\Arduino\arduino_due_x_dbg/core.a(cortex_handlers.c.o)
                0x00080d66                SysTick_Handler
 .text.PendSV_Handler
                0x00080d7c        0x4 C:\Users\monkey\AppData\Local\VMicro\Arduino\Builds\Arduino\arduino_due_x_dbg/core.a(cortex_handlers.c.o)
                0x00080d7c                PendSV_Handler
 .text.SVC_Handler
                0x00080d80        0x4 C:\Users\monkey\AppData\Local\VMicro\Arduino\Builds\Arduino\arduino_due_x_dbg/core.a(cortex_handlers.c.o)
                0x00080d80                SVC_Handler
 .text.__empty  0x00080d84        0x2 C:\Users\monkey\AppData\Local\VMicro\Arduino\Builds\Arduino\arduino_due_x_dbg/core.a(hooks.c.o)
                0x00080d84                yield
 .text.__false  0x00080d86        0x4 C:\Users\monkey\AppData\Local\VMicro\Arduino\Builds\Arduino\arduino_due_x_dbg/core.a(hooks.c.o)
                0x00080d86                sysTickHook
 .text.__halt   0x00080d8a        0x2 C:\Users\monkey\AppData\Local\VMicro\Arduino\Builds\Arduino\arduino_due_x_dbg/core.a(hooks.c.o)
                0x00080d8a                svcHook
                0x00080d8a                pendSVHook
 .text.delay    0x00080d8c       0x1c C:\Users\monkey\AppData\Local\VMicro\Arduino\Builds\Arduino\arduino_due_x_dbg/core.a(wiring.c.o)
                0x00080d8c                delay
 .text.analogWriteResolution
                0x00080da8        0xc C:\Users\monkey\AppData\Local\VMicro\Arduino\Builds\Arduino\arduino_due_x_dbg/core.a(wiring_analog.c.o)
                0x00080da8                analogWriteResolution
 .text.TC_SetCMR_ChannelA
                0x00080db4       0x12 C:\Users\monkey\AppData\Local\VMicro\Arduino\Builds\Arduino\arduino_due_x_dbg/core.a(wiring_analog.c.o)
 .text.TC_SetCMR_ChannelB
                0x00080dc6       0x12 C:\Users\monkey\AppData\Local\VMicro\Arduino\Builds\Arduino\arduino_due_x_dbg/core.a(wiring_analog.c.o)
 .text.analogOutputInit
                0x00080dd8       0x14 C:\Users\monkey\AppData\Local\VMicro\Arduino\Builds\Arduino\arduino_due_x_dbg/core.a(wiring_analog.c.o)
                0x00080dd8                analogOutputInit
 .text.analogWrite
                0x00080dec      0x2bc C:\Users\monkey\AppData\Local\VMicro\Arduino\Builds\Arduino\arduino_due_x_dbg/core.a(wiring_analog.c.o)
                0x00080dec                analogWrite
 .text.digitalRead
                0x000810a8       0x28 C:\Users\monkey\AppData\Local\VMicro\Arduino\Builds\Arduino\arduino_due_x_dbg/core.a(wiring_digital.c.o)
                0x000810a8                digitalRead
 .text.digitalWrite
                0x000810d0       0x48 C:\Users\monkey\AppData\Local\VMicro\Arduino\Builds\Arduino\arduino_due_x_dbg/core.a(wiring_digital.c.o)
                0x000810d0                digitalWrite
 .text.pinMode  0x00081118       0x68 C:\Users\monkey\AppData\Local\VMicro\Arduino\Builds\Arduino\arduino_due_x_dbg/core.a(wiring_digital.c.o)
                0x00081118                pinMode
 .text.main     0x00081180       0x30 C:\Users\monkey\AppData\Local\VMicro\Arduino\Builds\Arduino\arduino_due_x_dbg/core.a(main.cpp.o)
                0x00081180                main
 .text._ZN5Print5writeEPKhj
                0x000811b0       0x2e C:\Users\monkey\AppData\Local\VMicro\Arduino\Builds\Arduino\arduino_due_x_dbg/core.a(Print.cpp.o)
                0x000811b0                Print::write(unsigned char const*, unsigned int)
 .text._ZN5Print5printEc
                0x000811de        0xa C:\Users\monkey\AppData\Local\VMicro\Arduino\Builds\Arduino\arduino_due_x_dbg/core.a(Print.cpp.o)
                0x000811de                Print::print(char)
 .text._ZN5Print7printlnEv
                0x000811e8       0x18 C:\Users\monkey\AppData\Local\VMicro\Arduino\Builds\Arduino\arduino_due_x_dbg/core.a(Print.cpp.o)
                0x000811e8                Print::println()
 .text._ZN5Print5writeEPKc
                0x00081200       0x20 C:\Users\monkey\AppData\Local\VMicro\Arduino\Builds\Arduino\arduino_due_x_dbg/core.a(Print.cpp.o)
                0x00081200                Print::write(char const*)
 .text._ZN5Print11printNumberEmh
                0x00081220       0x3e C:\Users\monkey\AppData\Local\VMicro\Arduino\Builds\Arduino\arduino_due_x_dbg/core.a(Print.cpp.o)
                0x00081220                Print::printNumber(unsigned long, unsigned char)
 .text._ZN5Print5printEli
                0x0008125e       0x42 C:\Users\monkey\AppData\Local\VMicro\Arduino\Builds\Arduino\arduino_due_x_dbg/core.a(Print.cpp.o)
                0x0008125e                Print::print(long, int)
 .text._ZN5Print5printEii
                0x000812a0        0x4 C:\Users\monkey\AppData\Local\VMicro\Arduino\Builds\Arduino\arduino_due_x_dbg/core.a(Print.cpp.o)
                0x000812a0                Print::print(int, int)
 .text.initiateReset
                0x000812a4        0xc C:\Users\monkey\AppData\Local\VMicro\Arduino\Builds\Arduino\arduino_due_x_dbg/core.a(Reset.cpp.o)
                0x000812a4                initiateReset
 .text.cancelReset
                0x000812b0       0x10 C:\Users\monkey\AppData\Local\VMicro\Arduino\Builds\Arduino\arduino_due_x_dbg/core.a(Reset.cpp.o)
                0x000812b0                cancelReset
 .text.tickReset
                0x000812c0       0x20 C:\Users\monkey\AppData\Local\VMicro\Arduino\Builds\Arduino\arduino_due_x_dbg/core.a(Reset.cpp.o)
                0x000812c0                tickReset
 .text._ZN9UARTClasscvbEv
                0x000812e0        0x4 C:\Users\monkey\AppData\Local\VMicro\Arduino\Builds\Arduino\arduino_due_x_dbg/core.a(UARTClass.cpp.o)
                0x000812e0                UARTClass::operator bool()
 .text._ZN9UARTClassC1EP4Uart4IRQnmP10RingBuffer
                0x000812e4       0x24 C:\Users\monkey\AppData\Local\VMicro\Arduino\Builds\Arduino\arduino_due_x_dbg/core.a(UARTClass.cpp.o)
                0x000812e4                UARTClass::UARTClass(Uart*, IRQn, unsigned long, RingBuffer*)
 .text._ZN9UARTClass9availableEv
                0x00081308        0xe C:\Users\monkey\AppData\Local\VMicro\Arduino\Builds\Arduino\arduino_due_x_dbg/core.a(UARTClass.cpp.o)
                0x00081308                UARTClass::available()
 .text._ZN9UARTClass4peekEv
                0x00081316       0x12 C:\Users\monkey\AppData\Local\VMicro\Arduino\Builds\Arduino\arduino_due_x_dbg/core.a(UARTClass.cpp.o)
                0x00081316                UARTClass::peek()
 .text._ZN9UARTClass4readEv
                0x00081328       0x1c C:\Users\monkey\AppData\Local\VMicro\Arduino\Builds\Arduino\arduino_due_x_dbg/core.a(UARTClass.cpp.o)
                0x00081328                UARTClass::read()
 .text._ZN9UARTClass5flushEv
                0x00081344        0xc C:\Users\monkey\AppData\Local\VMicro\Arduino\Builds\Arduino\arduino_due_x_dbg/core.a(UARTClass.cpp.o)
                0x00081344                UARTClass::flush()
 .text._ZN9UARTClass5writeEh
                0x00081350       0x10 C:\Users\monkey\AppData\Local\VMicro\Arduino\Builds\Arduino\arduino_due_x_dbg/core.a(UARTClass.cpp.o)
                0x00081350                UARTClass::write(unsigned char)
 .text._ZN9UARTClass10IrqHandlerEv
                0x00081360       0x2a C:\Users\monkey\AppData\Local\VMicro\Arduino\Builds\Arduino\arduino_due_x_dbg/core.a(UARTClass.cpp.o)
                0x00081360                UARTClass::IrqHandler()
 *fill*         0x0008138a        0x2 00
 .text._ZN9UARTClass3endEv
                0x0008138c       0x38 C:\Users\monkey\AppData\Local\VMicro\Arduino\Builds\Arduino\arduino_due_x_dbg/core.a(UARTClass.cpp.o)
                0x0008138c                UARTClass::end()
 .text._ZN9UARTClass5beginEm
                0x000813c4       0x5c C:\Users\monkey\AppData\Local\VMicro\Arduino\Builds\Arduino\arduino_due_x_dbg/core.a(UARTClass.cpp.o)
                0x000813c4                UARTClass::begin(unsigned long)
 .text._Z3maplllll
                0x00081420       0x1a C:\Users\monkey\AppData\Local\VMicro\Arduino\Builds\Arduino\arduino_due_x_dbg/core.a(WMath.cpp.o)
                0x00081420                map(long, long, long, long, long)
 *fill*         0x0008143a        0x2 00
 .text._Z16USBD_InitControli
                0x0008143c       0x14 C:\Users\monkey\AppData\Local\VMicro\Arduino\Builds\Arduino\arduino_due_x_dbg/core.a(USBCore.cpp.o)
                0x0008143c                USBD_InitControl(int)
 .text._ZL11USB_SendZlpv
                0x00081450       0x24 C:\Users\monkey\AppData\Local\VMicro\Arduino\Builds\Arduino\arduino_due_x_dbg/core.a(USBCore.cpp.o)
 .text._ZN10USBDevice_6attachEv
                0x00081474       0x20 C:\Users\monkey\AppData\Local\VMicro\Arduino\Builds\Arduino\arduino_due_x_dbg/core.a(USBCore.cpp.o)
                0x00081474                USBDevice_::attach()
 .text._ZN10USBDevice_C1Ev
                0x00081494       0x24 C:\Users\monkey\AppData\Local\VMicro\Arduino\Builds\Arduino\arduino_due_x_dbg/core.a(USBCore.cpp.o)
                0x00081494                USBDevice_::USBDevice_()
 .text._Z14USBD_Availablem
                0x000814b8       0x2c C:\Users\monkey\AppData\Local\VMicro\Arduino\Builds\Arduino\arduino_due_x_dbg/core.a(USBCore.cpp.o)
                0x000814b8                USBD_Available(unsigned long)
 .text._Z10USBD_Flushm
                0x000814e4       0x16 C:\Users\monkey\AppData\Local\VMicro\Arduino\Builds\Arduino\arduino_due_x_dbg/core.a(USBCore.cpp.o)
                0x000814e4                USBD_Flush(unsigned long)
 .text._Z24USBD_SendOtherInterfacesv
                0x000814fa       0x1c C:\Users\monkey\AppData\Local\VMicro\Arduino\Builds\Arduino\arduino_due_x_dbg/core.a(USBCore.cpp.o)
                0x000814fa                USBD_SendOtherInterfaces()
 .text._Z19USBD_SendInterfacesv
                0x00081516       0x1c C:\Users\monkey\AppData\Local\VMicro\Arduino\Builds\Arduino\arduino_due_x_dbg/core.a(USBCore.cpp.o)
                0x00081516                USBD_SendInterfaces()
 .text._Z26USBD_ClassInterfaceRequestR5Setup
                0x00081532       0x14 C:\Users\monkey\AppData\Local\VMicro\Arduino\Builds\Arduino\arduino_due_x_dbg/core.a(USBCore.cpp.o)
                0x00081532                USBD_ClassInterfaceRequest(Setup&)
 .text._Z16USBD_RecvControlPvm
                0x00081546       0x1c C:\Users\monkey\AppData\Local\VMicro\Arduino\Builds\Arduino\arduino_due_x_dbg/core.a(USBCore.cpp.o)
                0x00081546                USBD_RecvControl(void*, unsigned long)
 *fill*         0x00081562        0x2 00
 .text._Z16USBD_SendControlhPKvm
                0x00081564       0x40 C:\Users\monkey\AppData\Local\VMicro\Arduino\Builds\Arduino\arduino_due_x_dbg/core.a(USBCore.cpp.o)
                0x00081564                USBD_SendControl(unsigned char, void const*, unsigned long)
 .text._ZL24USB_SendStringDescriptorPKhi
                0x000815a4       0x42 C:\Users\monkey\AppData\Local\VMicro\Arduino\Builds\Arduino\arduino_due_x_dbg/core.a(USBCore.cpp.o)
 *fill*         0x000815e6        0x2 00
 .text._ZL7USB_ISRv
                0x000815e8      0x438 C:\Users\monkey\AppData\Local\VMicro\Arduino\Builds\Arduino\arduino_due_x_dbg/core.a(USBCore.cpp.o)
 .text._Z9USBD_SendmPKvm
                0x00081a20       0x4c C:\Users\monkey\AppData\Local\VMicro\Arduino\Builds\Arduino\arduino_due_x_dbg/core.a(USBCore.cpp.o)
                0x00081a20                USBD_Send(unsigned long, void const*, unsigned long)
 .text._Z9USBD_RecvmPvm
                0x00081a6c       0x7c C:\Users\monkey\AppData\Local\VMicro\Arduino\Builds\Arduino\arduino_due_x_dbg/core.a(USBCore.cpp.o)
                0x00081a6c                USBD_Recv(unsigned long, void*, unsigned long)
 .text._Z9USBD_Recvm
                0x00081ae8       0x1e C:\Users\monkey\AppData\Local\VMicro\Arduino\Builds\Arduino\arduino_due_x_dbg/core.a(USBCore.cpp.o)
                0x00081ae8                USBD_Recv(unsigned long)
 *fill*         0x00081b06        0x2 00
 .text._GLOBAL__I_TxLEDPulse
                0x00081b08        0xc C:\Users\monkey\AppData\Local\VMicro\Arduino\Builds\Arduino\arduino_due_x_dbg/core.a(USBCore.cpp.o)
 .text._Z11serialEventv
                0x00081b14        0x2 C:\Users\monkey\AppData\Local\VMicro\Arduino\Builds\Arduino\arduino_due_x_dbg/core.a(variant.cpp.o)
                0x00081b14                serialEvent()
 .text._Z12serialEvent1v
                0x00081b16        0x2 C:\Users\monkey\AppData\Local\VMicro\Arduino\Builds\Arduino\arduino_due_x_dbg/core.a(variant.cpp.o)
                0x00081b16                serialEvent1()
 .text._Z12serialEvent2v
                0x00081b18        0x2 C:\Users\monkey\AppData\Local\VMicro\Arduino\Builds\Arduino\arduino_due_x_dbg/core.a(variant.cpp.o)
                0x00081b18                serialEvent2()
 .text._Z12serialEvent3v
                0x00081b1a        0x2 C:\Users\monkey\AppData\Local\VMicro\Arduino\Builds\Arduino\arduino_due_x_dbg/core.a(variant.cpp.o)
                0x00081b1a                serialEvent3()
 .text.init     0x00081b1c      0x134 C:\Users\monkey\AppData\Local\VMicro\Arduino\Builds\Arduino\arduino_due_x_dbg/core.a(variant.cpp.o)
                0x00081b1c                init
 .text._Z14serialEventRunv
                0x00081c50       0x48 C:\Users\monkey\AppData\Local\VMicro\Arduino\Builds\Arduino\arduino_due_x_dbg/core.a(variant.cpp.o)
                0x00081c50                serialEventRun()
 .text.USART3_Handler
                0x00081c98        0xc C:\Users\monkey\AppData\Local\VMicro\Arduino\Builds\Arduino\arduino_due_x_dbg/core.a(variant.cpp.o)
                0x00081c98                USART3_Handler
 .text.USART1_Handler
                0x00081ca4        0xc C:\Users\monkey\AppData\Local\VMicro\Arduino\Builds\Arduino\arduino_due_x_dbg/core.a(variant.cpp.o)
                0x00081ca4                USART1_Handler
 .text.USART0_Handler
                0x00081cb0        0xc C:\Users\monkey\AppData\Local\VMicro\Arduino\Builds\Arduino\arduino_due_x_dbg/core.a(variant.cpp.o)
                0x00081cb0                USART0_Handler
 .text.UART_Handler
                0x00081cbc        0xc C:\Users\monkey\AppData\Local\VMicro\Arduino\Builds\Arduino\arduino_due_x_dbg/core.a(variant.cpp.o)
                0x00081cbc                UART_Handler
 .text._GLOBAL__I_g_APinDescription
                0x00081cc8       0x8c C:\Users\monkey\AppData\Local\VMicro\Arduino\Builds\Arduino\arduino_due_x_dbg/core.a(variant.cpp.o)
 .text._ZN10RingBuffer10store_charEh
                0x00081d54       0x16 C:\Users\monkey\AppData\Local\VMicro\Arduino\Builds\Arduino\arduino_due_x_dbg/core.a(RingBuffer.cpp.o)
                0x00081d54                RingBuffer::store_char(unsigned char)
 .text._ZN10RingBufferC1Ev
                0x00081d6a       0x16 C:\Users\monkey\AppData\Local\VMicro\Arduino\Builds\Arduino\arduino_due_x_dbg/core.a(RingBuffer.cpp.o)
                0x00081d6a                RingBuffer::RingBuffer()
 .text._ZN10USARTClasscvbEv
                0x00081d80        0x4 C:\Users\monkey\AppData\Local\VMicro\Arduino\Builds\Arduino\arduino_due_x_dbg/core.a(USARTClass.cpp.o)
                0x00081d80                USARTClass::operator bool()
 .text._ZN10USARTClassC1EP5Usart4IRQnmP10RingBuffer
                0x00081d84       0x24 C:\Users\monkey\AppData\Local\VMicro\Arduino\Builds\Arduino\arduino_due_x_dbg/core.a(USARTClass.cpp.o)
                0x00081d84                USARTClass::USARTClass(Usart*, IRQn, unsigned long, RingBuffer*)
 .text._ZN10USARTClass9availableEv
                0x00081da8        0xe C:\Users\monkey\AppData\Local\VMicro\Arduino\Builds\Arduino\arduino_due_x_dbg/core.a(USARTClass.cpp.o)
                0x00081da8                USARTClass::available()
 .text._ZN10USARTClass4peekEv
                0x00081db6       0x12 C:\Users\monkey\AppData\Local\VMicro\Arduino\Builds\Arduino\arduino_due_x_dbg/core.a(USARTClass.cpp.o)
                0x00081db6                USARTClass::peek()
 .text._ZN10USARTClass4readEv
                0x00081dc8       0x1c C:\Users\monkey\AppData\Local\VMicro\Arduino\Builds\Arduino\arduino_due_x_dbg/core.a(USARTClass.cpp.o)
                0x00081dc8                USARTClass::read()
 .text._ZN10USARTClass5flushEv
                0x00081de4        0xc C:\Users\monkey\AppData\Local\VMicro\Arduino\Builds\Arduino\arduino_due_x_dbg/core.a(USARTClass.cpp.o)
                0x00081de4                USARTClass::flush()
 .text._ZN10USARTClass5writeEh
                0x00081df0       0x10 C:\Users\monkey\AppData\Local\VMicro\Arduino\Builds\Arduino\arduino_due_x_dbg/core.a(USARTClass.cpp.o)
                0x00081df0                USARTClass::write(unsigned char)
 .text._ZN10USARTClass10IrqHandlerEv
                0x00081e00       0x2a C:\Users\monkey\AppData\Local\VMicro\Arduino\Builds\Arduino\arduino_due_x_dbg/core.a(USARTClass.cpp.o)
                0x00081e00                USARTClass::IrqHandler()
 *fill*         0x00081e2a        0x2 00
 .text._ZN10USARTClass3endEv
                0x00081e2c       0x38 C:\Users\monkey\AppData\Local\VMicro\Arduino\Builds\Arduino\arduino_due_x_dbg/core.a(USARTClass.cpp.o)
                0x00081e2c                USARTClass::end()
 .text._ZN10USARTClass5beginEm
                0x00081e64       0x5c C:\Users\monkey\AppData\Local\VMicro\Arduino\Builds\Arduino\arduino_due_x_dbg/core.a(USARTClass.cpp.o)
                0x00081e64                USARTClass::begin(unsigned long)
 .text._ZN7Serial_9availableEv
                0x00081ec0       0x18 C:\Users\monkey\AppData\Local\VMicro\Arduino\Builds\Arduino\arduino_due_x_dbg/core.a(CDC.cpp.o)
                0x00081ec0                Serial_::available()
 .text._ZN7Serial_4peekEv
                0x00081ed8       0x20 C:\Users\monkey\AppData\Local\VMicro\Arduino\Builds\Arduino\arduino_due_x_dbg/core.a(CDC.cpp.o)
                0x00081ed8                Serial_::peek()
 .text._ZN7Serial_5writeEh
                0x00081ef8       0x14 C:\Users\monkey\AppData\Local\VMicro\Arduino\Builds\Arduino\arduino_due_x_dbg/core.a(CDC.cpp.o)
                0x00081ef8                Serial_::write(unsigned char)
 .text._ZN7Serial_5writeEPKhj
                0x00081f0c       0x28 C:\Users\monkey\AppData\Local\VMicro\Arduino\Builds\Arduino\arduino_due_x_dbg/core.a(CDC.cpp.o)
                0x00081f0c                Serial_::write(unsigned char const*, unsigned int)
 .text._ZN7Serial_5flushEv
                0x00081f34        0x6 C:\Users\monkey\AppData\Local\VMicro\Arduino\Builds\Arduino\arduino_due_x_dbg/core.a(CDC.cpp.o)
                0x00081f34                Serial_::flush()
 *fill*         0x00081f3a        0x2 00
 .text._ZN7Serial_4readEv
                0x00081f3c       0x44 C:\Users\monkey\AppData\Local\VMicro\Arduino\Builds\Arduino\arduino_due_x_dbg/core.a(CDC.cpp.o)
                0x00081f3c                Serial_::read()
 .text._ZN7Serial_6acceptEv
                0x00081f80       0x6c C:\Users\monkey\AppData\Local\VMicro\Arduino\Builds\Arduino\arduino_due_x_dbg/core.a(CDC.cpp.o)
                0x00081f80                Serial_::accept()
 .text._Z21CDC_GetOtherInterfacePh
                0x00081fec       0x14 C:\Users\monkey\AppData\Local\VMicro\Arduino\Builds\Arduino\arduino_due_x_dbg/core.a(CDC.cpp.o)
                0x00081fec                CDC_GetOtherInterface(unsigned char*)
 .text._Z16CDC_GetInterfacePh
                0x00082000       0x14 C:\Users\monkey\AppData\Local\VMicro\Arduino\Builds\Arduino\arduino_due_x_dbg/core.a(CDC.cpp.o)
                0x00082000                CDC_GetInterface(unsigned char*)
 .text._Z9CDC_SetupR5Setup
                0x00082014       0x60 C:\Users\monkey\AppData\Local\VMicro\Arduino\Builds\Arduino\arduino_due_x_dbg/core.a(CDC.cpp.o)
                0x00082014                CDC_Setup(Setup&)
 .text._GLOBAL__I_cdc_rx_buffer
                0x00082074       0x1c C:\Users\monkey\AppData\Local\VMicro\Arduino\Builds\Arduino\arduino_due_x_dbg/core.a(CDC.cpp.o)
 .text._Z9HID_SetupR5Setup
                0x00082090       0x44 C:\Users\monkey\AppData\Local\VMicro\Arduino\Builds\Arduino\arduino_due_x_dbg/core.a(HID.cpp.o)
                0x00082090                HID_Setup(Setup&)
 .text._ZN6Mouse_C1Ev
                0x000820d4        0x6 C:\Users\monkey\AppData\Local\VMicro\Arduino\Builds\Arduino\arduino_due_x_dbg/core.a(HID.cpp.o)
                0x000820d4                Mouse_::Mouse_()
 *fill*         0x000820da        0x2 00
 .text._ZN9Keyboard_C1Ev
                0x000820dc       0x10 C:\Users\monkey\AppData\Local\VMicro\Arduino\Builds\Arduino\arduino_due_x_dbg/core.a(HID.cpp.o)
                0x000820dc                Keyboard_::Keyboard_()
 .text._ZN9Keyboard_5writeEh
                0x000820ec       0x1c C:\Users\monkey\AppData\Local\VMicro\Arduino\Builds\Arduino\arduino_due_x_dbg/core.a(HID.cpp.o)
                0x000820ec                Keyboard_::write(unsigned char)
 .text._Z14HID_SendReporthPKvm
                0x00082108       0x2c C:\Users\monkey\AppData\Local\VMicro\Arduino\Builds\Arduino\arduino_due_x_dbg/core.a(HID.cpp.o)
                0x00082108                HID_SendReport(unsigned char, void const*, unsigned long)
 .text._ZN9Keyboard_10sendReportEP9KeyReport
                0x00082134        0x8 C:\Users\monkey\AppData\Local\VMicro\Arduino\Builds\Arduino\arduino_due_x_dbg/core.a(HID.cpp.o)
                0x00082134                Keyboard_::sendReport(KeyReport*)
 .text._ZN9Keyboard_10releaseAllEv
                0x0008213c       0x18 C:\Users\monkey\AppData\Local\VMicro\Arduino\Builds\Arduino\arduino_due_x_dbg/core.a(HID.cpp.o)
                0x0008213c                Keyboard_::releaseAll()
 .text._ZN9Keyboard_7releaseEh
                0x00082154       0x74 C:\Users\monkey\AppData\Local\VMicro\Arduino\Builds\Arduino\arduino_due_x_dbg/core.a(HID.cpp.o)
                0x00082154                Keyboard_::release(unsigned char)
 .text._ZN9Keyboard_5pressEh
                0x000821c8       0x9c C:\Users\monkey\AppData\Local\VMicro\Arduino\Builds\Arduino\arduino_due_x_dbg/core.a(HID.cpp.o)
                0x000821c8                Keyboard_::press(unsigned char)
 .text._Z17HID_GetDescriptori
                0x00082264       0x10 C:\Users\monkey\AppData\Local\VMicro\Arduino\Builds\Arduino\arduino_due_x_dbg/core.a(HID.cpp.o)
                0x00082264                HID_GetDescriptor(int)
 .text._Z16HID_GetInterfacePh
                0x00082274       0x14 C:\Users\monkey\AppData\Local\VMicro\Arduino\Builds\Arduino\arduino_due_x_dbg/core.a(HID.cpp.o)
                0x00082274                HID_GetInterface(unsigned char*)
 .text._GLOBAL__I_Mouse
                0x00082288       0x1c C:\Users\monkey\AppData\Local\VMicro\Arduino\Builds\Arduino\arduino_due_x_dbg/core.a(HID.cpp.o)
 .text.FindClockConfiguration
                0x000822a4       0x7c C:\Users\monkey\Documents\Archivos\Programas\arduino-1.5.6\hardware\arduino\sam\variants\arduino_due_x/libsam_sam3x8e_gcc_rel.a(pwmc.o)
 .text.PWMC_ConfigureChannel
                0x00082320       0x60 C:\Users\monkey\Documents\Archivos\Programas\arduino-1.5.6\hardware\arduino\sam\variants\arduino_due_x/libsam_sam3x8e_gcc_rel.a(pwmc.o)
                0x00082320                PWMC_ConfigureChannel
 .text.PWMC_ConfigureClocks
                0x00082380       0x54 C:\Users\monkey\Documents\Archivos\Programas\arduino-1.5.6\hardware\arduino\sam\variants\arduino_due_x/libsam_sam3x8e_gcc_rel.a(pwmc.o)
                0x00082380                PWMC_ConfigureClocks
 .text.PWMC_SetPeriod
                0x000823d4       0x1a C:\Users\monkey\Documents\Archivos\Programas\arduino-1.5.6\hardware\arduino\sam\variants\arduino_due_x/libsam_sam3x8e_gcc_rel.a(pwmc.o)
                0x000823d4                PWMC_SetPeriod
 *fill*         0x000823ee        0x2 00
 .text.PWMC_SetDutyCycle
                0x000823f0       0x48 C:\Users\monkey\Documents\Archivos\Programas\arduino-1.5.6\hardware\arduino\sam\variants\arduino_due_x/libsam_sam3x8e_gcc_rel.a(pwmc.o)
                0x000823f0                PWMC_SetDutyCycle
 .text.PWMC_EnableChannel
                0x00082438        0x8 C:\Users\monkey\Documents\Archivos\Programas\arduino-1.5.6\hardware\arduino\sam\variants\arduino_due_x/libsam_sam3x8e_gcc_rel.a(pwmc.o)
                0x00082438                PWMC_EnableChannel
 .text.TC_Configure
                0x00082440       0x38 C:\Users\monkey\Documents\Archivos\Programas\arduino-1.5.6\hardware\arduino\sam\variants\arduino_due_x/libsam_sam3x8e_gcc_rel.a(tc.o)
                0x00082440                TC_Configure
 .text.TC_Start
                0x00082478       0x2c C:\Users\monkey\Documents\Archivos\Programas\arduino-1.5.6\hardware\arduino\sam\variants\arduino_due_x/libsam_sam3x8e_gcc_rel.a(tc.o)
                0x00082478                TC_Start
 .text.TC_SetRA
                0x000824a4        0x8 C:\Users\monkey\Documents\Archivos\Programas\arduino-1.5.6\hardware\arduino\sam\variants\arduino_due_x/libsam_sam3x8e_gcc_rel.a(tc.o)
                0x000824a4                TC_SetRA
 .text.TC_SetRB
                0x000824ac        0x8 C:\Users\monkey\Documents\Archivos\Programas\arduino-1.5.6\hardware\arduino\sam\variants\arduino_due_x/libsam_sam3x8e_gcc_rel.a(tc.o)
                0x000824ac                TC_SetRB
 .text.TC_SetRC
                0x000824b4        0x8 C:\Users\monkey\Documents\Archivos\Programas\arduino-1.5.6\hardware\arduino\sam\variants\arduino_due_x/libsam_sam3x8e_gcc_rel.a(tc.o)
                0x000824b4                TC_SetRC
 .text.TimeTick_Increment
                0x000824bc       0x10 C:\Users\monkey\Documents\Archivos\Programas\arduino-1.5.6\hardware\arduino\sam\variants\arduino_due_x/libsam_sam3x8e_gcc_rel.a(timetick.o)
                0x000824bc                TimeTick_Increment
 .text.GetTickCount
                0x000824cc        0xc C:\Users\monkey\Documents\Archivos\Programas\arduino-1.5.6\hardware\arduino\sam\variants\arduino_due_x/libsam_sam3x8e_gcc_rel.a(timetick.o)
                0x000824cc                GetTickCount
 .text.WDT_Disable
                0x000824d8        0x8 C:\Users\monkey\Documents\Archivos\Programas\arduino-1.5.6\hardware\arduino\sam\variants\arduino_due_x/libsam_sam3x8e_gcc_rel.a(wdt.o)
                0x000824d8                WDT_Disable
 .text.SystemInit
                0x000824e0       0x9c C:\Users\monkey\Documents\Archivos\Programas\arduino-1.5.6\hardware\arduino\sam\variants\arduino_due_x/libsam_sam3x8e_gcc_rel.a(system_sam3xa.o)
                0x000824e0                SystemInit
 .text.adc_init
                0x0008257c       0xa0 C:\Users\monkey\Documents\Archivos\Programas\arduino-1.5.6\hardware\arduino\sam\variants\arduino_due_x/libsam_sam3x8e_gcc_rel.a(adc.o)
                0x0008257c                adc_init
 .text.adc_configure_trigger
                0x0008261c       0x10 C:\Users\monkey\Documents\Archivos\Programas\arduino-1.5.6\hardware\arduino\sam\variants\arduino_due_x/libsam_sam3x8e_gcc_rel.a(adc.o)
                0x0008261c                adc_configure_trigger
 .text.adc_configure_timing
                0x0008262c       0x1a C:\Users\monkey\Documents\Archivos\Programas\arduino-1.5.6\hardware\arduino\sam\variants\arduino_due_x/libsam_sam3x8e_gcc_rel.a(adc.o)
                0x0008262c                adc_configure_timing
 .text.adc_disable_all_channel
                0x00082646        0x8 C:\Users\monkey\Documents\Archivos\Programas\arduino-1.5.6\hardware\arduino\sam\variants\arduino_due_x/libsam_sam3x8e_gcc_rel.a(adc.o)
                0x00082646                adc_disable_all_channel
 .text.adc_disable_interrupt
                0x0008264e        0x4 C:\Users\monkey\Documents\Archivos\Programas\arduino-1.5.6\hardware\arduino\sam\variants\arduino_due_x/libsam_sam3x8e_gcc_rel.a(adc.o)
                0x0008264e                adc_disable_interrupt
 *fill*         0x00082652        0x2 00
 .text.UDD_SetStack
                0x00082654        0xc C:\Users\monkey\Documents\Archivos\Programas\arduino-1.5.6\hardware\arduino\sam\variants\arduino_due_x/libsam_sam3x8e_gcc_rel.a(uotghs_device.o)
                0x00082654                UDD_SetStack
 .text.UDD_Init
                0x00082660       0xd0 C:\Users\monkey\Documents\Archivos\Programas\arduino-1.5.6\hardware\arduino\sam\variants\arduino_due_x/libsam_sam3x8e_gcc_rel.a(uotghs_device.o)
                0x00082660                UDD_Init
 .text.UDD_Attach
                0x00082730       0x4c C:\Users\monkey\Documents\Archivos\Programas\arduino-1.5.6\hardware\arduino\sam\variants\arduino_due_x/libsam_sam3x8e_gcc_rel.a(uotghs_device.o)
                0x00082730                UDD_Attach
 .text.UDD_InitEP
                0x0008277c       0x30 C:\Users\monkey\Documents\Archivos\Programas\arduino-1.5.6\hardware\arduino\sam\variants\arduino_due_x/libsam_sam3x8e_gcc_rel.a(uotghs_device.o)
                0x0008277c                UDD_InitEP
 .text.UDD_InitEndpoints
                0x000827ac       0x3c C:\Users\monkey\Documents\Archivos\Programas\arduino-1.5.6\hardware\arduino\sam\variants\arduino_due_x/libsam_sam3x8e_gcc_rel.a(uotghs_device.o)
                0x000827ac                UDD_InitEndpoints
 .text.UDD_WaitIN
                0x000827e8       0x14 C:\Users\monkey\Documents\Archivos\Programas\arduino-1.5.6\hardware\arduino\sam\variants\arduino_due_x/libsam_sam3x8e_gcc_rel.a(uotghs_device.o)
                0x000827e8                UDD_WaitIN
 .text.UDD_WaitOUT
                0x000827fc       0x14 C:\Users\monkey\Documents\Archivos\Programas\arduino-1.5.6\hardware\arduino\sam\variants\arduino_due_x/libsam_sam3x8e_gcc_rel.a(uotghs_device.o)
                0x000827fc                UDD_WaitOUT
 .text.UDD_ClearIN
                0x00082810       0x18 C:\Users\monkey\Documents\Archivos\Programas\arduino-1.5.6\hardware\arduino\sam\variants\arduino_due_x/libsam_sam3x8e_gcc_rel.a(uotghs_device.o)
                0x00082810                UDD_ClearIN
 .text.UDD_ClearOUT
                0x00082828       0x18 C:\Users\monkey\Documents\Archivos\Programas\arduino-1.5.6\hardware\arduino\sam\variants\arduino_due_x/libsam_sam3x8e_gcc_rel.a(uotghs_device.o)
                0x00082828                UDD_ClearOUT
 .text.UDD_ReceivedSetupInt
                0x00082840       0x10 C:\Users\monkey\Documents\Archivos\Programas\arduino-1.5.6\hardware\arduino\sam\variants\arduino_due_x/libsam_sam3x8e_gcc_rel.a(uotghs_device.o)
                0x00082840                UDD_ReceivedSetupInt
 .text.UDD_ClearSetupInt
                0x00082850       0x10 C:\Users\monkey\Documents\Archivos\Programas\arduino-1.5.6\hardware\arduino\sam\variants\arduino_due_x/libsam_sam3x8e_gcc_rel.a(uotghs_device.o)
                0x00082850                UDD_ClearSetupInt
 .text.UDD_Send
                0x00082860       0x90 C:\Users\monkey\Documents\Archivos\Programas\arduino-1.5.6\hardware\arduino\sam\variants\arduino_due_x/libsam_sam3x8e_gcc_rel.a(uotghs_device.o)
                0x00082860                UDD_Send
 .text.UDD_Send8
                0x000828f0       0x28 C:\Users\monkey\Documents\Archivos\Programas\arduino-1.5.6\hardware\arduino\sam\variants\arduino_due_x/libsam_sam3x8e_gcc_rel.a(uotghs_device.o)
                0x000828f0                UDD_Send8
 .text.UDD_Recv8
                0x00082918       0x28 C:\Users\monkey\Documents\Archivos\Programas\arduino-1.5.6\hardware\arduino\sam\variants\arduino_due_x/libsam_sam3x8e_gcc_rel.a(uotghs_device.o)
                0x00082918                UDD_Recv8
 .text.UDD_Recv
                0x00082940       0x34 C:\Users\monkey\Documents\Archivos\Programas\arduino-1.5.6\hardware\arduino\sam\variants\arduino_due_x/libsam_sam3x8e_gcc_rel.a(uotghs_device.o)
                0x00082940                UDD_Recv
 .text.UDD_Stall
                0x00082974       0x14 C:\Users\monkey\Documents\Archivos\Programas\arduino-1.5.6\hardware\arduino\sam\variants\arduino_due_x/libsam_sam3x8e_gcc_rel.a(uotghs_device.o)
                0x00082974                UDD_Stall
 .text.UDD_FifoByteCount
                0x00082988       0x1c C:\Users\monkey\Documents\Archivos\Programas\arduino-1.5.6\hardware\arduino\sam\variants\arduino_due_x/libsam_sam3x8e_gcc_rel.a(uotghs_device.o)
                0x00082988                UDD_FifoByteCount
 .text.UDD_ReleaseRX
                0x000829a4       0x2c C:\Users\monkey\Documents\Archivos\Programas\arduino-1.5.6\hardware\arduino\sam\variants\arduino_due_x/libsam_sam3x8e_gcc_rel.a(uotghs_device.o)
                0x000829a4                UDD_ReleaseRX
 .text.UDD_ReleaseTX
                0x000829d0       0x2c C:\Users\monkey\Documents\Archivos\Programas\arduino-1.5.6\hardware\arduino\sam\variants\arduino_due_x/libsam_sam3x8e_gcc_rel.a(uotghs_device.o)
                0x000829d0                UDD_ReleaseTX
 .text.UDD_SetAddress
                0x000829fc       0x20 C:\Users\monkey\Documents\Archivos\Programas\arduino-1.5.6\hardware\arduino\sam\variants\arduino_due_x/libsam_sam3x8e_gcc_rel.a(uotghs_device.o)
                0x000829fc                UDD_SetAddress
 .text.dacc_reset
                0x00082a1c        0x6 C:\Users\monkey\Documents\Archivos\Programas\arduino-1.5.6\hardware\arduino\sam\variants\arduino_due_x/libsam_sam3x8e_gcc_rel.a(dacc.o)
                0x00082a1c                dacc_reset
 .text.dacc_set_transfer_mode
                0x00082a22       0x16 C:\Users\monkey\Documents\Archivos\Programas\arduino-1.5.6\hardware\arduino\sam\variants\arduino_due_x/libsam_sam3x8e_gcc_rel.a(dacc.o)
                0x00082a22                dacc_set_transfer_mode
 .text.dacc_get_interrupt_status
                0x00082a38        0x4 C:\Users\monkey\Documents\Archivos\Programas\arduino-1.5.6\hardware\arduino\sam\variants\arduino_due_x/libsam_sam3x8e_gcc_rel.a(dacc.o)
                0x00082a38                dacc_get_interrupt_status
 .text.dacc_write_conversion_data
                0x00082a3c        0x4 C:\Users\monkey\Documents\Archivos\Programas\arduino-1.5.6\hardware\arduino\sam\variants\arduino_due_x/libsam_sam3x8e_gcc_rel.a(dacc.o)
                0x00082a3c                dacc_write_conversion_data
 .text.dacc_set_channel_selection
                0x00082a40       0x18 C:\Users\monkey\Documents\Archivos\Programas\arduino-1.5.6\hardware\arduino\sam\variants\arduino_due_x/libsam_sam3x8e_gcc_rel.a(dacc.o)
                0x00082a40                dacc_set_channel_selection
 .text.dacc_set_power_save
                0x00082a58       0x28 C:\Users\monkey\Documents\Archivos\Programas\arduino-1.5.6\hardware\arduino\sam\variants\arduino_due_x/libsam_sam3x8e_gcc_rel.a(dacc.o)
                0x00082a58                dacc_set_power_save
 .text.dacc_set_timing
                0x00082a80       0x30 C:\Users\monkey\Documents\Archivos\Programas\arduino-1.5.6\hardware\arduino\sam\variants\arduino_due_x/libsam_sam3x8e_gcc_rel.a(dacc.o)
                0x00082a80                dacc_set_timing
 .text.dacc_enable_channel
                0x00082ab0       0x14 C:\Users\monkey\Documents\Archivos\Programas\arduino-1.5.6\hardware\arduino\sam\variants\arduino_due_x/libsam_sam3x8e_gcc_rel.a(dacc.o)
                0x00082ab0                dacc_enable_channel
 .text.dacc_get_channel_status
                0x00082ac4        0x4 C:\Users\monkey\Documents\Archivos\Programas\arduino-1.5.6\hardware\arduino\sam\variants\arduino_due_x/libsam_sam3x8e_gcc_rel.a(dacc.o)
                0x00082ac4                dacc_get_channel_status
 .text.dacc_set_analog_control
                0x00082ac8        0x8 C:\Users\monkey\Documents\Archivos\Programas\arduino-1.5.6\hardware\arduino\sam\variants\arduino_due_x/libsam_sam3x8e_gcc_rel.a(dacc.o)
                0x00082ac8                dacc_set_analog_control
 .text          0x00082ad0       0x54 c:/users/monkey/documents/archivos/programas/arduino-1.5.6/hardware/tools/g++_arm_none_eabi/bin/../lib/gcc/arm-none-eabi/4.4.1/../../../../arm-none-eabi/lib/thumb2\libc.a(lib_a-assert.o)
                0x00082ad0                __assert_func
                0x00082b18                __assert
 .text          0x00082b24       0x4c c:/users/monkey/documents/archivos/programas/arduino-1.5.6/hardware/tools/g++_arm_none_eabi/bin/../lib/gcc/arm-none-eabi/4.4.1/../../../../arm-none-eabi/lib/thumb2\libc.a(lib_a-fiprintf.o)
                0x00082b24                fiprintf
                0x00082b50                _fiprintf_r
 .text          0x00082b70       0x50 c:/users/monkey/documents/archivos/programas/arduino-1.5.6/hardware/tools/g++_arm_none_eabi/bin/../lib/gcc/arm-none-eabi/4.4.1/../../../../arm-none-eabi/lib/thumb2\libc.a(lib_a-init.o)
                0x00082b70                __libc_init_array
 .text          0x00082bc0       0x64 c:/users/monkey/documents/archivos/programas/arduino-1.5.6/hardware/tools/g++_arm_none_eabi/bin/../lib/gcc/arm-none-eabi/4.4.1/../../../../arm-none-eabi/lib/thumb2\libc.a(lib_a-iprintf.o)
                0x00082bc0                _iprintf_r
                0x00082bec                iprintf
 .text          0x00082c24       0xd4 c:/users/monkey/documents/archivos/programas/arduino-1.5.6/hardware/tools/g++_arm_none_eabi/bin/../lib/gcc/arm-none-eabi/4.4.1/../../../../arm-none-eabi/lib/thumb2\libc.a(lib_a-memset.o)
                0x00082c24                memset
 .text          0x00082cf8       0x60 c:/users/monkey/documents/archivos/programas/arduino-1.5.6/hardware/tools/g++_arm_none_eabi/bin/../lib/gcc/arm-none-eabi/4.4.1/../../../../arm-none-eabi/lib/thumb2\libc.a(lib_a-strlen.o)
                0x00082cf8                strlen
 .text          0x00082d58      0xd38 c:/users/monkey/documents/archivos/programas/arduino-1.5.6/hardware/tools/g++_arm_none_eabi/bin/../lib/gcc/arm-none-eabi/4.4.1/../../../../arm-none-eabi/lib/thumb2\libc.a(lib_a-vfiprintf.o)
                0x00082d74                _vfiprintf_r
                0x00083a74                vfiprintf
 .text          0x00083a90      0x104 c:/users/monkey/documents/archivos/programas/arduino-1.5.6/hardware/tools/g++_arm_none_eabi/bin/../lib/gcc/arm-none-eabi/4.4.1/../../../../arm-none-eabi/lib/thumb2\libc.a(lib_a-wsetup.o)
                0x00083a90                __swsetup_r
 .text          0x00083b94       0x10 c:/users/monkey/documents/archivos/programas/arduino-1.5.6/hardware/tools/g++_arm_none_eabi/bin/../lib/gcc/arm-none-eabi/4.4.1/../../../../arm-none-eabi/lib/thumb2\libc.a(lib_a-abort.o)
                0x00083b94                abort
 .text          0x00083ba4      0x178 c:/users/monkey/documents/archivos/programas/arduino-1.5.6/hardware/tools/g++_arm_none_eabi/bin/../lib/gcc/arm-none-eabi/4.4.1/../../../../arm-none-eabi/lib/thumb2\libc.a(lib_a-fflush.o)
                0x00083ba4                _fflush_r
                0x00083cf4                fflush
 .text          0x00083d1c      0x1c8 c:/users/monkey/documents/archivos/programas/arduino-1.5.6/hardware/tools/g++_arm_none_eabi/bin/../lib/gcc/arm-none-eabi/4.4.1/../../../../arm-none-eabi/lib/thumb2\libc.a(lib_a-findfp.o)
                0x00083d1c                __sfp_lock_acquire
                0x00083d20                __sfp_lock_release
                0x00083d24                __sinit_lock_acquire
                0x00083d28                __sinit_lock_release
                0x00083d34                __fp_unlock_all
                0x00083d4c                __fp_lock_all
                0x00083d64                _cleanup_r
                0x00083d70                _cleanup
                0x00083dcc                __sfmoreglue
                0x00083dfc                __sfp
                0x00083e84                __sinit
 .text          0x00083ee4      0x268 c:/users/monkey/documents/archivos/programas/arduino-1.5.6/hardware/tools/g++_arm_none_eabi/bin/../lib/gcc/arm-none-eabi/4.4.1/../../../../arm-none-eabi/lib/thumb2\libc.a(lib_a-freer.o)
                0x00083ee4                _malloc_trim_r
                0x00083f8c                _free_r
 .text          0x0008414c      0x334 c:/users/monkey/documents/archivos/programas/arduino-1.5.6/hardware/tools/g++_arm_none_eabi/bin/../lib/gcc/arm-none-eabi/4.4.1/../../../../arm-none-eabi/lib/thumb2\libc.a(lib_a-fvwrite.o)
                0x0008414c                __sfvwrite_r
 .text          0x00084480       0xa0 c:/users/monkey/documents/archivos/programas/arduino-1.5.6/hardware/tools/g++_arm_none_eabi/bin/../lib/gcc/arm-none-eabi/4.4.1/../../../../arm-none-eabi/lib/thumb2\libc.a(lib_a-fwalk.o)
                0x00084480                _fwalk_reent
                0x000844d4                _fwalk
 .text          0x00084520       0xdc c:/users/monkey/documents/archivos/programas/arduino-1.5.6/hardware/tools/g++_arm_none_eabi/bin/../lib/gcc/arm-none-eabi/4.4.1/../../../../arm-none-eabi/lib/thumb2\libc.a(lib_a-makebuf.o)
                0x00084520                __smakebuf_r
 .text          0x000845fc      0x5a4 c:/users/monkey/documents/archivos/programas/arduino-1.5.6/hardware/tools/g++_arm_none_eabi/bin/../lib/gcc/arm-none-eabi/4.4.1/../../../../arm-none-eabi/lib/thumb2\libc.a(lib_a-mallocr.o)
                0x000845fc                _malloc_r
 .text          0x00084ba0       0x74 c:/users/monkey/documents/archivos/programas/arduino-1.5.6/hardware/tools/g++_arm_none_eabi/bin/../lib/gcc/arm-none-eabi/4.4.1/../../../../arm-none-eabi/lib/thumb2\libc.a(lib_a-memchr.o)
                0x00084ba0                memchr
 .text          0x00084c14      0x190 c:/users/monkey/documents/archivos/programas/arduino-1.5.6/hardware/tools/g++_arm_none_eabi/bin/../lib/gcc/arm-none-eabi/4.4.1/../../../../arm-none-eabi/lib/thumb2\libc.a(lib_a-memcpy.o)
                0x00084c14                memcpy
 .text          0x00084da4       0xb8 c:/users/monkey/documents/archivos/programas/arduino-1.5.6/hardware/tools/g++_arm_none_eabi/bin/../lib/gcc/arm-none-eabi/4.4.1/../../../../arm-none-eabi/lib/thumb2\libc.a(lib_a-memmove.o)
                0x00084da4                memmove
 .text          0x00084e5c        0x8 c:/users/monkey/documents/archivos/programas/arduino-1.5.6/hardware/tools/g++_arm_none_eabi/bin/../lib/gcc/arm-none-eabi/4.4.1/../../../../arm-none-eabi/lib/thumb2\libc.a(lib_a-mlock.o)
                0x00084e5c                __malloc_lock
                0x00084e60                __malloc_unlock
 .text          0x00084e64      0x3b4 c:/users/monkey/documents/archivos/programas/arduino-1.5.6/hardware/tools/g++_arm_none_eabi/bin/../lib/gcc/arm-none-eabi/4.4.1/../../../../arm-none-eabi/lib/thumb2\libc.a(lib_a-reallocr.o)
                0x00084e64                _realloc_r
 .text          0x00085218       0x28 c:/users/monkey/documents/archivos/programas/arduino-1.5.6/hardware/tools/g++_arm_none_eabi/bin/../lib/gcc/arm-none-eabi/4.4.1/../../../../arm-none-eabi/lib/thumb2\libc.a(lib_a-sbrkr.o)
                0x00085218                _sbrk_r
 .text          0x00085240      0x14c c:/users/monkey/documents/archivos/programas/arduino-1.5.6/hardware/tools/g++_arm_none_eabi/bin/../lib/gcc/arm-none-eabi/4.4.1/../../../../arm-none-eabi/lib/thumb2\libc.a(lib_a-signal.o)
                0x00085240                _raise_r
                0x00085298                raise
                0x000852a8                _init_signal_r
                0x000852d0                _init_signal
                0x000852dc                __sigtramp_r
                0x00085330                __sigtramp
                0x00085340                _signal_r
                0x0008537c                signal
 .text          0x0008538c       0x30 c:/users/monkey/documents/archivos/programas/arduino-1.5.6/hardware/tools/g++_arm_none_eabi/bin/../lib/gcc/arm-none-eabi/4.4.1/../../../../arm-none-eabi/lib/thumb2\libc.a(lib_a-signalr.o)
                0x0008538c                _getpid_r
                0x00085390                _kill_r
 .text          0x000853bc       0x90 c:/users/monkey/documents/archivos/programas/arduino-1.5.6/hardware/tools/g++_arm_none_eabi/bin/../lib/gcc/arm-none-eabi/4.4.1/../../../../arm-none-eabi/lib/thumb2\libc.a(lib_a-stdio.o)
                0x000853bc                __sclose
                0x000853c4                __sseek
                0x000853ec                __swrite
                0x00085428                __sread
 .text          0x0008544c       0x2c c:/users/monkey/documents/archivos/programas/arduino-1.5.6/hardware/tools/g++_arm_none_eabi/bin/../lib/gcc/arm-none-eabi/4.4.1/../../../../arm-none-eabi/lib/thumb2\libc.a(lib_a-writer.o)
                0x0008544c                _write_r
 .text          0x00085478       0x28 c:/users/monkey/documents/archivos/programas/arduino-1.5.6/hardware/tools/g++_arm_none_eabi/bin/../lib/gcc/arm-none-eabi/4.4.1/../../../../arm-none-eabi/lib/thumb2\libc.a(lib_a-closer.o)
                0x00085478                _close_r
 .text          0x000854a0       0xcc c:/users/monkey/documents/archivos/programas/arduino-1.5.6/hardware/tools/g++_arm_none_eabi/bin/../lib/gcc/arm-none-eabi/4.4.1/../../../../arm-none-eabi/lib/thumb2\libc.a(lib_a-fclose.o)
                0x000854a0                _fclose_r
                0x0008555c                fclose
 .text          0x0008556c       0x2c c:/users/monkey/documents/archivos/programas/arduino-1.5.6/hardware/tools/g++_arm_none_eabi/bin/../lib/gcc/arm-none-eabi/4.4.1/../../../../arm-none-eabi/lib/thumb2\libc.a(lib_a-fstatr.o)
                0x0008556c                _fstat_r
 .text          0x00085598       0x28 c:/users/monkey/documents/archivos/programas/arduino-1.5.6/hardware/tools/g++_arm_none_eabi/bin/../lib/gcc/arm-none-eabi/4.4.1/../../../../arm-none-eabi/lib/thumb2\libc.a(lib_a-isattyr.o)
                0x00085598                _isatty_r
 .text          0x000855c0       0x2c c:/users/monkey/documents/archivos/programas/arduino-1.5.6/hardware/tools/g++_arm_none_eabi/bin/../lib/gcc/arm-none-eabi/4.4.1/../../../../arm-none-eabi/lib/thumb2\libc.a(lib_a-lseekr.o)
                0x000855c0                _lseek_r
 .text          0x000855ec       0x2c c:/users/monkey/documents/archivos/programas/arduino-1.5.6/hardware/tools/g++_arm_none_eabi/bin/../lib/gcc/arm-none-eabi/4.4.1/../../../../arm-none-eabi/lib/thumb2\libc.a(lib_a-readr.o)
                0x000855ec                _read_r
 .text          0x00085618       0x2c c:/users/monkey/documents/archivos/programas/arduino-1.5.6/hardware/tools/g++_arm_none_eabi/bin/../lib/gcc/arm-none-eabi/4.4.1/thumb2\libgcc.a(_aeabi_uldivmod.o)
                0x00085618                __aeabi_uldivmod
 .text          0x00085644       0x58 c:/users/monkey/documents/archivos/programas/arduino-1.5.6/hardware/tools/g++_arm_none_eabi/bin/../lib/gcc/arm-none-eabi/4.4.1/thumb2\libgcc.a(bpabi.o)
                0x00085644                __gnu_uldivmod_helper
                0x00085670                __gnu_ldivmod_helper
 .text          0x0008569c        0x4 c:/users/monkey/documents/archivos/programas/arduino-1.5.6/hardware/tools/g++_arm_none_eabi/bin/../lib/gcc/arm-none-eabi/4.4.1/thumb2\libgcc.a(_dvmd_tls.o)
                0x0008569c                __aeabi_idiv0
                0x0008569c                __aeabi_ldiv0
 .text          0x000856a0      0x364 c:/users/monkey/documents/archivos/programas/arduino-1.5.6/hardware/tools/g++_arm_none_eabi/bin/../lib/gcc/arm-none-eabi/4.4.1/thumb2\libgcc.a(_divdi3.o)
                0x000856a0                __divdi3
 .text          0x00085a04      0x300 c:/users/monkey/documents/archivos/programas/arduino-1.5.6/hardware/tools/g++_arm_none_eabi/bin/../lib/gcc/arm-none-eabi/4.4.1/thumb2\libgcc.a(_udivdi3.o)
                0x00085a04                __udivdi3
 *fill*         0x00085d04        0x4 00
 .text          0x00085d08      0x278 c:/users/monkey/documents/archivos/programas/arduino-1.5.6/hardware/tools/g++_arm_none_eabi/bin/../lib/gcc/arm-none-eabi/4.4.1/thumb2\libgcc.a(_udivsi3.o)
                0x00085d08                __aeabi_uidiv
                0x00085d08                __udivsi3
                0x00085f64                __aeabi_uidivmod
 *(.glue_7t)
 .glue_7t       0x00000000        0x0 linker stubs
 *(.glue_7)
 .glue_7        0x00000000        0x0 linker stubs
 *(.rodata .rodata* .gnu.linkonce.r.*)
 .rodata.str1.1
                0x00085f80       0x19 C:\Users\monkey\AppData\Local\VMicro\Arduino\Builds\Arduino\arduino_due_x_dbg/syscalls_sam3.c.o
 *fill*         0x00085f99        0x3 00
 .rodata._ZZ5setupE4C.40
                0x00085f9c        0xc C:\Users\monkey\AppData\Local\VMicro\Arduino\Builds\Arduino\arduino_due_x_dbg\Arduino.cpp.o
 .rodata._ZZ5setupE4C.41
                0x00085fa8        0xc C:\Users\monkey\AppData\Local\VMicro\Arduino\Builds\Arduino\arduino_due_x_dbg\Arduino.cpp.o
 .rodata._ZZ5setupE4C.42
                0x00085fb4       0x18 C:\Users\monkey\AppData\Local\VMicro\Arduino\Builds\Arduino\arduino_due_x_dbg\Arduino.cpp.o
 .rodata._ZZ5setupE4C.39
                0x00085fcc        0xc C:\Users\monkey\AppData\Local\VMicro\Arduino\Builds\Arduino\arduino_due_x_dbg\Arduino.cpp.o
 .rodata._ZZ5setupE4C.44
                0x00085fd8       0x18 C:\Users\monkey\AppData\Local\VMicro\Arduino\Builds\Arduino\arduino_due_x_dbg\Arduino.cpp.o
 .rodata._ZZ5setupE4C.38
                0x00085ff0        0x4 C:\Users\monkey\AppData\Local\VMicro\Arduino\Builds\Arduino\arduino_due_x_dbg\Arduino.cpp.o
 *fill*         0x00085ff4        0x4 00
 .rodata._ZTV7TwoWire
                0x00085ff8       0x20 C:\Users\monkey\AppData\Local\VMicro\Arduino\Builds\Arduino\arduino_due_x_dbg\Wire\Wire.cpp.o
                0x00085ff8                vtable for TwoWire
 .rodata.__func__.7038
                0x00086018        0xe C:\Users\monkey\Documents\Archivos\Programas\arduino-1.5.6\hardware\arduino\sam\variants\arduino_due_x/libsam_sam3x8e_gcc_rel.a(twi.o)
 .rodata.__func__.7060
                0x00086026        0xd C:\Users\monkey\Documents\Archivos\Programas\arduino-1.5.6\hardware\arduino\sam\variants\arduino_due_x/libsam_sam3x8e_gcc_rel.a(twi.o)
 .rodata.__func__.7065
                0x00086033        0xe C:\Users\monkey\Documents\Archivos\Programas\arduino-1.5.6\hardware\arduino\sam\variants\arduino_due_x/libsam_sam3x8e_gcc_rel.a(twi.o)
 .rodata.str1.1
                0x00086041       0xb4 C:\Users\monkey\Documents\Archivos\Programas\arduino-1.5.6\hardware\arduino\sam\variants\arduino_due_x/libsam_sam3x8e_gcc_rel.a(twi.o)
 .rodata.__func__.7069
                0x000860f5        0xe C:\Users\monkey\Documents\Archivos\Programas\arduino-1.5.6\hardware\arduino\sam\variants\arduino_due_x/libsam_sam3x8e_gcc_rel.a(twi.o)
 .rodata.__func__.7033
                0x00086103        0xd C:\Users\monkey\Documents\Archivos\Programas\arduino-1.5.6\hardware\arduino\sam\variants\arduino_due_x/libsam_sam3x8e_gcc_rel.a(twi.o)
 .rodata.channelToChNo.6905
                0x00086110       0x48 C:\Users\monkey\AppData\Local\VMicro\Arduino\Builds\Arduino\arduino_due_x_dbg/core.a(wiring_analog.c.o)
 .rodata.channelToId.6908
                0x00086158       0x48 C:\Users\monkey\AppData\Local\VMicro\Arduino\Builds\Arduino\arduino_due_x_dbg/core.a(wiring_analog.c.o)
 .rodata.channelToTC.6907
                0x000861a0       0x48 C:\Users\monkey\AppData\Local\VMicro\Arduino\Builds\Arduino\arduino_due_x_dbg/core.a(wiring_analog.c.o)
 .rodata.channelToAB.6906
                0x000861e8       0x48 C:\Users\monkey\AppData\Local\VMicro\Arduino\Builds\Arduino\arduino_due_x_dbg/core.a(wiring_analog.c.o)
 .rodata._ZTV9UARTClass
                0x00086230       0x30 C:\Users\monkey\AppData\Local\VMicro\Arduino\Builds\Arduino\arduino_due_x_dbg/core.a(UARTClass.cpp.o)
                0x00086230                vtable for UARTClass
 .rodata.USB_DeviceDescriptorA
                0x00086260       0x14 C:\Users\monkey\AppData\Local\VMicro\Arduino\Builds\Arduino\arduino_due_x_dbg/core.a(USBCore.cpp.o)
                0x00086260                USB_DeviceDescriptorA
 .rodata.USB_DeviceDescriptor
                0x00086274       0x14 C:\Users\monkey\AppData\Local\VMicro\Arduino\Builds\Arduino\arduino_due_x_dbg/core.a(USBCore.cpp.o)
                0x00086274                USB_DeviceDescriptor
 .rodata._ZL9EndPoints
                0x00086288       0x14 C:\Users\monkey\AppData\Local\VMicro\Arduino\Builds\Arduino\arduino_due_x_dbg/core.a(USBCore.cpp.o)
 .rodata.STRING_LANGUAGE
                0x0008629c        0x4 C:\Users\monkey\AppData\Local\VMicro\Arduino\Builds\Arduino\arduino_due_x_dbg/core.a(USBCore.cpp.o)
                0x0008629c                STRING_LANGUAGE
 .rodata._ZL18test_packet_buffer
                0x000862a0       0x38 C:\Users\monkey\AppData\Local\VMicro\Arduino\Builds\Arduino\arduino_due_x_dbg/core.a(USBCore.cpp.o)
 .rodata.STRING_PRODUCT
                0x000862d8        0xc C:\Users\monkey\AppData\Local\VMicro\Arduino\Builds\Arduino\arduino_due_x_dbg/core.a(USBCore.cpp.o)
                0x000862d8                STRING_PRODUCT
 .rodata.STRING_MANUFACTURER
                0x000862e4        0xc C:\Users\monkey\AppData\Local\VMicro\Arduino\Builds\Arduino\arduino_due_x_dbg/core.a(USBCore.cpp.o)
                0x000862e4                STRING_MANUFACTURER
 .rodata._ZL19USB_DeviceQualifier
                0x000862f0       0x14 C:\Users\monkey\AppData\Local\VMicro\Arduino\Builds\Arduino\arduino_due_x_dbg/core.a(USBCore.cpp.o)
 .rodata.g_APinDescription
                0x00086304      0xa2c C:\Users\monkey\AppData\Local\VMicro\Arduino\Builds\Arduino\arduino_due_x_dbg/core.a(variant.cpp.o)
                0x00086304                g_APinDescription
 .rodata._ZTV10USARTClass
                0x00086d30       0x30 C:\Users\monkey\AppData\Local\VMicro\Arduino\Builds\Arduino\arduino_due_x_dbg/core.a(USARTClass.cpp.o)
                0x00086d30                vtable for USARTClass
 .rodata._ZTV7Serial_
                0x00086d60       0x28 C:\Users\monkey\AppData\Local\VMicro\Arduino\Builds\Arduino\arduino_due_x_dbg/core.a(CDC.cpp.o)
                0x00086d60                vtable for Serial_
 .rodata._ZL18_cdcOtherInterface
                0x00086d88       0x44 C:\Users\monkey\AppData\Local\VMicro\Arduino\Builds\Arduino\arduino_due_x_dbg/core.a(CDC.cpp.o)
 .rodata._ZL13_cdcInterface
                0x00086dcc       0x44 C:\Users\monkey\AppData\Local\VMicro\Arduino\Builds\Arduino\arduino_due_x_dbg/core.a(CDC.cpp.o)
 .rodata._ZTV9Keyboard_
                0x00086e10       0x20 C:\Users\monkey\AppData\Local\VMicro\Arduino\Builds\Arduino\arduino_due_x_dbg/core.a(HID.cpp.o)
                0x00086e10                vtable for Keyboard_
 .rodata._asciimap
                0x00086e30       0x80 C:\Users\monkey\AppData\Local\VMicro\Arduino\Builds\Arduino\arduino_due_x_dbg/core.a(HID.cpp.o)
                0x00086e30                _asciimap
 .rodata._hidInterface
                0x00086eb0       0x1c C:\Users\monkey\AppData\Local\VMicro\Arduino\Builds\Arduino\arduino_due_x_dbg/core.a(HID.cpp.o)
                0x00086eb0                _hidInterface
 .rodata._hidReportDescriptor
                0x00086ecc       0x68 C:\Users\monkey\AppData\Local\VMicro\Arduino\Builds\Arduino\arduino_due_x_dbg/core.a(HID.cpp.o)
                0x00086ecc                _hidReportDescriptor
 .rodata.__func__.6668
                0x00086f34       0x15 C:\Users\monkey\Documents\Archivos\Programas\arduino-1.5.6\hardware\arduino\sam\variants\arduino_due_x/libsam_sam3x8e_gcc_rel.a(pwmc.o)
 .rodata.str1.1
                0x00086f49      0x1cc C:\Users\monkey\Documents\Archivos\Programas\arduino-1.5.6\hardware\arduino\sam\variants\arduino_due_x/libsam_sam3x8e_gcc_rel.a(pwmc.o)
 .rodata.__func__.6679
                0x00087115       0x12 C:\Users\monkey\Documents\Archivos\Programas\arduino-1.5.6\hardware\arduino\sam\variants\arduino_due_x/libsam_sam3x8e_gcc_rel.a(pwmc.o)
 .rodata.__func__.6631
                0x00087127       0x17 C:\Users\monkey\Documents\Archivos\Programas\arduino-1.5.6\hardware\arduino\sam\variants\arduino_due_x/libsam_sam3x8e_gcc_rel.a(pwmc.o)
 *fill*         0x0008713e        0x2 00
 .rodata.C.9.8049
                0x00087140       0x2c C:\Users\monkey\Documents\Archivos\Programas\arduino-1.5.6\hardware\arduino\sam\variants\arduino_due_x/libsam_sam3x8e_gcc_rel.a(pwmc.o)
 .rodata.__func__.6642
                0x0008716c       0x16 C:\Users\monkey\Documents\Archivos\Programas\arduino-1.5.6\hardware\arduino\sam\variants\arduino_due_x/libsam_sam3x8e_gcc_rel.a(pwmc.o)
 .rodata.str1.1
                0x00087182       0x54 C:\Users\monkey\Documents\Archivos\Programas\arduino-1.5.6\hardware\arduino\sam\variants\arduino_due_x/libsam_sam3x8e_gcc_rel.a(tc.o)
 .rodata.__func__.6630
                0x000871d6        0xd C:\Users\monkey\Documents\Archivos\Programas\arduino-1.5.6\hardware\arduino\sam\variants\arduino_due_x/libsam_sam3x8e_gcc_rel.a(tc.o)
 .rodata.__func__.6636
                0x000871e3        0x9 C:\Users\monkey\Documents\Archivos\Programas\arduino-1.5.6\hardware\arduino\sam\variants\arduino_due_x/libsam_sam3x8e_gcc_rel.a(tc.o)
 .rodata.C.0.8141
                0x000871ec       0x40 C:\Users\monkey\Documents\Archivos\Programas\arduino-1.5.6\hardware\arduino\sam\variants\arduino_due_x/libsam_sam3x8e_gcc_rel.a(adc.o)
 .rodata.str1.4
                0x0008722c       0x3f c:/users/monkey/documents/archivos/programas/arduino-1.5.6/hardware/tools/g++_arm_none_eabi/bin/../lib/gcc/arm-none-eabi/4.4.1/../../../../arm-none-eabi/lib/thumb2\libc.a(lib_a-assert.o)
                                 0x44 (size before relaxing)
 *fill*         0x0008726b        0x1 00
 .rodata        0x0008726c        0x4 c:/users/monkey/documents/archivos/programas/arduino-1.5.6/hardware/tools/g++_arm_none_eabi/bin/../lib/gcc/arm-none-eabi/4.4.1/../../../../arm-none-eabi/lib/thumb2\libc.a(lib_a-impure.o)
                0x0008726c                _global_impure_ptr
 .rodata.str1.4
                0x00087270        0x2 c:/users/monkey/documents/archivos/programas/arduino-1.5.6/hardware/tools/g++_arm_none_eabi/bin/../lib/gcc/arm-none-eabi/4.4.1/../../../../arm-none-eabi/lib/thumb2\libc.a(lib_a-impure.o)
                                  0x4 (size before relaxing)
 *fill*         0x00087272        0x2 00
 .rodata        0x00087274       0x20 c:/users/monkey/documents/archivos/programas/arduino-1.5.6/hardware/tools/g++_arm_none_eabi/bin/../lib/gcc/arm-none-eabi/4.4.1/../../../../arm-none-eabi/lib/thumb2\libc.a(lib_a-vfiprintf.o)
 .rodata.str1.4
                0x00087294       0x30 c:/users/monkey/documents/archivos/programas/arduino-1.5.6/hardware/tools/g++_arm_none_eabi/bin/../lib/gcc/arm-none-eabi/4.4.1/../../../../arm-none-eabi/lib/thumb2\libc.a(lib_a-vfiprintf.o)
 .rodata        0x000872c4       0x60 c:/users/monkey/documents/archivos/programas/arduino-1.5.6/hardware/tools/g++_arm_none_eabi/bin/../lib/gcc/arm-none-eabi/4.4.1/../../../../arm-none-eabi/lib/thumb2\libc.a(lib_a-findfp.o)
                0x000872c4                __sf_fake_stdin
                0x000872e4                __sf_fake_stdout
                0x00087304                __sf_fake_stderr
 *(.ARM.extab* .gnu.linkonce.armextab.*)
                0x00087324                . = ALIGN (0x4)
 *(.init)
 .init          0x00087324        0x4 c:/users/monkey/documents/archivos/programas/arduino-1.5.6/hardware/tools/g++_arm_none_eabi/bin/../lib/gcc/arm-none-eabi/4.4.1/thumb2/crti.o
                0x00087324                _init
 .init          0x00087328        0x8 c:/users/monkey/documents/archivos/programas/arduino-1.5.6/hardware/tools/g++_arm_none_eabi/bin/../lib/gcc/arm-none-eabi/4.4.1/thumb2/crtn.o
                0x00087330                . = ALIGN (0x4)
                0x00087330                __preinit_array_start = .
 *(.preinit_array)
                0x00087330                __preinit_array_end = .
                0x00087330                . = ALIGN (0x4)
                0x00087330                __init_array_start = .
 *(SORT(.init_array.*))
 *(.init_array)
 .init_array    0x00087330        0x4 c:/users/monkey/documents/archivos/programas/arduino-1.5.6/hardware/tools/g++_arm_none_eabi/bin/../lib/gcc/arm-none-eabi/4.4.1/thumb2/crtbegin.o
 .init_array    0x00087334        0x4 C:\Users\monkey\AppData\Local\VMicro\Arduino\Builds\Arduino\arduino_due_x_dbg\Wire\Wire.cpp.o
 .init_array    0x00087338        0x4 C:\Users\monkey\AppData\Local\VMicro\Arduino\Builds\Arduino\arduino_due_x_dbg/core.a(USBCore.cpp.o)
 .init_array    0x0008733c        0x4 C:\Users\monkey\AppData\Local\VMicro\Arduino\Builds\Arduino\arduino_due_x_dbg/core.a(variant.cpp.o)
 .init_array    0x00087340        0x4 C:\Users\monkey\AppData\Local\VMicro\Arduino\Builds\Arduino\arduino_due_x_dbg/core.a(CDC.cpp.o)
 .init_array    0x00087344        0x4 C:\Users\monkey\AppData\Local\VMicro\Arduino\Builds\Arduino\arduino_due_x_dbg/core.a(HID.cpp.o)
                0x00087348                __init_array_end = .
                0x00087348                . = ALIGN (0x4)
 *crtbegin.o(.ctors)
 *(EXCLUDE_FILE(*crtend.o) .ctors)
 *(SORT(.ctors.*))
 *crtend.o(.ctors)
                0x00087348                . = ALIGN (0x4)
 *(.fini)
 .fini          0x00087348        0x4 c:/users/monkey/documents/archivos/programas/arduino-1.5.6/hardware/tools/g++_arm_none_eabi/bin/../lib/gcc/arm-none-eabi/4.4.1/thumb2/crti.o
                0x00087348                _fini
 .fini          0x0008734c        0x8 c:/users/monkey/documents/archivos/programas/arduino-1.5.6/hardware/tools/g++_arm_none_eabi/bin/../lib/gcc/arm-none-eabi/4.4.1/thumb2/crtn.o
                0x00087354                . = ALIGN (0x4)
                0x00087354                __fini_array_start = .
 *(.fini_array)
 .fini_array    0x00087354        0x4 c:/users/monkey/documents/archivos/programas/arduino-1.5.6/hardware/tools/g++_arm_none_eabi/bin/../lib/gcc/arm-none-eabi/4.4.1/thumb2/crtbegin.o
 *(SORT(.fini_array.*))
                0x00087358                __fini_array_end = .
 *crtbegin.o(.dtors)
 *(EXCLUDE_FILE(*crtend.o) .dtors)
 *(SORT(.dtors.*))
 *crtend.o(.dtors)
                0x00087358                . = ALIGN (0x4)
                0x00087358                _efixed = .
                0x00087358                PROVIDE (__exidx_start, .)

.jcr            0x00087358        0x0
 .jcr           0x00087358        0x0 c:/users/monkey/documents/archivos/programas/arduino-1.5.6/hardware/tools/g++_arm_none_eabi/bin/../lib/gcc/arm-none-eabi/4.4.1/thumb2/crtbegin.o

.vfp11_veneer   0x00087358        0x0
 .vfp11_veneer  0x00000000        0x0 linker stubs

.v4_bx          0x00087358        0x0
 .v4_bx         0x00000000        0x0 linker stubs

.ARM.exidx      0x00087358        0x8
 *(.ARM.exidx* .gnu.linkonce.armexidx.*)
 .ARM.exidx     0x00087358        0x8 c:/users/monkey/documents/archivos/programas/arduino-1.5.6/hardware/tools/g++_arm_none_eabi/bin/../lib/gcc/arm-none-eabi/4.4.1/thumb2\libgcc.a(_divdi3.o)
 .ARM.exidx     0x00087360        0x0 c:/users/monkey/documents/archivos/programas/arduino-1.5.6/hardware/tools/g++_arm_none_eabi/bin/../lib/gcc/arm-none-eabi/4.4.1/thumb2\libgcc.a(_udivdi3.o)
                                  0x8 (size before relaxing)
                0x00087360                PROVIDE (__exidx_end, .)
                0x00087360                . = ALIGN (0x4)
                0x00087360                _etext = .

.relocate       0x20070000      0x554 load address 0x00087360
                0x20070000                . = ALIGN (0x4)
                0x20070000                _srelocate = .
 *(.ramfunc .ramfunc.*)
 .ramfunc       0x20070000       0x34 C:\Users\monkey\AppData\Local\VMicro\Arduino\Builds\Arduino\arduino_due_x_dbg/core.a(Reset.cpp.o)
                0x20070000                banzai
 *(.data .data.*)
 .data._writeResolution
                0x20070034        0x4 C:\Users\monkey\AppData\Local\VMicro\Arduino\Builds\Arduino\arduino_due_x_dbg/core.a(wiring_analog.c.o)
 .data._ZL5ticks
                0x20070038        0x4 C:\Users\monkey\AppData\Local\VMicro\Arduino\Builds\Arduino\arduino_due_x_dbg/core.a(Reset.cpp.o)
 .data._ZL12_usbLineInfo
                0x2007003c        0x8 C:\Users\monkey\AppData\Local\VMicro\Arduino\Builds\Arduino\arduino_due_x_dbg/core.a(CDC.cpp.o)
 .data._hid_protocol
                0x20070044        0x1 C:\Users\monkey\AppData\Local\VMicro\Arduino\Builds\Arduino\arduino_due_x_dbg/core.a(HID.cpp.o)
                0x20070044                _hid_protocol
 .data._hid_idle
                0x20070045        0x1 C:\Users\monkey\AppData\Local\VMicro\Arduino\Builds\Arduino\arduino_due_x_dbg/core.a(HID.cpp.o)
                0x20070045                _hid_idle
 *fill*         0x20070046        0x2 00
 .data.SystemCoreClock
                0x20070048        0x4 C:\Users\monkey\Documents\Archivos\Programas\arduino-1.5.6\hardware\arduino\sam\variants\arduino_due_x/libsam_sam3x8e_gcc_rel.a(system_sam3xa.o)
                0x20070048                SystemCoreClock
 .data.g_interrupt_enabled
                0x2007004c        0x4 C:\Users\monkey\Documents\Archivos\Programas\arduino-1.5.6\hardware\arduino\sam\variants\arduino_due_x/libsam_sam3x8e_gcc_rel.a(interrupt_sam_nvic.o)
                0x2007004c                g_interrupt_enabled
 .data          0x20070050       0xf4 c:/users/monkey/documents/archivos/programas/arduino-1.5.6/hardware/tools/g++_arm_none_eabi/bin/../lib/gcc/arm-none-eabi/4.4.1/../../../../arm-none-eabi/lib/thumb2\libc.a(lib_a-impure.o)
                0x20070050                _impure_ptr
 .data          0x20070144      0x410 c:/users/monkey/documents/archivos/programas/arduino-1.5.6/hardware/tools/g++_arm_none_eabi/bin/../lib/gcc/arm-none-eabi/4.4.1/../../../../arm-none-eabi/lib/thumb2\libc.a(lib_a-mallocr.o)
                0x20070144                __malloc_av_
                0x2007054c                __malloc_sbrk_base
                0x20070550                __malloc_trim_threshold
                0x20070554                . = ALIGN (0x4)
                0x20070554                _erelocate = .

.bss            0x20070554      0x6b8 load address 0x000878b4
                0x20070554                . = ALIGN (0x4)
                0x20070554                _sbss = .
                0x20070554                _szero = .
 *(.bss .bss.*)
 .bss           0x20070554        0x1 c:/users/monkey/documents/archivos/programas/arduino-1.5.6/hardware/tools/g++_arm_none_eabi/bin/../lib/gcc/arm-none-eabi/4.4.1/thumb2/crtbegin.o
 *fill*         0x20070555        0x3 00
 .bss.heap.3798
                0x20070558        0x4 C:\Users\monkey\AppData\Local\VMicro\Arduino\Builds\Arduino\arduino_due_x_dbg/syscalls_sam3.c.o
 .bss.blueLeds  0x2007055c        0x4 C:\Users\monkey\AppData\Local\VMicro\Arduino\Builds\Arduino\arduino_due_x_dbg\Arduino.cpp.o
                0x2007055c                blueLeds
 .bss.middleSensor
                0x20070560        0xc C:\Users\monkey\AppData\Local\VMicro\Arduino\Builds\Arduino\arduino_due_x_dbg\Arduino.cpp.o
                0x20070560                middleSensor
 .bss.leds      0x2007056c        0xc C:\Users\monkey\AppData\Local\VMicro\Arduino\Builds\Arduino\arduino_due_x_dbg\Arduino.cpp.o
                0x2007056c                leds
 .bss.frontSensorValue
                0x20070578       0x30 C:\Users\monkey\AppData\Local\VMicro\Arduino\Builds\Arduino\arduino_due_x_dbg\Arduino.cpp.o
                0x20070578                frontSensorValue
 .bss.sensorValues
                0x200705a8        0x4 C:\Users\monkey\AppData\Local\VMicro\Arduino\Builds\Arduino\arduino_due_x_dbg\Arduino.cpp.o
                0x200705a8                sensorValues
 .bss.sensorAux
                0x200705ac       0x30 C:\Users\monkey\AppData\Local\VMicro\Arduino\Builds\Arduino\arduino_due_x_dbg\Arduino.cpp.o
                0x200705ac                sensorAux
 .bss.middleSensorAux
                0x200705dc        0xc C:\Users\monkey\AppData\Local\VMicro\Arduino\Builds\Arduino\arduino_due_x_dbg\Arduino.cpp.o
                0x200705dc                middleSensorAux
 .bss.sensorLeido
                0x200705e8        0xc C:\Users\monkey\AppData\Local\VMicro\Arduino\Builds\Arduino\arduino_due_x_dbg\Arduino.cpp.o
                0x200705e8                sensorLeido
 .bss.frontSensorBool
                0x200705f4        0xc C:\Users\monkey\AppData\Local\VMicro\Arduino\Builds\Arduino\arduino_due_x_dbg\Arduino.cpp.o
                0x200705f4                frontSensorBool
 .bss.frontSensor
                0x20070600        0xc C:\Users\monkey\AppData\Local\VMicro\Arduino\Builds\Arduino\arduino_due_x_dbg\Arduino.cpp.o
                0x20070600                frontSensor
 .bss.Wire1     0x2007060c       0x8c C:\Users\monkey\AppData\Local\VMicro\Arduino\Builds\Arduino\arduino_due_x_dbg\Wire\Wire.cpp.o
                0x2007060c                Wire1
 .bss.Wire      0x20070698       0x8c C:\Users\monkey\AppData\Local\VMicro\Arduino\Builds\Arduino\arduino_due_x_dbg\Wire\Wire.cpp.o
                0x20070698                Wire
 .bss.gpf_isr   0x20070724        0x4 C:\Users\monkey\Documents\Archivos\Programas\arduino-1.5.6\hardware\arduino\sam\variants\arduino_due_x/libsam_sam3x8e_gcc_rel.a(uotghs.o)
                0x20070724                gpf_isr
 .bss.PWMEnabled
                0x20070728        0x1 C:\Users\monkey\AppData\Local\VMicro\Arduino\Builds\Arduino\arduino_due_x_dbg/core.a(wiring_analog.c.o)
 *fill*         0x20070729        0x3 00
 .bss.pinEnabled
                0x2007072c       0x50 C:\Users\monkey\AppData\Local\VMicro\Arduino\Builds\Arduino\arduino_due_x_dbg/core.a(wiring_analog.c.o)
 .bss.TCChanEnabled
                0x2007077c        0xc C:\Users\monkey\AppData\Local\VMicro\Arduino\Builds\Arduino\arduino_due_x_dbg/core.a(wiring_analog.c.o)
 .bss._ZL14isEndpointHalt
                0x20070788        0x1 C:\Users\monkey\AppData\Local\VMicro\Arduino\Builds\Arduino\arduino_due_x_dbg/core.a(USBCore.cpp.o)
 *fill*         0x20070789        0x3 00
 .bss._cmark    0x2007078c        0x4 C:\Users\monkey\AppData\Local\VMicro\Arduino\Builds\Arduino\arduino_due_x_dbg/core.a(USBCore.cpp.o)
                0x2007078c                _cmark
 .bss._cend     0x20070790        0x4 C:\Users\monkey\AppData\Local\VMicro\Arduino\Builds\Arduino\arduino_due_x_dbg/core.a(USBCore.cpp.o)
                0x20070790                _cend
 .bss._cdcComposite
                0x20070794        0x4 C:\Users\monkey\AppData\Local\VMicro\Arduino\Builds\Arduino\arduino_due_x_dbg/core.a(USBCore.cpp.o)
                0x20070794                _cdcComposite
 .bss._usbInitialized
                0x20070798        0x4 C:\Users\monkey\AppData\Local\VMicro\Arduino\Builds\Arduino\arduino_due_x_dbg/core.a(USBCore.cpp.o)
                0x20070798                _usbInitialized
 .bss.USBDevice
                0x2007079c        0x4 C:\Users\monkey\AppData\Local\VMicro\Arduino\Builds\Arduino\arduino_due_x_dbg/core.a(USBCore.cpp.o)
                0x2007079c                USBDevice
 .bss._usbSetInterface
                0x200707a0        0x4 C:\Users\monkey\AppData\Local\VMicro\Arduino\Builds\Arduino\arduino_due_x_dbg/core.a(USBCore.cpp.o)
                0x200707a0                _usbSetInterface
 .bss._ZL21isRemoteWakeUpEnabled
                0x200707a4        0x1 C:\Users\monkey\AppData\Local\VMicro\Arduino\Builds\Arduino\arduino_due_x_dbg/core.a(USBCore.cpp.o)
 *fill*         0x200707a5        0x3 00
 .bss._usbConfiguration
                0x200707a8        0x4 C:\Users\monkey\AppData\Local\VMicro\Arduino\Builds\Arduino\arduino_due_x_dbg/core.a(USBCore.cpp.o)
                0x200707a8                _usbConfiguration
 .bss.Serial    0x200707ac       0x20 C:\Users\monkey\AppData\Local\VMicro\Arduino\Builds\Arduino\arduino_due_x_dbg/core.a(variant.cpp.o)
                0x200707ac                Serial
 .bss.rx_buffer1
                0x200707cc       0x48 C:\Users\monkey\AppData\Local\VMicro\Arduino\Builds\Arduino\arduino_due_x_dbg/core.a(variant.cpp.o)
                0x200707cc                rx_buffer1
 .bss.Serial1   0x20070814       0x20 C:\Users\monkey\AppData\Local\VMicro\Arduino\Builds\Arduino\arduino_due_x_dbg/core.a(variant.cpp.o)
                0x20070814                Serial1
 .bss.Serial2   0x20070834       0x20 C:\Users\monkey\AppData\Local\VMicro\Arduino\Builds\Arduino\arduino_due_x_dbg/core.a(variant.cpp.o)
                0x20070834                Serial2
 .bss.Serial3   0x20070854       0x20 C:\Users\monkey\AppData\Local\VMicro\Arduino\Builds\Arduino\arduino_due_x_dbg/core.a(variant.cpp.o)
                0x20070854                Serial3
 .bss.rx_buffer2
                0x20070874       0x48 C:\Users\monkey\AppData\Local\VMicro\Arduino\Builds\Arduino\arduino_due_x_dbg/core.a(variant.cpp.o)
                0x20070874                rx_buffer2
 .bss.rx_buffer3
                0x200708bc       0x48 C:\Users\monkey\AppData\Local\VMicro\Arduino\Builds\Arduino\arduino_due_x_dbg/core.a(variant.cpp.o)
                0x200708bc                rx_buffer3
 .bss.rx_buffer4
                0x20070904       0x48 C:\Users\monkey\AppData\Local\VMicro\Arduino\Builds\Arduino\arduino_due_x_dbg/core.a(variant.cpp.o)
                0x20070904                rx_buffer4
 .bss.cdc_rx_buffer
                0x2007094c      0x208 C:\Users\monkey\AppData\Local\VMicro\Arduino\Builds\Arduino\arduino_due_x_dbg/core.a(CDC.cpp.o)
                0x2007094c                cdc_rx_buffer
 .bss._ZZN7Serial_6acceptEvE5guard
                0x20070b54        0x4 C:\Users\monkey\AppData\Local\VMicro\Arduino\Builds\Arduino\arduino_due_x_dbg/core.a(CDC.cpp.o)
 .bss.SerialUSB
                0x20070b58       0x14 C:\Users\monkey\AppData\Local\VMicro\Arduino\Builds\Arduino\arduino_due_x_dbg/core.a(CDC.cpp.o)
                0x20070b58                SerialUSB
 .bss.Mouse     0x20070b6c        0x4 C:\Users\monkey\AppData\Local\VMicro\Arduino\Builds\Arduino\arduino_due_x_dbg/core.a(HID.cpp.o)
                0x20070b6c                Mouse
 .bss.Keyboard  0x20070b70       0x10 C:\Users\monkey\AppData\Local\VMicro\Arduino\Builds\Arduino\arduino_due_x_dbg/core.a(HID.cpp.o)
                0x20070b70                Keyboard
 .bss._dwTickCount
                0x20070b80        0x4 C:\Users\monkey\Documents\Archivos\Programas\arduino-1.5.6\hardware\arduino\sam\variants\arduino_due_x/libsam_sam3x8e_gcc_rel.a(timetick.o)
 .bss.ul_recv_fifo_ptr
                0x20070b84       0x28 C:\Users\monkey\Documents\Archivos\Programas\arduino-1.5.6\hardware\arduino\sam\variants\arduino_due_x/libsam_sam3x8e_gcc_rel.a(uotghs_device.o)
 .bss.ul_send_fifo_ptr
                0x20070bac       0x28 C:\Users\monkey\Documents\Archivos\Programas\arduino-1.5.6\hardware\arduino\sam\variants\arduino_due_x/libsam_sam3x8e_gcc_rel.a(uotghs_device.o)
 .bss           0x20070bd4       0x34 c:/users/monkey/documents/archivos/programas/arduino-1.5.6/hardware/tools/g++_arm_none_eabi/bin/../lib/gcc/arm-none-eabi/4.4.1/../../../../arm-none-eabi/lib/thumb2\libc.a(lib_a-mallocr.o)
                0x20070bd4                __malloc_top_pad
                0x20070bd8                __malloc_current_mallinfo
                0x20070c00                __malloc_max_sbrked_mem
                0x20070c04                __malloc_max_total_mem
 *(COMMON)
 COMMON         0x20070c08        0x4 c:/users/monkey/documents/archivos/programas/arduino-1.5.6/hardware/tools/g++_arm_none_eabi/bin/../lib/gcc/arm-none-eabi/4.4.1/../../../../arm-none-eabi/lib/thumb2\libc.a(lib_a-reent.o)
                0x20070c08                errno
                0x20070c0c                . = ALIGN (0x4)
                0x20070c0c                _ebss = .